MSBuild version 17.14.51+25f168cee for .NET Framework

  1>Checking Build System
  Building Custom Rule D:/a/zircon/zircon/kotek/external/nri/CMakeLists.txt
  Building Custom Rule D:/a/zircon/zircon/kotek/src/kotek.core.defines.static.cpp/CMakeLists.txt
  main_core_defines_static_cpp_dll.cpp
  Shared.cpp
  Building Custom Rule D:/a/zircon/zircon/kotek/src/kotek.core/tests/kotek.core.tests.plugin/CMakeLists.txt
  plugin_override_double.cpp
  building zircon_shaderpack (host tool)
  -- Building for: Visual Studio 17 2022
  -- Selecting Windows SDK version 10.0.26100.0 to target Windows 10.0.20348.
  -- The C compiler identification is MSVC 19.44.35228.0
  -- The CXX compiler identification is MSVC 19.44.35228.0
  -- Detecting C compiler ABI info
  NRI_Shared.vcxproj -> D:\a\zircon\zircon\build\lib\Debug\NRI_Shared.lib
  -- Detecting C compiler ABI info - done
  -- Check for working C compiler: C:/Program Files/Microsoft Visual Studio/2022/Enterprise/VC/Tools/MSVC/14.44.35207/bin/Hostx64/x64/cl.exe - skipped
  -- Detecting C compile features
  -- Detecting C compile features - done
  -- Detecting CXX compiler ABI info
  -- Detecting CXX compiler ABI info - done
  -- Check for working CXX compiler: C:/Program Files/Microsoft Visual Studio/2022/Enterprise/VC/Tools/MSVC/14.44.35207/bin/Hostx64/x64/cl.exe - skipped
  -- Detecting CXX compile features
  -- Detecting CXX compile features - done
  -- Configuring done (3.8s)
  -- Generating done (0.0s)
  -- Build files have been written to: D:/a/zircon/zircon/build/zircon_tools_shaderpack
  MSBuild version 17.14.51+25f168cee for .NET Framework
  
    1>Checking Build System
    Building Custom Rule D:/a/zircon/zircon/src/tools/zircon_shaderpack/CMakeLists.txt
    zircon_shaderpack.cpp
    zircon_shaderpack.vcxproj -> D:\a\zircon\zircon\build\zircon_tools_shaderpack\Debug\zircon_shaderpack.exe
    Building Custom Rule D:/a/zircon/zircon/src/tools/zircon_shaderpack/CMakeLists.txt
  Building Custom Rule D:/a/zircon/zircon/src/render/CMakeLists.txt
  slang: gizmo.fs -> bgfx/dx11 .bin (fxc)
  compilation object save succeeded; see D:\a\zircon\zircon\build\generated\shaders\gizmo.fs.dxbc
  [zircon_shaderpack]: D:/a/zircon/zircon/data_user/shader_cache/bgfx/dx11/gizmo.fs.bin: 724 bytes blob -> 764 bytes .bin (hashIn 0x00000000, hashOut 0x00000000, uniforms 1, cb 16 bytes)
  slang: gizmo.vs -> bgfx/dx11 .bin (fxc)
  compilation object save succeeded; see D:\a\zircon\zircon\build\generated\shaders\gizmo.vs.dxbc
  [zircon_shaderpack]: D:/a/zircon/zircon/data_user/shader_cache/bgfx/dx11/gizmo.vs.bin: 900 bytes blob -> 950 bytes .bin (hashIn 0x00000000, hashOut 0x00000000, uniforms 1, cb 64 bytes)
  slang: grid.fs -> bgfx/dx11 .bin (fxc)
  compilation object save succeeded; see D:\a\zircon\zircon\build\generated\shaders\grid.fs.dxbc
  [zircon_shaderpack]: D:/a/zircon/zircon/data_user/shader_cache/bgfx/dx11/grid.fs.bin: 2772 bytes blob -> 2840 bytes .bin (hashIn 0xbb20f104, hashOut 0x00000000, uniforms 2, cb 80 bytes)
  slang: grid.vs -> bgfx/dx11 .bin (fxc)
  compilation object save succeeded; see D:\a\zircon\zircon\build\generated\shaders\grid.vs.dxbc
  [zircon_shaderpack]: D:/a/zircon/zircon/data_user/shader_cache/bgfx/dx11/grid.vs.bin: 756 bytes blob -> 778 bytes .bin (hashIn 0x00000000, hashOut 0xbb20f104, uniforms 0, cb 0 bytes)
  slang: model_static.fs -> bgfx/dx11 .bin (fxc)
  compilation object save succeeded; see D:\a\zircon\zircon\build\generated\shaders\model_static.fs.dxbc
  [zircon_shaderpack]: D:/a/zircon/zircon/data_user/shader_cache/bgfx/dx11/model_static.fs.bin: 1620 bytes blob -> 1728 bytes .bin (hashIn 0xe0a75641, hashOut 0x00000000, uniforms 4, cb 64 bytes)
  slang: model_static.vs -> bgfx/dx11 .bin (fxc)
  compilation object save succeeded; see D:\a\zircon\zircon\build\generated\shaders\model_static.vs.dxbc
  [zircon_shaderpack]: D:/a/zircon/zircon/data_user/shader_cache/bgfx/dx11/model_static.vs.bin: 1440 bytes blob -> 1507 bytes .bin (hashIn 0x00000000, hashOut 0xe0a75641, uniforms 2, cb 128 bytes)
  slang: gizmo.fs -> bgfx/vulkan .bin + nri/dx12 .dxil
  [zircon_shaderpack]: D:/a/zircon/zircon/data_user/shader_cache/bgfx/vulkan/gizmo.fs.bin: 580 bytes blob -> 620 bytes .bin (hashIn 0x00000000, hashOut 0x00000000, uniforms 1, cb 16 bytes)
  slang: gizmo.vs -> bgfx/vulkan .bin + nri/dx12 .dxil
  [zircon_shaderpack]: D:/a/zircon/zircon/data_user/shader_cache/bgfx/vulkan/gizmo.vs.bin: 740 bytes blob -> 790 bytes .bin (hashIn 0x00000000, hashOut 0x00000000, uniforms 1, cb 64 bytes)
  slang: grid.fs -> bgfx/vulkan .bin + nri/dx12 .dxil
  [zircon_shaderpack]: D:/a/zircon/zircon/data_user/shader_cache/bgfx/vulkan/grid.fs.bin: 3572 bytes blob -> 3640 bytes .bin (hashIn 0xbb20f104, hashOut 0x00000000, uniforms 2, cb 80 bytes)
  slang: grid.vs -> bgfx/vulkan .bin + nri/dx12 .dxil
  [zircon_shaderpack]: D:/a/zircon/zircon/data_user/shader_cache/bgfx/vulkan/grid.vs.bin: 908 bytes blob -> 930 bytes .bin (hashIn 0x00000000, hashOut 0xbb20f104, uniforms 0, cb 0 bytes)
  slang: model_static.fs -> bgfx/vulkan .bin + nri/dx12 .dxil
  [zircon_shaderpack]: D:/a/zircon/zircon/data_user/shader_cache/bgfx/vulkan/model_static.fs.bin: 2076 bytes blob -> 2184 bytes .bin (hashIn 0xe0a75641, hashOut 0x00000000, uniforms 4, cb 64 bytes)
  slang: model_static.vs -> bgfx/vulkan .bin + nri/dx12 .dxil
  [zircon_shaderpack]: D:/a/zircon/zircon/data_user/shader_cache/bgfx/vulkan/model_static.vs.bin: 1620 bytes blob -> 1687 bytes .bin (hashIn 0x00000000, hashOut 0xe0a75641, uniforms 2, cb 128 bytes)
  kotek.core.defines.static.cpp.vcxproj -> D:\a\zircon\zircon\build\lib\Debug\kotek.core.defines.static.cpp.lib
     Creating library D:/a/zircon/zircon/build/lib/Debug/kotek.core.tests.plugin.lib and object D:/a/zircon/zircon/build/lib/Debug/kotek.core.tests.plugin.exp
  kotek.core.tests.plugin.vcxproj -> D:\a\zircon\zircon\build\bin\Debug\kotek.core.tests.plugin.dll
  Building Custom Rule D:/a/zircon/zircon/kotek/external/nri/CMakeLists.txt
  Building Custom Rule D:/a/zircon/zircon/kotek/external/nri/CMakeLists.txt
  ImplVal.cpp
  ImplD3D12.cpp
  Building Custom Rule D:/a/zircon/zircon/kotek/src/kotek.core.constants.window/CMakeLists.txt
  Building Custom Rule D:/a/zircon/zircon/kotek/src/kotek.core.constants.render/CMakeLists.txt
  Building Custom Rule D:/a/zircon/zircon/kotek/src/kotek.core.defines.static.os.win32/CMakeLists.txt
  Building Custom Rule D:/a/zircon/zircon/kotek/src/kotek.core.defines.static.render.dx/CMakeLists.txt
  Building Custom Rule D:/a/zircon/zircon/kotek/src/kotek.core.containers.multithreading.condition_variable/CMakeLists.txt
  Building Custom Rule D:/a/zircon/zircon/kotek/src/kotek.core.defines.static.os.linux/CMakeLists.txt
  Building Custom Rule D:/a/zircon/zircon/kotek/src/kotek.core.containers.any/CMakeLists.txt
  Building Custom Rule D:/a/zircon/zircon/kotek/src/kotek.core.types.numerics/CMakeLists.txt
  Building Custom Rule D:/a/zircon/zircon/kotek/src/kotek.core.defines.static.tests/CMakeLists.txt
  Building Custom Rule D:/a/zircon/zircon/kotek/src/kotek.core.containers.multithreading.mutex/CMakeLists.txt
  Building Custom Rule D:/a/zircon/zircon/kotek/src/kotek.core.containers.multithreading.semaphore/CMakeLists.txt
  Building Custom Rule D:/a/zircon/zircon/kotek/src/kotek.core.containers.variant/CMakeLists.txt
  Building Custom Rule D:/a/zircon/zircon/kotek/src/kotek.core.containers.shared_ptr/CMakeLists.txt
  Building Custom Rule D:/a/zircon/zircon/kotek/src/kotek.core.containers.function/CMakeLists.txt
  Building Custom Rule D:/a/zircon/zircon/kotek/src/kotek.core.defines.static.render.gl/CMakeLists.txt
  Building Custom Rule D:/a/zircon/zircon/kotek/src/kotek.core.containers.multithreading.shared_mutex/CMakeLists.txt
  Building Custom Rule D:/a/zircon/zircon/kotek/src/kotek.core.containers.multithreading.atomic/CMakeLists.txt
  Building Custom Rule D:/a/zircon/zircon/kotek/src/kotek.core.defines.static.git/CMakeLists.txt
  Building Custom Rule D:/a/zircon/zircon/kotek/src/kotek.core.containers.multithreading.tbb/CMakeLists.txt
  Building Custom Rule D:/a/zircon/zircon/kotek/src/kotek.core.containers.pair/CMakeLists.txt
  Building Custom Rule D:/a/zircon/zircon/kotek/src/kotek.core.defines.static.profilers/CMakeLists.txt
  Building Custom Rule D:/a/zircon/zircon/kotek/src/kotek.core.defines.static.render.vk/CMakeLists.txt
  Building Custom Rule D:/a/zircon/zircon/kotek/src/kotek.core.containers.multithreading.thread/CMakeLists.txt
  Building Custom Rule D:/a/zircon/zircon/kotek/src/kotek.core.containers.unique_ptr/CMakeLists.txt
  Building Custom Rule D:/a/zircon/zircon/kotek/src/kotek.core.defines.static.render.bgfx/CMakeLists.txt
  Building Custom Rule D:/a/zircon/zircon/kotek/src/kotek.core.defines.static.math/CMakeLists.txt
  Building Custom Rule D:/a/zircon/zircon/kotek/src/kotek.core.containers.hash/CMakeLists.txt
  Building Custom Rule D:/a/zircon/zircon/kotek/src/kotek.core.defines.static.sdk/CMakeLists.txt
  Building Custom Rule D:/a/zircon/zircon/kotek/src/kotek.core.defines.static.string/CMakeLists.txt
  main_core_defines_static_sdk_dll.cpp
  main_core_defines_static_profilers_dll.cpp
  main_core_defines_static_render_gl_dll.cpp
  main_core_defines_static_string_dll.cpp
  kotek.core.defines.static.sdk.vcxproj -> D:\a\zircon\zircon\build\lib\Debug\kotek.core.defines.static.sdk.lib
  kotek.core.defines.static.profilers.vcxproj -> D:\a\zircon\zircon\build\lib\Debug\kotek.core.defines.static.profilers.lib
  kotek.core.defines.static.render.gl.vcxproj -> D:\a\zircon\zircon\build\lib\Debug\kotek.core.defines.static.render.gl.lib
  main_core_containers_hash_dll.cpp
  main_core_defines_static_math_dll.cpp
  main_core_containers_shared_ptr_dll.cpp
  main_core_defines_static_git_dll.cpp
  main_core_containers_function_dll.cpp
  main_core_containers_unique_ptr_dll.cpp
  main_core_containers_any_dll.cpp
  kotek.core.defines.static.math.vcxproj -> D:\a\zircon\zircon\build\lib\Debug\kotek.core.defines.static.math.lib
  main_core_defines_static_os_win32_dll.cpp
  kotek.core.containers.function.vcxproj -> D:\a\zircon\zircon\build\lib\Debug\kotek.core.containers.function.lib
  kotek.core.containers.unique_ptr.vcxproj -> D:\a\zircon\zircon\build\lib\Debug\kotek.core.containers.unique_ptr.lib
  kotek.core.containers.hash.vcxproj -> D:\a\zircon\zircon\build\lib\Debug\kotek.core.containers.hash.lib
  main_core_containers_multithreading_thread_dll.cpp
  kotek.core.containers.shared_ptr.vcxproj -> D:\a\zircon\zircon\build\lib\Debug\kotek.core.containers.shared_ptr.lib
  main_core_containers_multithreading_tbb_dll.cpp
  main_core_containers_multithreading_shared_mutex_dll.cpp
  kotek.core.defines.static.git.vcxproj -> D:\a\zircon\zircon\build\lib\Debug\kotek.core.defines.static.git.lib
  main_core_defines_static_render_bgfx_dll.cpp
  main_core_containers_multithreading_semaphore_dll.cpp
  kotek.core.containers.any.vcxproj -> D:\a\zircon\zircon\build\lib\Debug\kotek.core.containers.any.lib
  main_core_numerics_dll.cpp
  NRI_D3D12.vcxproj -> D:\a\zircon\zircon\build\lib\Debug\NRI_D3D12.lib
  kotek.core.containers.multithreading.thread.vcxproj -> D:\a\zircon\zircon\build\lib\Debug\kotek.core.containers.multithreading.thread.lib
  main_core_defines_static_render_dx_dll.cpp
  kotek.core.defines.static.render.bgfx.vcxproj -> D:\a\zircon\zircon\build\lib\Debug\kotek.core.defines.static.render.bgfx.lib
  kotek.core.defines.static.os.win32.vcxproj -> D:\a\zircon\zircon\build\lib\Debug\kotek.core.defines.static.os.win32.lib
  kotek.core.containers.multithreading.shared_mutex.vcxproj -> D:\a\zircon\zircon\build\lib\Debug\kotek.core.containers.multithreading.shared_mutex.lib
  main_core_defines_static_render_vk_dll.cpp
  Building Custom Rule D:/a/zircon/zircon/kotek/src/kotek.core.defines.static.os/CMakeLists.txt
  kotek.core.defines.static.render.dx.vcxproj -> D:\a\zircon\zircon\build\lib\Debug\kotek.core.defines.static.render.dx.lib
  kotek.core.containers.multithreading.semaphore.vcxproj -> D:\a\zircon\zircon\build\lib\Debug\kotek.core.containers.multithreading.semaphore.lib
  main_core_containers_pair_dll.cpp
  main_core_containers_multithreading_mutex_dll.cpp
  kotek.core.defines.static.render.vk.vcxproj -> D:\a\zircon\zircon\build\lib\Debug\kotek.core.defines.static.render.vk.lib
  main_core_defines_static_os_dll.cpp
  main_core_containers_multithreading_condition_variable_dll.cpp
  kotek.core.containers.pair.vcxproj -> D:\a\zircon\zircon\build\lib\Debug\kotek.core.containers.pair.lib
  kotek.core.containers.multithreading.mutex.vcxproj -> D:\a\zircon\zircon\build\lib\Debug\kotek.core.containers.multithreading.mutex.lib
  main_core_containers_variant_dll.cpp
  main_core_containers_multithreading_atomic_dll.cpp
  kotek.core.defines.static.os.vcxproj -> D:\a\zircon\zircon\build\lib\Debug\kotek.core.defines.static.os.lib
  kotek.core.containers.multithreading.condition_variable.vcxproj -> D:\a\zircon\zircon\build\lib\Debug\kotek.core.containers.multithreading.condition_variable.lib
  main_core_defines_static_tests_dll.cpp
  kotek.core.types.numerics.vcxproj -> D:\a\zircon\zircon\build\lib\Debug\kotek.core.types.numerics.lib
  main_core_constants_window_dll.cpp
  main_core_defines_static_os_linux_dll.cpp
  Building Custom Rule D:/a/zircon/zircon/kotek/src/kotek.core.enum.render.dx/CMakeLists.txt
  Building Custom Rule D:/a/zircon/zircon/kotek/src/kotek.core.containers.array/CMakeLists.txt
  main_core_enum_render_dx_dll.cpp
  kotek.core.containers.multithreading.atomic.vcxproj -> D:\a\zircon\zircon\build\lib\Debug\kotek.core.containers.multithreading.atomic.lib
  main_core_containers_array_dll.cpp
  kotek.core.constants.window.vcxproj -> D:\a\zircon\zircon\build\lib\Debug\kotek.core.constants.window.lib
  Building Custom Rule D:/a/zircon/zircon/kotek/src/kotek.core.containers.microsoft.wrl.comptr/CMakeLists.txt
  kotek.core.defines.static.os.linux.vcxproj -> D:\a\zircon\zircon\build\lib\Debug\kotek.core.defines.static.os.linux.lib
  main_core_containers_microsoft_wrl_comptr_dll.cpp
  Building Custom Rule D:/a/zircon/zircon/kotek/src/kotek.core.enum.render.vk/CMakeLists.txt
  main_core_enum_render_vk_dll.cpp
  kotek.core.containers.variant.vcxproj -> D:\a\zircon\zircon\build\lib\Debug\kotek.core.containers.variant.lib
  Building Custom Rule D:/a/zircon/zircon/kotek/src/kotek.core.constants.ecs/CMakeLists.txt
  kotek.core.enum.render.dx.vcxproj -> D:\a\zircon\zircon\build\lib\Debug\kotek.core.enum.render.dx.lib
  main_core_constants_ecs_dll.cpp
  kotek.core.containers.array.vcxproj -> D:\a\zircon\zircon\build\lib\Debug\kotek.core.containers.array.lib
  Building Custom Rule D:/a/zircon/zircon/kotek/src/kotek.core.constants.math/CMakeLists.txt
  main_core_constants_math_dll.cpp
  kotek.core.containers.microsoft.wrl.comptr.vcxproj -> D:\a\zircon\zircon\build\lib\Debug\kotek.core.containers.microsoft.wrl.comptr.lib
  kotek.core.containers.multithreading.tbb.vcxproj -> D:\a\zircon\zircon\build\lib\Debug\kotek.core.containers.multithreading.tbb.lib
  kotek.core.constants.ecs.vcxproj -> D:\a\zircon\zircon\build\lib\Debug\kotek.core.constants.ecs.lib
  Building Custom Rule D:/a/zircon/zircon/kotek/src/kotek.core.containers.microsoft/CMakeLists.txt
  kotek.core.enum.render.vk.vcxproj -> D:\a\zircon\zircon\build\lib\Debug\kotek.core.enum.render.vk.lib
  kotek.core.constants.math.vcxproj -> D:\a\zircon\zircon\build\lib\Debug\kotek.core.constants.math.lib
  main_core_containers_microsoft_dll.cpp
  kotek.core.defines.static.tests.vcxproj -> D:\a\zircon\zircon\build\lib\Debug\kotek.core.defines.static.tests.lib
  main_core_constants_render_dll.cpp
  kotek.core.defines.static.string.vcxproj -> D:\a\zircon\zircon\build\lib\Debug\kotek.core.defines.static.string.lib
  kotek.core.constants.render.vcxproj -> D:\a\zircon\zircon\build\lib\Debug\kotek.core.constants.render.lib
  NRI_Validation.vcxproj -> D:\a\zircon\zircon\build\lib\Debug\NRI_Validation.lib
  Building Custom Rule D:/a/zircon/zircon/kotek/src/kotek.core.types.char/CMakeLists.txt
  Building Custom Rule D:/a/zircon/zircon/kotek/src/kotek.core.defines_dependent.text/CMakeLists.txt
  main_core_defines_dependent_text_dll.cpp
  main_core_types_char_dll.cpp
  Building Custom Rule D:/a/zircon/zircon/kotek/external/nri/CMakeLists.txt
  Building Custom Rule D:/a/zircon/zircon/kotek/src/kotek.core.defines.static.render/CMakeLists.txt
  kotek.core.types.char.vcxproj -> D:\a\zircon\zircon\build\lib\Debug\kotek.core.types.char.lib
  kotek.core.defines_dependent.text.vcxproj -> D:\a\zircon\zircon\build\lib\Debug\kotek.core.defines_dependent.text.lib
  Building Custom Rule D:/a/zircon/zircon/kotek/src/kotek.core.containers.io/CMakeLists.txt
  kotek.core.containers.microsoft.vcxproj -> D:\a\zircon\zircon\build\lib\Debug\kotek.core.containers.microsoft.lib
  main_core_containers_io_dll.cpp
  Creation.cpp
  main_core_defines_render_dll.cpp
  Building Custom Rule D:/a/zircon/zircon/kotek/src/kotek.core.constants.string/CMakeLists.txt
  main_core_constants_string_dll.cpp
  kotek.core.defines.static.render.vcxproj -> D:\a\zircon\zircon\build\lib\Debug\kotek.core.defines.static.render.lib
  kotek.core.constants.string.vcxproj -> D:\a\zircon\zircon\build\lib\Debug\kotek.core.constants.string.lib
  Building Custom Rule D:/a/zircon/zircon/kotek/src/kotek.core.defines.static/CMakeLists.txt
  main_core_defines_static_dll.cpp
  kotek.core.defines.static.vcxproj -> D:\a\zircon\zircon\build\lib\Debug\kotek.core.defines.static.lib
  Building Custom Rule D:/a/zircon/zircon/kotek/src/kotek.core.constants/CMakeLists.txt
  main_core_constants_dll.cpp
  kotek.core.containers.io.vcxproj -> D:\a\zircon\zircon\build\lib\Debug\kotek.core.containers.io.lib
  Building Custom Rule D:/a/zircon/zircon/kotek/src/kotek.core.enum.render.bgfx/CMakeLists.txt
  main_core_enum_render_bgfx_dll.cpp
  kotek_translation.cpp
  kotek.core.constants.vcxproj -> D:\a\zircon\zircon\build\lib\Debug\kotek.core.constants.lib
  NRI.vcxproj -> D:\a\zircon\zircon\build\bin\Debug\NRI.lib
  kotek.core.enum.render.bgfx.vcxproj -> D:\a\zircon\zircon\build\lib\Debug\kotek.core.enum.render.bgfx.lib
  Building Custom Rule D:/a/zircon/zircon/kotek/src/kotek.core.enum.render.gl/CMakeLists.txt
  main_core_enum_render_gl_dll.cpp
  kotek_translation.cpp
  kotek.core.enum.render.gl.vcxproj -> D:\a\zircon\zircon\build\lib\Debug\kotek.core.enum.render.gl.lib
  Building Custom Rule D:/a/zircon/zircon/kotek/src/kotek.core.enum.render/CMakeLists.txt
  kotek_translation.cpp
  main_core_enum_render_dll.cpp
  kotek.core.enum.render.vcxproj -> D:\a\zircon\zircon\build\lib\Debug\kotek.core.enum.render.lib
  Building Custom Rule D:/a/zircon/zircon/kotek/src/kotek.core.enum.core/CMakeLists.txt
  kotek_translation.cpp
  main_core_enum_core_dll.cpp
  kotek_core_enum_core_test_translation.cpp
  kotek.core.enum.core.vcxproj -> D:\a\zircon\zircon\build\lib\Debug\kotek.core.enum.core.lib
  Building Custom Rule D:/a/zircon/zircon/kotek/src/kotek.core.enum/CMakeLists.txt
  main_core_enum_dll.cpp
  kotek.core.enum.vcxproj -> D:\a\zircon\zircon\build\lib\Debug\kotek.core.enum.lib
  Building Custom Rule D:/a/zircon/zircon/kotek/src/kotek.core.ecs/CMakeLists.txt
  main_core_ecs_dll.cpp
  kotek.core.ecs.vcxproj -> D:\a\zircon\zircon\build\lib\Debug\kotek.core.ecs.lib
  Building Custom Rule D:/a/zircon/zircon/kotek/src/kotek.core.main_manager/CMakeLists.txt
  kotek_main_manager.cpp
  kotek_plugin_invoke.cpp
  kotek_plugin_override.cpp
  main_core_main_manager_dll.cpp
  Generating Code...
  kotek.core.main_manager.vcxproj -> D:\a\zircon\zircon\build\lib\Debug\kotek.core.main_manager.lib
  Building Custom Rule D:/a/zircon/zircon/kotek/src/kotek.core.engine_config/CMakeLists.txt
  kotek_std_config.cpp
  main_core_engine_config_dll.cpp
  Generating Code...
  kotek.core.engine_config.vcxproj -> D:\a\zircon\zircon\build\lib\Debug\kotek.core.engine_config.lib
  Building Custom Rule D:/a/zircon/zircon/kotek/src/kotek.core.log/CMakeLists.txt
  main_core_log_dll.cpp
  kotek.core.log.vcxproj -> D:\a\zircon\zircon\build\lib\Debug\kotek.core.log.lib
  Building Custom Rule D:/a/zircon/zircon/kotek/src/kotek.core.os.win32/CMakeLists.txt
  main_core_os_win32_dll.cpp
  kotek.core.os.win32.vcxproj -> D:\a\zircon\zircon\build\lib\Debug\kotek.core.os.win32.lib
  Building Custom Rule D:/a/zircon/zircon/kotek/src/kotek.core.os/CMakeLists.txt
  main_core_os_dll.cpp
  kotek.core.os.vcxproj -> D:\a\zircon\zircon\build\lib\Debug\kotek.core.os.lib
  Building Custom Rule D:/a/zircon/zircon/kotek/src/kotek.core.memory.cpu/CMakeLists.txt
  main_core_memory_cpu_dll.cpp
  kotek_std_memory.cpp
  offsetAllocator.cpp
  kotek.core.memory.cpu.vcxproj -> D:\a\zircon\zircon\build\lib\Debug\kotek.core.memory.cpu.lib
  Building Custom Rule D:/a/zircon/zircon/kotek/src/kotek.core.format/CMakeLists.txt
  main_core_format_dll.cpp
  kotek.core.format.vcxproj -> D:\a\zircon\zircon\build\lib\Debug\kotek.core.format.lib
  Building Custom Rule D:/a/zircon/zircon/kotek/src/kotek.core.containers.vector/CMakeLists.txt
  main_core_containers_vector_dll.cpp
  kotek.core.containers.vector.vcxproj -> D:\a\zircon\zircon\build\lib\Debug\kotek.core.containers.vector.lib
  Building Custom Rule D:/a/zircon/zircon/kotek/src/kotek.core.containers.unordered_set/CMakeLists.txt
  main_core_containers_unordered_set_dll.cpp
  kotek.core.containers.unordered_set.vcxproj -> D:\a\zircon\zircon\build\lib\Debug\kotek.core.containers.unordered_set.lib
  Building Custom Rule D:/a/zircon/zircon/kotek/src/kotek.core.containers.unordered_map/CMakeLists.txt
  main_core_containers_unordered_map_dll.cpp
  kotek.core.containers.unordered_map.vcxproj -> D:\a\zircon\zircon\build\lib\Debug\kotek.core.containers.unordered_map.lib
  Building Custom Rule D:/a/zircon/zircon/kotek/src/kotek.core.containers.filesystem.path/CMakeLists.txt
  main_core_containers_filesystem_path_dll.cpp
  kotek.core.containers.filesystem.path.vcxproj -> D:\a\zircon\zircon\build\lib\Debug\kotek.core.containers.filesystem.path.lib
  Building Custom Rule D:/a/zircon/zircon/kotek/src/kotek.core.containers.dll/CMakeLists.txt
  main_core_containers_dll_dll.cpp
  kotek.core.containers.dll.vcxproj -> D:\a\zircon\zircon\build\lib\Debug\kotek.core.containers.dll.lib
  Building Custom Rule D:/a/zircon/zircon/kotek/src/kotek.core.containers.string/CMakeLists.txt
  kotek_core_test_string.cpp
  main_core_containers_string_dll.cpp
  kotek_std_alias_string.cpp
  Generating Code...
  kotek.core.containers.string.vcxproj -> D:\a\zircon\zircon\build\lib\Debug\kotek.core.containers.string.lib
  Building Custom Rule D:/a/zircon/zircon/kotek/src/kotek.core.casting.string/CMakeLists.txt
  main_core_casting_string_dll.cpp
  kotek_std_alias_casting.cpp
  Generating Code...
  kotek.core.casting.string.vcxproj -> D:\a\zircon\zircon\build\lib\Debug\kotek.core.casting.string.lib
  Building Custom Rule D:/a/zircon/zircon/kotek/src/kotek.core.casting.lexical/CMakeLists.txt
  main_core_casting_lexical_dll.cpp
  kotek.core.casting.lexical.vcxproj -> D:\a\zircon\zircon\build\lib\Debug\kotek.core.casting.lexical.lib
  Building Custom Rule D:/a/zircon/zircon/kotek/src/kotek.core.types.string/CMakeLists.txt
  main_core_types_string_dll.cpp
  kotek.core.types.string.vcxproj -> D:\a\zircon\zircon\build\lib\Debug\kotek.core.types.string.lib
  Building Custom Rule D:/a/zircon/zircon/kotek/src/kotek.core.api/CMakeLists.txt
  main_api_dll.cpp
  kotek.core.api.vcxproj -> D:\a\zircon\zircon\build\lib\Debug\kotek.core.api.lib
  Building Custom Rule D:/a/zircon/zircon/kotek/src/kotek.core.defines_dependent.ecs/CMakeLists.txt
  main_core_defines_dependent_ecs_dll.cpp
  kotek.core.defines_dependent.ecs.vcxproj -> D:\a\zircon\zircon\build\lib\Debug\kotek.core.defines_dependent.ecs.lib
  Building Custom Rule D:/a/zircon/zircon/kotek/src/kotek.core.defines_dependent.assert/CMakeLists.txt
  main_core_defines_dependent_assert_dll.cpp
  kotek.core.defines_dependent.assert.vcxproj -> D:\a\zircon\zircon\build\lib\Debug\kotek.core.defines_dependent.assert.lib
  Building Custom Rule D:/a/zircon/zircon/kotek/src/kotek.core.defines_dependent.message/CMakeLists.txt
  main_core_defines_dependent_message_dll.cpp
  kotek.core.defines_dependent.message.vcxproj -> D:\a\zircon\zircon\build\lib\Debug\kotek.core.defines_dependent.message.lib
  Building Custom Rule D:/a/zircon/zircon/kotek/src/kotek.core.input/CMakeLists.txt
  Building Custom Rule D:/a/zircon/zircon/kotek/src/kotek.core.window.glfw/CMakeLists.txt
  Building Custom Rule D:/a/zircon/zircon/kotek/src/kotek.ui.videoplayer.avif/CMakeLists.txt
  Building Custom Rule D:/a/zircon/zircon/kotek/src/kotek.core.casting/CMakeLists.txt
  main_ui_videoplayer_avif_dll.cpp
  kotek_std_window.cpp
  kotek_ui_videoplayer.cpp
  Building Custom Rule D:/a/zircon/zircon/kotek/src/kotek.core.types/CMakeLists.txt
  Building Custom Rule D:/a/zircon/zircon/kotek/src/kotek.core.profilers.gpu/CMakeLists.txt
  main_core_casting_dll.cpp
  kotek_input.cpp
  main_core_types_dll.cpp
  main_core_profilers_gpu_dll.cpp
  kotek.core.profilers.gpu.vcxproj -> D:\a\zircon\zircon\build\lib\Debug\kotek.core.profilers.gpu.lib
  kotek.core.casting.vcxproj -> D:\a\zircon\zircon\build\lib\Debug\kotek.core.casting.lib
  Building Custom Rule D:/a/zircon/zircon/kotek/src/kotek.core.memory.gpu.vulkan/CMakeLists.txt
  Building Custom Rule D:/a/zircon/zircon/kotek/src/kotek.core.defines_dependent/CMakeLists.txt
  kotek.core.types.vcxproj -> D:\a\zircon\zircon\build\lib\Debug\kotek.core.types.lib
  Building Custom Rule D:/a/zircon/zircon/kotek/src/kotek.core.containers.json/CMakeLists.txt
  main_core_defines_dependent_dll.cpp
  main_core_memory_gpu_vulkan_dll.cpp
  kotek_std_json.cpp
  Generating Code...
  main_core_input_dll.cpp
  main_core_window_glfw_dll.cpp
  kotek.core.defines_dependent.vcxproj -> D:\a\zircon\zircon\build\lib\Debug\kotek.core.defines_dependent.lib
  main_core_containers_json_dll.cpp
  kotek.ui.videoplayer.avif.vcxproj -> D:\a\zircon\zircon\build\lib\Debug\kotek.ui.videoplayer.avif.lib
  Building Custom Rule D:/a/zircon/zircon/kotek/src/kotek.core.containers.list/CMakeLists.txt
  Building Custom Rule D:/a/zircon/zircon/kotek/src/kotek.core.containers.deque/CMakeLists.txt
  kotek.core.memory.gpu.vulkan.vcxproj -> D:\a\zircon\zircon\build\lib\Debug\kotek.core.memory.gpu.vulkan.lib
  main_core_containers_deque_dll.cpp
  Building Custom Rule D:/a/zircon/zircon/kotek/src/kotek.core.containers.map/CMakeLists.txt
  main_core_containers_list_dll.cpp
  Generating Code...
  main_core_containers_map_dll.cpp
  kotek.core.containers.json.vcxproj -> D:\a\zircon\zircon\build\lib\Debug\kotek.core.containers.json.lib
  Building Custom Rule D:/a/zircon/zircon/kotek/src/kotek.core.containers.filesystem/CMakeLists.txt
  kotek.core.containers.deque.vcxproj -> D:\a\zircon\zircon\build\lib\Debug\kotek.core.containers.deque.lib
  Building Custom Rule D:/a/zircon/zircon/kotek/src/kotek.core.defines/CMakeLists.txt
  main_core_defines_dll.cpp
  kotek_std_alias_filesystem.cpp
  kotek_core_test_input.cpp
  Generating Code...
  kotek.core.containers.map.vcxproj -> D:\a\zircon\zircon\build\lib\Debug\kotek.core.containers.map.lib
  kotek.core.containers.list.vcxproj -> D:\a\zircon\zircon\build\lib\Debug\kotek.core.containers.list.lib
  Building Custom Rule D:/a/zircon/zircon/kotek/src/kotek.core.os.linux/CMakeLists.txt
  Building Custom Rule D:/a/zircon/zircon/kotek/src/kotek.core.memory.gpu/CMakeLists.txt
  kotek.core.window.glfw.vcxproj -> D:\a\zircon\zircon\build\lib\Debug\kotek.core.window.glfw.lib
  Building Custom Rule D:/a/zircon/zircon/kotek/src/kotek.ui.videoplayer/CMakeLists.txt
  Building Custom Rule D:/a/zircon/zircon/kotek/src/kotek.core.window/CMakeLists.txt
  main_core_os_linux_dll.cpp
  kotek_window_console.cpp
  kotek.core.defines.vcxproj -> D:\a\zircon\zircon\build\lib\Debug\kotek.core.defines.lib
  kotek.core.os.linux.vcxproj -> D:\a\zircon\zircon\build\lib\Debug\kotek.core.os.linux.lib
  Building Custom Rule D:/a/zircon/zircon/kotek/src/kotek.core.filesystem.file_text/CMakeLists.txt
  Building Custom Rule D:/a/zircon/zircon/kotek/src/kotek.core.containers.queue/CMakeLists.txt
  kotek_file_text.cpp
  main_core_containers_filesystem_dll.cpp
  main_core_filesystem_file_text_dll.cpp
  kotek_core_test_input_winapi.cpp
  main_core_window_dll.cpp
  Generating Code...
  main_core_containers_queue_dll.cpp
  kotek.core.filesystem.file_text.vcxproj -> D:\a\zircon\zircon\build\lib\Debug\kotek.core.filesystem.file_text.lib
  Generating Code...
  main_core_memory_gpu_dll.cpp
  main_ui_videoplayer_dll.cpp
  kotek.core.containers.filesystem.vcxproj -> D:\a\zircon\zircon\build\lib\Debug\kotek.core.containers.filesystem.lib
  kotek.ui.videoplayer.vcxproj -> D:\a\zircon\zircon\build\lib\Debug\kotek.ui.videoplayer.lib
  kotek.core.containers.queue.vcxproj -> D:\a\zircon\zircon\build\lib\Debug\kotek.core.containers.queue.lib
  Building Custom Rule D:/a/zircon/zircon/kotek/src/kotek.core.filesystem/CMakeLists.txt
  kotek_filesystem.cpp
  Building Custom Rule D:/a/zircon/zircon/kotek/src/kotek.core.containers.multithreading.queue/CMakeLists.txt
  Generating Code...
  Generating Code...
  kotek.core.window.vcxproj -> D:\a\zircon\zircon\build\lib\Debug\kotek.core.window.lib
  Building Custom Rule D:/a/zircon/zircon/kotek/src/kotek.core.utility/CMakeLists.txt
  main_core_containers_multithreading_queue_dll.cpp
  kotek_std_utility.cpp
  kotek.core.input.vcxproj -> D:\a\zircon\zircon\build\lib\Debug\kotek.core.input.lib
  Building Custom Rule D:/a/zircon/zircon/kotek/src/kotek.core.console/CMakeLists.txt
  Building Custom Rule D:/a/zircon/zircon/kotek/src/kotek.core.window_manager/CMakeLists.txt
  kotek.core.memory.gpu.vcxproj -> D:\a\zircon\zircon\build\lib\Debug\kotek.core.memory.gpu.lib
  kotek_console.cpp
  Building Custom Rule D:/a/zircon/zircon/kotek/src/kotek.ui.rmlui/CMakeLists.txt
  kotek_ui_game_ui_manager.cpp
  kotek_window_manager.cpp
  kotek_filesystem_native.cpp
  kotek_std_utility_tests.cpp
  kotek.core.containers.multithreading.queue.vcxproj -> D:\a\zircon\zircon\build\lib\Debug\kotek.core.containers.multithreading.queue.lib
  main_core_console_dll.cpp
  main_ui_rmlui_dll.cpp
  main_core_window_manager_dll.cpp
  kotek_filesystem_zlib.cpp
  Building Custom Rule D:/a/zircon/zircon/kotek/src/kotek.core.memory/CMakeLists.txt
  main_core_utility_dll.cpp
  Generating Code...
  kotek.core.console.vcxproj -> D:\a\zircon\zircon\build\lib\Debug\kotek.core.console.lib
  Generating Code...
  main_core_memory_dll.cpp
  Generating Code...
  kotek.ui.rmlui.vcxproj -> D:\a\zircon\zircon\build\lib\Debug\kotek.ui.rmlui.lib
  Building Custom Rule D:/a/zircon/zircon/kotek/src/kotek.core.containers.multithreading/CMakeLists.txt
  kotek.core.window_manager.vcxproj -> D:\a\zircon\zircon\build\lib\Debug\kotek.core.window_manager.lib
  main_core_containers_multithreading_dll.cpp
  Generating Code...
  kotek_virtualfilemapper.cpp
  kotek.core.utility.vcxproj -> D:\a\zircon\zircon\build\lib\Debug\kotek.core.utility.lib
  Building Custom Rule D:/a/zircon/zircon/kotek/src/kotek.core.math/CMakeLists.txt
  kotek_core_test_math.cpp
  kotek.core.containers.multithreading.vcxproj -> D:\a\zircon\zircon\build\lib\Debug\kotek.core.containers.multithreading.lib
  Building Custom Rule D:/a/zircon/zircon/kotek/src/kotek.core.containers/CMakeLists.txt
  main_core_containers_dll.cpp
  kotek.core.memory.vcxproj -> D:\a\zircon\zircon\build\lib\Debug\kotek.core.memory.lib
  Building Custom Rule D:/a/zircon/zircon/kotek/src/kotek.core.profilers.cpu/CMakeLists.txt
  main_core_profilers_cpu_dll.cpp
  kotek.core.profilers.cpu.vcxproj -> D:\a\zircon\zircon\build\lib\Debug\kotek.core.profilers.cpu.lib
  Building Custom Rule D:/a/zircon/zircon/kotek/src/kotek.core.profilers/CMakeLists.txt
  kotek_profiler.cpp
  main_core_filesystem_dll.cpp
  kotek_std_math_vector1f.cpp
  kotek.core.containers.vcxproj -> D:\a\zircon\zircon\build\lib\Debug\kotek.core.containers.lib
  kotek_std_math_vector2f.cpp
  main_core_profilers_dll.cpp
  kotek_std_math_vector3f.cpp
  Generating Code...
  kotek.core.filesystem.vcxproj -> D:\a\zircon\zircon\build\lib\Debug\kotek.core.filesystem.lib
  kotek_std_math_vector4f.cpp
  Generating Code...
  kotek.core.profilers.vcxproj -> D:\a\zircon\zircon\build\lib\Debug\kotek.core.profilers.lib
  kotek_std_math_matrix2x2_f.cpp
  kotek_std_math_matrix3x3_f.cpp
  kotek_std_math_matrix4x4_f.cpp
  kotek_std_math_vectornf_view.cpp
  kotek_std_math_matrixnf_view.cpp
  main_core_math_dll.cpp
  Generating Code...
  kotek.core.math.vcxproj -> D:\a\zircon\zircon\build\lib\Debug\kotek.core.math.lib
  Building Custom Rule D:/a/zircon/zircon/kotek/src/kotek.ui.imgui/CMakeLists.txt
  kotek_ui_imgui_context_manager.cpp
  Building Custom Rule D:/a/zircon/zircon/kotek/src/kotek.core/CMakeLists.txt
  main_core_dll.cpp
  kotek_core_test_filesystem.cpp
  kotek_core_test_json.cpp
  kotek_core_test_json_own.cpp
  imgui_impl_dx9.cpp
  imgui_impl_dx10.cpp
  imgui_impl_dx11.cpp
  imgui_impl_dx12.cpp
  imgui_impl_opengl2.cpp
  imgui_impl_opengl3.cpp
  imgui_impl_vulkan.cpp
  imgui_impl_win32.cpp
  kotek_core_test_string.cpp
  kotek_core_test_container_deque.cpp
  kotek_core_test_container_vector.cpp
  imgui.cpp
  kotek_core_test_container_unordered_set.cpp
  imgui_demo.cpp
  imgui_draw.cpp
  kotek_core_test_container_unordered_map.cpp
  kotek_core_test_container_set.cpp
  kotek_core_test_container_queue.cpp
  kotek_core_test_container_map.cpp
  imgui_tables.cpp
  kotek_core_test_container_list.cpp
  kotek_core_test_plugin_override.cpp
  imgui_widgets.cpp
  kotek_ui_imgui_wrapper.cpp
  kotek_core_test_math_backends.cpp
  main_ui_imgui_dll.cpp
  kotek_core_test_containers_hybrid.cpp
  kotek_core_test_render_nri.cpp
  imgui_impl_glfw.cpp
  Generating Code...
  kotek.ui.imgui.vcxproj -> D:\a\zircon\zircon\build\lib\Debug\kotek.ui.imgui.lib
  Building Custom Rule D:/a/zircon/zircon/kotek/src/kotek.ui/CMakeLists.txt
  main_ui_dll.cpp
  kotek.core.vcxproj -> D:\a\zircon\zircon\build\lib\Debug\kotek.core.lib
  Building Custom Rule D:/a/zircon/zircon/kotek/src/kotek.render.bgfx/CMakeLists.txt
  Building Custom Rule D:/a/zircon/zircon/kotek/src/kotek.render.shared.bgfx/CMakeLists.txt
  Generating zircon_editor_enums.h using zircon_generator
  -- Selecting Windows SDK version 10.0.26100.0 to target Windows 10.0.20348.
  -- KOTEK_DEPS_FOLDER = vcpkg
  -- KOTEK_NUGET_PLATFORM_NAME = Win11
  -- KOTEK_NUGET_COMPILER_NAME = Msvc
  -- KOTEK_NUGET_ARCH_BIT_NUMBER = x64
  -- CMAKE_BINARY_DIR = D:/a/zircon/zircon/build/zircon_tools/$<CONFIG>
  -- D:/a/zircon/zircon/src/tools/cpp_generators/ecs_fields_generator
  -- nuget_clang_folder = Kotek.Packages.Clang.Vcpkg.Runtimes.Win11.Msvc.x64.18.1.6
  -- nuget_openssl_folder = Kotek.Packages.OpenSSL.Vcpkg.Runtimes.Win11.Msvc.x64.3.5.0
  -- nuget_zlib_folder = Kotek.Packages.zlib.Vcpkg.Runtimes.Win11.Msvc.x64.1.3.1
  -- nuget_zstd_folder = Kotek.Packages.Zstd.Vcpkg.Runtimes.Win11.Msvc.x64.1.5.7
  -- LLVM libraries: 
  -- Found LLVM 
  -- LLVM include path: 
  -- LLVM library path: 
  -- 
  [zircon_generator][nuget]: package clang exists!
  [zircon_generator][nuget]: package openssl exists!
  [zircon_generator][nuget]: package zlib exists!
  [zircon_generator][nuget]: package zstd exists!
  [zircon_generator]: zstd package included directory
  [zircon_generator][Debug]: adding zstd.lib to Debug configuration
  [zircon_generator][None-Debug]: adding zstd.lib to not Debug configurations
  [zircon_generator]: zlib package included directory
  [zircon_generator][Debug]: adding zlibd.lib to Debug configuration
  [zircon_generator][None-Debug]: adding zlib.lib to not Debug configurations
  [zircon_generator]: openssl package included directory
  [zircon_generator][Debug]: adding libcrypto.lib to Debug configuration
  [zircon_generator][None-Debug]: adding libcrypto.lib to not Debug configurations
  [zircon_generator]: clang package included directory
  [zircon_generator][Debug]: adding libclang.lib to Debug configuration
  [zircon_generator][None-Debug]: adding libclang.lib to not Debug configuration
  -- Configuring done (0.0s)
  -- Generating done (0.0s)
  -- Build files have been written to: D:/a/zircon/zircon/build/zircon_tools
  cmake_pch.cxx
  MSBuild version 17.14.51+25f168cee for .NET Framework
  
    1>Checking Build System
    Building Custom Rule D:/a/zircon/zircon/src/tools/cpp_generators/ecs_fields_generator/CMakeLists.txt
    zircon_generator.vcxproj -> D:\a\zircon\zircon\build\zircon_tools\Debug\zircon_generator.exe
    copying dlls after compilation of zircon_generator
    Building Custom Rule D:/a/zircon/zircon/src/tools/cpp_generators/ecs_fields_generator/CMakeLists.txt
  argv=..\..\zircon_tools\Debug\zircon_generator | strcmp=1
  argv=--type | strcmp=0
  Found type!
  type = 1
  what_to_generate: 1
  Generating sdk fields!
  sdk_src_dir = D:/a/zircon/zircon/src/editor/ui
  output_file = D:/a/zircon/zircon/src/core/zircon_editor_enums.h
  SDK window enum file generated: D:/a/zircon/zircon/src/core/zircon_editor_enums.h
  File was generated successfully!
  Building Custom Rule D:/a/zircon/zircon/src/core/CMakeLists.txt
  cmake_pch.cxx
  cmake_pch.cxx
  kotek.ui.vcxproj -> D:\a\zircon\zircon\build\lib\Debug\kotek.ui.lib
  Building Custom Rule D:/a/zircon/zircon/kotek/src/kotek.render.nri/CMakeLists.txt
  cmake_pch.cxx
  kotek_render_shader_manager.cpp
  kotek_render_texture_manager.cpp
  kotek_render_resource_manager.cpp
  kotek_render_buffer.cpp
  kotek_render_geometry_manager.cpp
  kotek_render_device.cpp
  kotek_render_swapchain.cpp
  main_render_bgfx_dll.cpp
  kotek_render_static_buffer_pool.cpp
  kotek_render_static_buffer_pool_with_linear_allocator.cpp
  kotek_render_allocator_ring_with_tabs.cpp
  kotek_render_allocator_ring.cpp
  kotek_render_graph_simplified.cpp
  kotek_render_graph_simplified_render_pass.cpp
  kotek_render_data_types.cpp
  main_render_shared_bgfx_dll.cpp
  main_core_dll.cpp
  zircon_config.cpp
  zircon_localization_manager.cpp
  zircon_cancel_arbiter.cpp
  zircon_editor_ui_state_interface.cpp
  kotek.render.bgfx.vcxproj -> D:\a\zircon\zircon\build\lib\Debug\kotek.render.bgfx.lib
  zircon_session.cpp
  zircon_gltf_loader.cpp
  kotek.render.shared.bgfx.vcxproj -> D:\a\zircon\zircon\build\lib\Debug\kotek.render.shared.bgfx.lib
  zircon.core.vcxproj -> D:\a\zircon\zircon\build\lib\Debug\zircon.core.lib
  Building Custom Rule D:/a/zircon/zircon/kotek/src/kotek.render.shared/CMakeLists.txt
  Building Custom Rule D:/a/zircon/zircon/src/render/CMakeLists.txt
  cmake_pch.cxx
  cmake_pch.cxx
  Building zircon_generator
  [zircon_generator][nuget]: package clang exists!
  [zircon_generator][nuget]: package openssl exists!
  kotek_render_device.cpp
  [zircon_generator][nuget]: package zlib exists!
  kotek_render_swapchain.cpp
  [zircon_generator][nuget]: package zstd exists!
  [zircon_generator]: zstd package included directory
  kotek_render_frame_pass_context.cpp
  [zircon_generator][Debug]: adding zstd.lib to Debug configuration
  [zircon_generator][None-Debug]: adding zstd.lib to not Debug configurations
  kotek_render_resource_manager.cpp
  [zircon_generator]: zlib package included directory
  [zircon_generator][Debug]: adding zlibd.lib to Debug configuration
  [zircon_generator][None-Debug]: adding zlib.lib to not Debug configurations
  [zircon_generator]: openssl package included directory
  [zircon_generator][Debug]: adding libcrypto.lib to Debug configuration
  [zircon_generator][None-Debug]: adding libcrypto.lib to not Debug configurations
  [zircon_generator]: clang package included directory
  [zircon_generator][Debug]: adding libclang.lib to Debug configuration
  [zircon_generator][None-Debug]: adding libclang.lib to not Debug configuration
  main_render_nri_dll.cpp
  -- Selecting Windows SDK version 10.0.26100.0 to target Windows 10.0.20348.
  -- KOTEK_DEPS_FOLDER = vcpkg
  -- KOTEK_NUGET_PLATFORM_NAME = Win11
  -- KOTEK_NUGET_COMPILER_NAME = Msvc
  -- KOTEK_NUGET_ARCH_BIT_NUMBER = x64
  -- CMAKE_BINARY_DIR = D:/a/zircon/zircon/build/zircon_tools/$<CONFIG>
  -- D:/a/zircon/zircon/src/tools/cpp_generators/ecs_fields_generator
  -- nuget_clang_folder = Kotek.Packages.Clang.Vcpkg.Runtimes.Win11.Msvc.x64.18.1.6
  -- nuget_openssl_folder = Kotek.Packages.OpenSSL.Vcpkg.Runtimes.Win11.Msvc.x64.3.5.0
  -- nuget_zlib_folder = Kotek.Packages.zlib.Vcpkg.Runtimes.Win11.Msvc.x64.1.3.1
  -- nuget_zstd_folder = Kotek.Packages.Zstd.Vcpkg.Runtimes.Win11.Msvc.x64.1.5.7
  -- LLVM libraries: 
  -- Found LLVM 
  -- LLVM include path: 
  -- LLVM library path: 
  -- 
  -- Configuring done (0.0s)
  -- Generating done (0.0s)
  -- Build files have been written to: D:/a/zircon/zircon/build/zircon_tools
  MSBuild version 17.14.51+25f168cee for .NET Framework
  
    zircon_generator.vcxproj -> D:\a\zircon\zircon\build\zircon_tools\Debug\zircon_generator.exe
    copying dlls after compilation of zircon_generator
  argv=..\..\zircon_tools\Debug\zircon_generator | strcmp=1
  argv=--type | strcmp=0
  Found type!
  type = 0
  what_to_generate: 0
  Generating ecs fields!
  --src = D:/a/zircon/zircon/src/ecs
  --kotek_src = D:/a/zircon/zircon/src/ecs/../../kotek/src/kotek.core.defines_dependent.ecs/include/
  --output = D:/a/zircon/zircon/src/ecs/zircon_component_fields.h
  kotek.render.nri.vcxproj -> D:\a\zircon\zircon\build\lib\Debug\kotek.render.nri.lib
  unchanged, write skipped: D:/a/zircon/zircon/src/ecs/zircon_component_fields.h
  File was generated successfully!
  Building Custom Rule D:/a/zircon/zircon/src/ecs/CMakeLists.txt
  cmake_pch.cxx
  kotek_render_data_types.cpp
  main_render_shared_dll.cpp
  kotek.render.shared.vcxproj -> D:\a\zircon\zircon\build\lib\Debug\kotek.render.shared.lib
  zircon_render_graph_pass_present_nri.cpp
  zircon_nri_passlib.cpp
  Building Custom Rule D:/a/zircon/zircon/kotek/src/kotek.render/CMakeLists.txt
  cmake_pch.cxx
  zircon.render.passes.nri.vcxproj -> D:\a\zircon\zircon\build\lib\Debug\zircon.render.passes.nri.lib
  zircon_component_sdk_scene_name.cpp
  zircon_component_sdk_camera.cpp
  zircon_component_sdk_input.cpp
  zircon_component_camera.cpp
  zircon_component_input.cpp
  zircon_component_transform.cpp
  zircon_component_geometry.cpp
  zircon_component_actor.cpp
  zircon_component_terrain_cbt.cpp
  zircon_component_terrain_static.cpp
  zircon_component_terrain_gcm.cpp
  zircon_component_frustum.cpp
  zircon_component_bounding_sphere.cpp
  zircon_component_ui_surface.cpp
  zircon_component_ui_camera.cpp
  zircon_component_animation.cpp
  main_ecs_dll.cpp
  zircon_factory.cpp
  zircon_component_interface.cpp
  zircon.ecs.vcxproj -> D:\a\zircon\zircon\build\lib\Debug\zircon.ecs.lib
  Building Custom Rule D:/a/zircon/zircon/src/editor/commands/CMakeLists.txt
  Building Custom Rule D:/a/zircon/zircon/src/world/CMakeLists.txt
  Building Custom Rule D:/a/zircon/zircon/src/editor/ui/CMakeLists.txt
  cmake_pch.cxx
  cmake_pch.cxx
  cmake_pch.cxx
  main_render_dll.cpp
  kotek.render.vcxproj -> D:\a\zircon\zircon\build\lib\Debug\kotek.render.lib
  Building Custom Rule D:/a/zircon/zircon/kotek/src/kotek.game/CMakeLists.txt
  cmake_pch.cxx
  main_editor_dll.cpp
  zircon_command_history.cpp
  zircon_command_journal.cpp
  zircon_command_registry.cpp
  main_editor_dll.cpp
  zircon_editor_ui_state.cpp
  zircon_ui_top_bar.cpp
  zircon_ui_object_list.cpp
  zircon_gizmo_edit_commit.cpp
  zircon_ui_window_game.cpp
  zircon_ui_window_animation.cpp
  main_world_dll.cpp
  zircon_world.cpp
  zircon_world_manager.cpp
  zircon_ui_window_sound.cpp
  zircon_ui_window_log.cpp
  zircon_ui_window_prefab.cpp
  zircon_ui_window_prefab_browser.cpp
  zircon_ui_component_inspector.cpp
  zircon_ui_window_history_command_log.cpp
  zircon_command_add_component_to_entity.cpp
  zircon_ui_window_render_stats.cpp
  zircon_command_delete_component_from_entity.cpp
  zircon_command_create_entity.cpp
  zircon_ui_window_settings.cpp
  zircon_ui_render_passes.cpp
  kotek_update.cpp
  kotek_window_splash.cpp
  main_game_dll.cpp
  zircon_ui_window_debug_input.cpp
  zircon_ui_gizmo_overlay.cpp
  zircon_command_delete_entity.cpp
  zircon_ui_gizmo_imguizmo.cpp
  zircon_command_edit_component_state.cpp
  zircon.world.vcxproj -> D:\a\zircon\zircon\build\lib\Debug\zircon.world.lib
  Building Custom Rule D:/a/zircon/zircon/src/game/session/CMakeLists.txt
  Building Custom Rule D:/a/zircon/zircon/src/editor/session/CMakeLists.txt
  cmake_pch.cxx
  cmake_pch.cxx
  zircon.editor.ui.vcxproj -> D:\a\zircon\zircon\build\lib\Debug\zircon.editor.ui.lib
  zircon.editor.commands.vcxproj -> D:\a\zircon\zircon\build\lib\Debug\zircon.editor.commands.lib
  kotek.game.vcxproj -> D:\a\zircon\zircon\build\lib\Debug\kotek.game.lib
  main_editor_dll.cpp
  zircon_scene_metadata.cpp
  zircon_editor_sdk_camera.cpp
  zircon_session_editor.cpp
  main_game_dll.cpp
  zircon_session_game.cpp
  zircon_session_editor_manager.cpp
  zircon_session_game_manager.cpp
  zircon.game.session.vcxproj -> D:\a\zircon\zircon\build\lib\Debug\zircon.game.session.lib
  zircon.editor.session.vcxproj -> D:\a\zircon\zircon\build\lib\Debug\zircon.editor.session.lib
  Building Custom Rule D:/a/zircon/zircon/src/editor/CMakeLists.txt
  Building Custom Rule D:/a/zircon/zircon/src/game/CMakeLists.txt
  cmake_pch.cxx
  cmake_pch.cxx
  main_editor_dll.cpp
  zircon_asset_manager.cpp
  main_game_dll.cpp
  zircon_asset_manager.cpp
  zircon.editor.vcxproj -> D:\a\zircon\zircon\build\lib\Debug\zircon.editor.lib
  zircon.game.vcxproj -> D:\a\zircon\zircon\build\lib\Debug\zircon.game.lib
  generating render = no_streaming
  Building Custom Rule D:/a/zircon/zircon/src/render/CMakeLists.txt
  -- Selecting Windows SDK version 10.0.26100.0 to target Windows 10.0.20348.
  -- KOTEK_DEPS_FOLDER = vcpkg
  -- KOTEK_NUGET_PLATFORM_NAME = Win11
  -- KOTEK_NUGET_COMPILER_NAME = Msvc
  -- KOTEK_NUGET_ARCH_BIT_NUMBER = x64
  -- CMAKE_BINARY_DIR = D:/a/zircon/zircon/build/zircon_tools/$<CONFIG>
  -- D:/a/zircon/zircon/src/tools/cpp_generators/ecs_fields_generator
  -- nuget_clang_folder = Kotek.Packages.Clang.Vcpkg.Runtimes.Win11.Msvc.x64.18.1.6
  -- nuget_openssl_folder = Kotek.Packages.OpenSSL.Vcpkg.Runtimes.Win11.Msvc.x64.3.5.0
  -- nuget_zlib_folder = Kotek.Packages.zlib.Vcpkg.Runtimes.Win11.Msvc.x64.1.3.1
  -- nuget_zstd_folder = Kotek.Packages.Zstd.Vcpkg.Runtimes.Win11.Msvc.x64.1.5.7
  [zircon_generator][nuget]: package clang exists!
  [zircon_generator][nuget]: package openssl exists!
  [zircon_generator][nuget]: package zlib exists!
  [zircon_generator][nuget]: package zstd exists!
  -- LLVM libraries: 
  -- Found LLVM 
  -- LLVM include path: 
  -- LLVM library path: 
  -- 
  [zircon_generator]: zstd package included directory
  [zircon_generator][Debug]: adding zstd.lib to Debug configuration
  [zircon_generator][None-Debug]: adding zstd.lib to not Debug configurations
  [zircon_generator]: zlib package included directory
  [zircon_generator][Debug]: adding zlibd.lib to Debug configuration
  [zircon_generator][None-Debug]: adding zlib.lib to not Debug configurations
  [zircon_generator]: openssl package included directory
  [zircon_generator][Debug]: adding libcrypto.lib to Debug configuration
  [zircon_generator][None-Debug]: adding libcrypto.lib to not Debug configurations
  [zircon_generator]: clang package included directory
  [zircon_generator][Debug]: adding libclang.lib to Debug configuration
  [zircon_generator][None-Debug]: adding libclang.lib to not Debug configuration
  -- Configuring done (0.6s)
  -- Generating done (0.1s)
  -- Build files have been written to: D:/a/zircon/zircon/build/zircon_tools
  MSBuild version 17.14.51+25f168cee for .NET Framework
  
    zircon_generator.vcxproj -> D:\a\zircon\zircon\build\zircon_tools\Debug\zircon_generator.exe
    copying dlls after compilation of zircon_generator
  argv=..\..\zircon_tools\Debug\zircon_generator | strcmp=1
  argv=--type | strcmp=0
  Found type!
  type = 2
  what_to_generate: 2
  Generating renderer passes enums!
  unchanged, write skipped: D:/a/zircon/zircon/src/render/bgfx/passes/no_streaming/zircon_render_game_passes_enum.h
  unchanged, write skipped: D:/a/zircon/zircon/src/render/bgfx/passes/no_streaming/zircon_render_editor_passes_enum.h
  unchanged, write skipped: D:/a/zircon/zircon/src/render/bgfx/passes/no_streaming/zircon_render_pass_factory.h
  File was generated successfully!
  Building Custom Rule D:/a/zircon/zircon/src/render/CMakeLists.txt
  cmake_pch.cxx
  cmake_pch.cxx
  zircon_renderer.cpp
  zircon_render_pass_library_manager.cpp
  zircon_render_graph_pass.cpp
  zircon_render_graph_pass_editor.cpp
  zircon_render_graph_pass_present.cpp
  zircon_render_graph_pass_model_static.cpp
  zircon_render_graph_pass_editor_imgui.cpp
  zircon_render_graph_pass_editor_present.cpp
  zircon_render_graph_pass_editor_model_static.cpp
  main_render_dll.cpp
  zircon_render_graph_pass_editor_grid.cpp
  zircon_render_graph_pass_console.cpp
  zircon_renderer_nri.cpp
  zircon_render_graph_pass_editor_gizmo_own.cpp
  zircon_render_graph_pass_editor_gizmo_imguizmo.cpp
  ImGuizmo.cpp
  zircon_passlib.cpp
  zircon.render.vcxproj -> D:\a\zircon\zircon\build\lib\Debug\zircon.render.lib
  zircon.render.passes.bgfx.static.vcxproj -> D:\a\zircon\zircon\build\lib\Debug\zircon.render.passes.bgfx.static.lib
  Building Custom Rule D:/a/zircon/zircon/src/engine/CMakeLists.txt
  Building Custom Rule D:/a/zircon/zircon/src/render/CMakeLists.txt
  zircon_render_graph_pass_present.cpp
  zircon_game_manager.cpp
  zircon_render_graph_pass_model_static.cpp
  zircon_render_graph_pass_editor_imgui.cpp
  zircon_render_graph_pass_editor_present.cpp
  zircon_resource_manager.cpp
  main_game_dll.cpp
  zircon_unit_tests_game.cpp
D:\a\zircon\zircon\src\engine\zircon_resource_manager.h(350,1): warning C4067: unexpected tokens following preprocessor directive - expected a newline [D:\a\zircon\zircon\build\src\engine\zircon.vcxproj]
  (compiling source file '../../../src/engine/zircon_game_manager.cpp')
  
D:\a\zircon\zircon\src\engine\main_game_dll.cpp(76,6): warning C4273: 'InitializeModule_Game': inconsistent dll linkage [D:\a\zircon\zircon\build\src\engine\zircon.vcxproj]
      D:\a\zircon\zircon\src\engine\zircon_game.h(40,36):
      see previous definition of 'InitializeModule_Game'
  
D:\a\zircon\zircon\src\engine\main_game_dll.cpp(149,6): warning C4273: 'ShutdownModule_Game': inconsistent dll linkage [D:\a\zircon\zircon\build\src\engine\zircon.vcxproj]
      D:\a\zircon\zircon\src\engine\zircon_game.h(42,36):
      see previous definition of 'ShutdownModule_Game'
  
D:\a\zircon\zircon\src\engine\main_game_dll.cpp(193,6): warning C4273: 'UpdateModule_Game': inconsistent dll linkage [D:\a\zircon\zircon\build\src\engine\zircon.vcxproj]
      D:\a\zircon\zircon\src\engine\zircon_game.h(44,36):
      see previous definition of 'UpdateModule_Game'
  
D:\a\zircon\zircon\src\engine\main_game_dll.cpp(295,6): warning C4273: 'InitializeModule_Render': inconsistent dll linkage [D:\a\zircon\zircon\build\src\engine\zircon.vcxproj]
      D:\a\zircon\zircon\src\engine\zircon_game.h(46,36):
      see previous definition of 'InitializeModule_Render'
  
D:\a\zircon\zircon\src\engine\zircon_resource_manager.h(350,1): warning C4067: unexpected tokens following preprocessor directive - expected a newline [D:\a\zircon\zircon\build\src\engine\zircon.vcxproj]
  (compiling source file '../../../src/engine/zircon_resource_manager.cpp')
  
D:\a\zircon\zircon\src\engine\zircon_resource_manager.h(350,1): warning C4067: unexpected tokens following preprocessor directive - expected a newline [D:\a\zircon\zircon\build\src\engine\zircon.vcxproj]
  (compiling source file '../../../src/engine/zircon_unit_tests_game.cpp')
  
  zircon_render_graph_pass_editor_model_static.cpp
  zircon_render_graph_pass_editor_grid.cpp
  zircon_render_graph_pass_editor_gizmo_own.cpp
  zircon_render_graph_pass_editor_gizmo_imguizmo.cpp
  zircon_unit_tests_editor.cpp
  zircon_unit_tests_command_history.cpp
  zircon_unit_tests_render_passes.cpp
  zircon_unit_tests_gltf_loader.cpp
  ImGuizmo.cpp
  zircon_passlib.cpp
  zircon_unit_tests_passlib.cpp
  zircon_unit_tests_cancel_arbiter.cpp
  zircon_unit_tests_camera_sdk.cpp
  zircon_unit_tests_localization.cpp
D:\a\zircon\zircon\src\render\bgfx\passes\imguizmo\ImGuizmo.cpp(630,11): warning C4273: 'ImGuizmo::Style::Style': inconsistent dll linkage [D:\a\zircon\zircon\build\src\render\zircon.render.passes.bgfx.vcxproj]
      D:\a\zircon\zircon\src\render\bgfx\passes\imguizmo\ImGuizmo.h(333,7):
      see previous definition of 'ImGuizmo::Style::Style'
  
D:\a\zircon\zircon\src\render\bgfx\passes\imguizmo\ImGuizmo.cpp(841,11): warning C4273: 'ImGuizmo::GetStyle': inconsistent dll linkage [D:\a\zircon\zircon\build\src\render\zircon.render.passes.bgfx.vcxproj]
      D:\a\zircon\zircon\src\render\bgfx\passes\imguizmo\ImGuizmo.h(347,21):
      see previous definition of 'ImGuizmo::GetStyle'
  
D:\a\zircon\zircon\src\render\bgfx\passes\imguizmo\ImGuizmo.cpp(922,9): warning C4273: 'ImGuizmo::ComputeMouseRay': inconsistent dll linkage [D:\a\zircon\zircon\build\src\render\zircon.render.passes.bgfx.vcxproj]
      D:\a\zircon\zircon\src\render\bgfx\passes\imguizmo\ImGuizmo.h(309,19):
      see previous definition of 'ImGuizmo::ComputeMouseRay'
  
D:\a\zircon\zircon\src\render\bgfx\passes\imguizmo\ImGuizmo.cpp(1038,9): warning C4273: 'ImGuizmo::SetRect': inconsistent dll linkage [D:\a\zircon\zircon\build\src\render\zircon.render.passes.bgfx.vcxproj]
      D:\a\zircon\zircon\src\render\bgfx\passes\imguizmo\ImGuizmo.h(169,19):
      see previous definition of 'ImGuizmo::SetRect'
  
D:\a\zircon\zircon\src\render\bgfx\passes\imguizmo\ImGuizmo.cpp(1049,9): warning C4273: 'ImGuizmo::SetOrthographic': inconsistent dll linkage [D:\a\zircon\zircon\build\src\render\zircon.render.passes.bgfx.vcxproj]
      D:\a\zircon\zircon\src\render\bgfx\passes\imguizmo\ImGuizmo.h(171,19):
      see previous definition of 'ImGuizmo::SetOrthographic'
  
D:\a\zircon\zircon\src\render\bgfx\passes\imguizmo\ImGuizmo.cpp(1054,9): warning C4273: 'ImGuizmo::SetDrawlist': inconsistent dll linkage [D:\a\zircon\zircon\build\src\render\zircon.render.passes.bgfx.vcxproj]
      D:\a\zircon\zircon\src\render\bgfx\passes\imguizmo\ImGuizmo.h(125,19):
      see previous definition of 'ImGuizmo::SetDrawlist'
  
D:\a\zircon\zircon\src\render\bgfx\passes\imguizmo\ImGuizmo.cpp(1059,9): warning C4273: 'ImGuizmo::SetImGuiContext': inconsistent dll linkage [D:\a\zircon\zircon\build\src\render\zircon.render.passes.bgfx.vcxproj]
      D:\a\zircon\zircon\src\render\bgfx\passes\imguizmo\ImGuizmo.h(134,19):
      see previous definition of 'ImGuizmo::SetImGuiContext'
  
D:\a\zircon\zircon\src\render\bgfx\passes\imguizmo\ImGuizmo.cpp(1064,9): warning C4273: 'ImGuizmo::BeginFrame': inconsistent dll linkage [D:\a\zircon\zircon\build\src\render\zircon.render.passes.bgfx.vcxproj]
      D:\a\zircon\zircon\src\render\bgfx\passes\imguizmo\ImGuizmo.h(128,19):
      see previous definition of 'ImGuizmo::BeginFrame'
  
D:\a\zircon\zircon\src\render\bgfx\passes\imguizmo\ImGuizmo.cpp(1093,9): warning C4273: 'ImGuizmo::IsUsing': inconsistent dll linkage [D:\a\zircon\zircon\build\src\render\zircon.render.passes.bgfx.vcxproj]
      D:\a\zircon\zircon\src\render\bgfx\passes\imguizmo\ImGuizmo.h(140,19):
      see previous definition of 'ImGuizmo::IsUsing'
  
D:\a\zircon\zircon\src\render\bgfx\passes\imguizmo\ImGuizmo.cpp(1098,9): warning C4273: 'ImGuizmo::IsUsingViewManipulate': inconsistent dll linkage [D:\a\zircon\zircon\build\src\render\zircon.render.passes.bgfx.vcxproj]
      D:\a\zircon\zircon\src\render\bgfx\passes\imguizmo\ImGuizmo.h(143,19):
      see previous definition of 'ImGuizmo::IsUsingViewManipulate'
  
D:\a\zircon\zircon\src\render\bgfx\passes\imguizmo\ImGuizmo.cpp(1103,9): warning C4273: 'ImGuizmo::IsViewManipulateHovered': inconsistent dll linkage [D:\a\zircon\zircon\build\src\render\zircon.render.passes.bgfx.vcxproj]
      D:\a\zircon\zircon\src\render\bgfx\passes\imguizmo\ImGuizmo.h(145,19):
      see previous definition of 'ImGuizmo::IsViewManipulateHovered'
  
D:\a\zircon\zircon\src\render\bgfx\passes\imguizmo\ImGuizmo.cpp(1108,9): warning C4273: 'ImGuizmo::IsUsingAny': inconsistent dll linkage [D:\a\zircon\zircon\build\src\render\zircon.render.passes.bgfx.vcxproj]
      D:\a\zircon\zircon\src\render\bgfx\passes\imguizmo\ImGuizmo.h(148,19):
      see previous definition of 'ImGuizmo::IsUsingAny'
  
D:\a\zircon\zircon\src\render\bgfx\passes\imguizmo\ImGuizmo.cpp(1113,9): warning C4273: 'ImGuizmo::IsOver': inconsistent dll linkage [D:\a\zircon\zircon\build\src\render\zircon.render.passes.bgfx.vcxproj]
      D:\a\zircon\zircon\src\render\bgfx\passes\imguizmo\ImGuizmo.h(137,19):
      see previous definition of 'ImGuizmo::IsOver'
  
D:\a\zircon\zircon\src\render\bgfx\passes\imguizmo\ImGuizmo.cpp(1122,9): warning C4273: 'ImGuizmo::IsOver': inconsistent dll linkage [D:\a\zircon\zircon\build\src\render\zircon.render.passes.bgfx.vcxproj]
      D:\a\zircon\zircon\src\render\bgfx\passes\imguizmo\ImGuizmo.h(260,19):
      see previous definition of 'ImGuizmo::IsOver'
  
D:\a\zircon\zircon\src\render\bgfx\passes\imguizmo\ImGuizmo.cpp(1143,13): warning C4273: 'ImGuizmo::GetActiveHandleType': inconsistent dll linkage [D:\a\zircon\zircon\build\src\render\zircon.render.passes.bgfx.vcxproj]
      D:\a\zircon\zircon\src\render\bgfx\passes\imguizmo\ImGuizmo.h(285,23):
      see previous definition of 'ImGuizmo::GetActiveHandleType'
  
D:\a\zircon\zircon\src\render\bgfx\passes\imguizmo\ImGuizmo.cpp(1152,13): warning C4273: 'ImGuizmo::GetHoveredHandleType': inconsistent dll linkage [D:\a\zircon\zircon\build\src\render\zircon.render.passes.bgfx.vcxproj]
      D:\a\zircon\zircon\src\render\bgfx\passes\imguizmo\ImGuizmo.h(287,23):
      see previous definition of 'ImGuizmo::GetHoveredHandleType'
  
D:\a\zircon\zircon\src\render\bgfx\passes\imguizmo\ImGuizmo.cpp(1157,13): warning C4273: 'ImGuizmo::GetActiveMoveType': inconsistent dll linkage [D:\a\zircon\zircon\build\src\render\zircon.render.passes.bgfx.vcxproj]
      D:\a\zircon\zircon\src\render\bgfx\passes\imguizmo\ImGuizmo.h(289,23):
      see previous definition of 'ImGuizmo::GetActiveMoveType'
  
D:\a\zircon\zircon\src\render\bgfx\passes\imguizmo\ImGuizmo.cpp(1162,13): warning C4273: 'ImGuizmo::GetHoveredMoveType': inconsistent dll linkage [D:\a\zircon\zircon\build\src\render\zircon.render.passes.bgfx.vcxproj]
      D:\a\zircon\zircon\src\render\bgfx\passes\imguizmo\ImGuizmo.h(290,23):
      see previous definition of 'ImGuizmo::GetHoveredMoveType'
  
D:\a\zircon\zircon\src\render\bgfx\passes\imguizmo\ImGuizmo.cpp(1167,9): warning C4273: 'ImGuizmo::Enable': inconsistent dll linkage [D:\a\zircon\zircon\build\src\render\zircon.render.passes.bgfx.vcxproj]
      D:\a\zircon\zircon\src\render\bgfx\passes\imguizmo\ImGuizmo.h(152,19):
      see previous definition of 'ImGuizmo::Enable'
  
D:\a\zircon\zircon\src\render\bgfx\passes\imguizmo\ImGuizmo.cpp(2687,9): warning C4273: 'ImGuizmo::DecomposeMatrixToComponents': inconsistent dll linkage [D:\a\zircon\zircon\build\src\render\zircon.render.passes.bgfx.vcxproj]
      D:\a\zircon\zircon\src\render\bgfx\passes\imguizmo\ImGuizmo.h(166,19):
      see previous definition of 'ImGuizmo::DecomposeMatrixToComponents'
  
D:\a\zircon\zircon\src\render\bgfx\passes\imguizmo\ImGuizmo.cpp(2706,9): warning C4273: 'ImGuizmo::RecomposeMatrixFromComponents': inconsistent dll linkage [D:\a\zircon\zircon\build\src\render\zircon.render.passes.bgfx.vcxproj]
      D:\a\zircon\zircon\src\render\bgfx\passes\imguizmo\ImGuizmo.h(167,19):
      see previous definition of 'ImGuizmo::RecomposeMatrixFromComponents'
  
D:\a\zircon\zircon\src\render\bgfx\passes\imguizmo\ImGuizmo.cpp(2736,9): warning C4273: 'ImGuizmo::SetAlternativeWindow': inconsistent dll linkage [D:\a\zircon\zircon\build\src\render\zircon.render.passes.bgfx.vcxproj]
      D:\a\zircon\zircon\src\render\bgfx\passes\imguizmo\ImGuizmo.h(234,19):
      see previous definition of 'ImGuizmo::SetAlternativeWindow'
  
D:\a\zircon\zircon\src\render\bgfx\passes\imguizmo\ImGuizmo.cpp(2741,9): warning C4273: 'ImGuizmo::SetID': inconsistent dll linkage [D:\a\zircon\zircon\build\src\render\zircon.render.passes.bgfx.vcxproj]
      D:\a\zircon\zircon\src\render\bgfx\passes\imguizmo\ImGuizmo.h(237,19):
      see previous definition of 'ImGuizmo::SetID'
  
D:\a\zircon\zircon\src\render\bgfx\passes\imguizmo\ImGuizmo.cpp(2750,12): warning C4273: 'ImGuizmo::GetID': inconsistent dll linkage [D:\a\zircon\zircon\build\src\render\zircon.render.passes.bgfx.vcxproj]
      D:\a\zircon\zircon\src\render\bgfx\passes\imguizmo\ImGuizmo.h(256,26):
      see previous definition of 'ImGuizmo::GetID'
  
D:\a\zircon\zircon\src\render\bgfx\passes\imguizmo\ImGuizmo.cpp(2757,12): warning C4273: 'ImGuizmo::GetID': inconsistent dll linkage [D:\a\zircon\zircon\build\src\render\zircon.render.passes.bgfx.vcxproj]
      D:\a\zircon\zircon\src\render\bgfx\passes\imguizmo\ImGuizmo.h(255,26):
      see previous definition of 'ImGuizmo::GetID'
  
D:\a\zircon\zircon\src\render\bgfx\passes\imguizmo\ImGuizmo.cpp(2762,12): warning C4273: 'ImGuizmo::GetID': inconsistent dll linkage [D:\a\zircon\zircon\build\src\render\zircon.render.passes.bgfx.vcxproj]
      D:\a\zircon\zircon\src\render\bgfx\passes\imguizmo\ImGuizmo.h(257,26):
      see previous definition of 'ImGuizmo::GetID'
  
D:\a\zircon\zircon\src\render\bgfx\passes\imguizmo\ImGuizmo.cpp(2776,9): warning C4273: 'ImGuizmo::PushID': inconsistent dll linkage [D:\a\zircon\zircon\build\src\render\zircon.render.passes.bgfx.vcxproj]
      D:\a\zircon\zircon\src\render\bgfx\passes\imguizmo\ImGuizmo.h(250,26):
      see previous definition of 'ImGuizmo::PushID'
  
D:\a\zircon\zircon\src\render\bgfx\passes\imguizmo\ImGuizmo.cpp(2782,9): warning C4273: 'ImGuizmo::PushID': inconsistent dll linkage [D:\a\zircon\zircon\build\src\render\zircon.render.passes.bgfx.vcxproj]
      D:\a\zircon\zircon\src\render\bgfx\passes\imguizmo\ImGuizmo.h(251,26):
      see previous definition of 'ImGuizmo::PushID'
  
D:\a\zircon\zircon\src\render\bgfx\passes\imguizmo\ImGuizmo.cpp(2788,9): warning C4273: 'ImGuizmo::PushID': inconsistent dll linkage [D:\a\zircon\zircon\build\src\render\zircon.render.passes.bgfx.vcxproj]
      D:\a\zircon\zircon\src\render\bgfx\passes\imguizmo\ImGuizmo.h(252,26):
      see previous definition of 'ImGuizmo::PushID'
  
D:\a\zircon\zircon\src\render\bgfx\passes\imguizmo\ImGuizmo.cpp(2794,9): warning C4273: 'ImGuizmo::PushID': inconsistent dll linkage [D:\a\zircon\zircon\build\src\render\zircon.render.passes.bgfx.vcxproj]
      D:\a\zircon\zircon\src\render\bgfx\passes\imguizmo\ImGuizmo.h(253,26):
      see previous definition of 'ImGuizmo::PushID'
  
D:\a\zircon\zircon\src\render\bgfx\passes\imguizmo\ImGuizmo.cpp(2800,9): warning C4273: 'ImGuizmo::PopID': inconsistent dll linkage [D:\a\zircon\zircon\build\src\render\zircon.render.passes.bgfx.vcxproj]
      D:\a\zircon\zircon\src\render\bgfx\passes\imguizmo\ImGuizmo.h(254,26):
      see previous definition of 'ImGuizmo::PopID'
  
D:\a\zircon\zircon\src\render\bgfx\passes\imguizmo\ImGuizmo.cpp(2810,9): warning C4273: 'ImGuizmo::AllowAxisFlip': inconsistent dll linkage [D:\a\zircon\zircon\build\src\render\zircon.render.passes.bgfx.vcxproj]
      D:\a\zircon\zircon\src\render\bgfx\passes\imguizmo\ImGuizmo.h(295,19):
      see previous definition of 'ImGuizmo::AllowAxisFlip'
  
D:\a\zircon\zircon\src\render\bgfx\passes\imguizmo\ImGuizmo.cpp(2815,9): warning C4273: 'ImGuizmo::SetAxisLimit': inconsistent dll linkage [D:\a\zircon\zircon\build\src\render\zircon.render.passes.bgfx.vcxproj]
      D:\a\zircon\zircon\src\render\bgfx\passes\imguizmo\ImGuizmo.h(298,19):
      see previous definition of 'ImGuizmo::SetAxisLimit'
  
D:\a\zircon\zircon\src\render\bgfx\passes\imguizmo\ImGuizmo.cpp(2820,9): warning C4273: 'ImGuizmo::SetAxisMask': inconsistent dll linkage [D:\a\zircon\zircon\build\src\render\zircon.render.passes.bgfx.vcxproj]
      D:\a\zircon\zircon\src\render\bgfx\passes\imguizmo\ImGuizmo.h(300,19):
      see previous definition of 'ImGuizmo::SetAxisMask'
  
D:\a\zircon\zircon\src\render\bgfx\passes\imguizmo\ImGuizmo.cpp(2825,9): warning C4273: 'ImGuizmo::SetPlaneLimit': inconsistent dll linkage [D:\a\zircon\zircon\build\src\render\zircon.render.passes.bgfx.vcxproj]
      D:\a\zircon\zircon\src\render\bgfx\passes\imguizmo\ImGuizmo.h(302,19):
      see previous definition of 'ImGuizmo::SetPlaneLimit'
  
D:\a\zircon\zircon\src\render\bgfx\passes\imguizmo\ImGuizmo.cpp(2830,9): warning C4273: 'ImGuizmo::IsOver': inconsistent dll linkage [D:\a\zircon\zircon\build\src\render\zircon.render.passes.bgfx.vcxproj]
      D:\a\zircon\zircon\src\render\bgfx\passes\imguizmo\ImGuizmo.h(304,19):
      see previous definition of 'ImGuizmo::IsOver'
  
D:\a\zircon\zircon\src\render\bgfx\passes\imguizmo\ImGuizmo.cpp(2838,9): warning C4273: 'ImGuizmo::Manipulate': inconsistent dll linkage [D:\a\zircon\zircon\build\src\render\zircon.render.passes.bgfx.vcxproj]
      D:\a\zircon\zircon\src\render\bgfx\passes\imguizmo\ImGuizmo.h(223,19):
      see previous definition of 'ImGuizmo::Manipulate'
  
D:\a\zircon\zircon\src\render\bgfx\passes\imguizmo\ImGuizmo.cpp(2892,9): warning C4273: 'ImGuizmo::SetGizmoSizeClipSpace': inconsistent dll linkage [D:\a\zircon\zircon\build\src\render\zircon.render.passes.bgfx.vcxproj]
      D:\a\zircon\zircon\src\render\bgfx\passes\imguizmo\ImGuizmo.h(261,19):
      see previous definition of 'ImGuizmo::SetGizmoSizeClipSpace'
  
D:\a\zircon\zircon\src\render\bgfx\passes\imguizmo\ImGuizmo.cpp(2936,9): warning C4273: 'ImGuizmo::DrawAxes': inconsistent dll linkage [D:\a\zircon\zircon\build\src\render\zircon.render.passes.bgfx.vcxproj]
      D:\a\zircon\zircon\src\render\bgfx\passes\imguizmo\ImGuizmo.h(174,19):
      see previous definition of 'ImGuizmo::DrawAxes'
  
D:\a\zircon\zircon\src\render\bgfx\passes\imguizmo\ImGuizmo.cpp(3016,9): warning C4273: 'ImGuizmo::DrawCubes': inconsistent dll linkage [D:\a\zircon\zircon\build\src\render\zircon.render.passes.bgfx.vcxproj]
      D:\a\zircon\zircon\src\render\bgfx\passes\imguizmo\ImGuizmo.h(176,19):
      see previous definition of 'ImGuizmo::DrawCubes'
  
D:\a\zircon\zircon\src\render\bgfx\passes\imguizmo\ImGuizmo.cpp(3144,9): warning C4273: 'ImGuizmo::DrawGrid': inconsistent dll linkage [D:\a\zircon\zircon\build\src\render\zircon.render.passes.bgfx.vcxproj]
      D:\a\zircon\zircon\src\render\bgfx\passes\imguizmo\ImGuizmo.h(177,19):
      see previous definition of 'ImGuizmo::DrawGrid'
  
D:\a\zircon\zircon\src\render\bgfx\passes\imguizmo\ImGuizmo.cpp(3200,9): warning C4273: 'ImGuizmo::DrawGridCustom': inconsistent dll linkage [D:\a\zircon\zircon\build\src\render\zircon.render.passes.bgfx.vcxproj]
      D:\a\zircon\zircon\src\render\bgfx\passes\imguizmo\ImGuizmo.h(180,19):
      see previous definition of 'ImGuizmo::DrawGridCustom'
  
D:\a\zircon\zircon\src\render\bgfx\passes\imguizmo\ImGuizmo.cpp(3208,9): warning C4273: 'ImGuizmo::DrawGridCustomColor': inconsistent dll linkage [D:\a\zircon\zircon\build\src\render\zircon.render.passes.bgfx.vcxproj]
      D:\a\zircon\zircon\src\render\bgfx\passes\imguizmo\ImGuizmo.h(182,19):
      see previous definition of 'ImGuizmo::DrawGridCustomColor'
  
D:\a\zircon\zircon\src\render\bgfx\passes\imguizmo\ImGuizmo.cpp(3290,9): warning C4273: 'ImGuizmo::ViewManipulate': inconsistent dll linkage [D:\a\zircon\zircon\build\src\render\zircon.render.passes.bgfx.vcxproj]
      D:\a\zircon\zircon\src\render\bgfx\passes\imguizmo\ImGuizmo.h(232,19):
      see previous definition of 'ImGuizmo::ViewManipulate'
  
D:\a\zircon\zircon\src\render\bgfx\passes\imguizmo\ImGuizmo.cpp(3297,9): warning C4273: 'ImGuizmo::ViewManipulate': inconsistent dll linkage [D:\a\zircon\zircon\build\src\render\zircon.render.passes.bgfx.vcxproj]
      D:\a\zircon\zircon\src\render\bgfx\passes\imguizmo\ImGuizmo.h(229,19):
      see previous definition of 'ImGuizmo::ViewManipulate'
  
  generating game.ktk's export surface for the passes DLL
  CMake Warning (dev) at D:/a/zircon/zircon/cmake/zircon_generate_exports.cmake:57 (if):
    Policy CMP0057 is not set: Support new IN_LIST if() operator.  Run "cmake
    --help-policy CMP0057" for policy details.  Use the cmake_policy command to
    set the policy and suppress this warning.
  
    IN_LIST will be interpreted as an operator when the policy is set to NEW.
    Since the policy is not set the OLD behavior will be used.
  This warning is for project developers.  Use -Wno-dev to suppress it.
  
  CMake Error at D:/a/zircon/zircon/cmake/zircon_generate_exports.cmake:57 (if):
    if given arguments:
  
      "NRI_D3D12.lib" "IN_LIST" "_exclude"
  
    Unknown arguments specified
  
  
C:\Program Files\Microsoft Visual Studio\2022\Enterprise\MSBuild\Microsoft\VC\v170\Microsoft.CppCommon.targets(161,5): error MSB3073: The command "setlocal [D:\a\zircon\zircon\build\src\engine\zircon.vcxproj]
C:\Program Files\Microsoft Visual Studio\2022\Enterprise\MSBuild\Microsoft\VC\v170\Microsoft.CppCommon.targets(161,5): error MSB3073: "C:\Program Files\CMake\bin\cmake.exe" "-DZIRCON_GENERATE_EXPORTS_DUMPBIN=C:/Program Files/Microsoft Visual Studio/2022/Enterprise/VC/Tools/MSVC/14.44.35207/bin/Hostx64/x64/dumpbin.exe" -DZIRCON_GENERATE_EXPORTS_OUT=D:/a/zircon/zircon/build/generated/zircon_game_exports_Debug.def -DZIRCON_GENERATE_EXPORTS_LIBDIR=D:/a/zircon/zircon/build/lib/Debug "-DZIRCON_GENERATE_EXPORTS_EXCLUDE=game.lib|kotek.core.tests.plugin.lib|kotek.core.main_manager.tests.plugin.lib|kotek.render.gl.glad.lib|zircon.render.passes.bgfx.lib|kotek.render.gl.lib|kotek.render.vk.lib|kotek.render.software.lib|kotek.render.shared.gl.lib|kotek.render.shared.vk.lib|kotek.render.shared.dx.lib|kotek.render.nri.lib|NRI_D3D12.lib|NRI_Shared.lib|NRI_Validation.lib|kotek.core.window.glfw.lib|kotek.core.os.linux.lib|kotek.core.defines.static.os.linux.lib|kotek.core.memory.gpu.vulkan.lib|kotek.ui.rmlui.lib|kotek.ui.videoplayer.lib|kotek.ui.videoplayer.avif.lib|kotek.game.lib|kotek.core.lib|kotek.core.containers.string.lib|kotek.core.enum.core.lib|kotek.core.input.lib|kotek.core.math.lib" "-DZIRCON_GENERATE_EXPORTS_EXTRALIBS=D:/a/zircon/zircon/kotek/vcpkg/installed/x64-windows-static/debug/lib/bgfx.lib|D:/a/zircon/zircon/kotek/vcpkg/installed/x64-windows-static/debug/lib/bx.lib|D:/a/zircon/zircon/kotek/vcpkg/installed/x64-windows-static/debug/lib/bimg.lib|D:/a/zircon/zircon/kotek/vcpkg/installed/x64-windows-static/debug/lib/bimg_decode.lib|D:/a/zircon/zircon/build/lib/Debug/kotek.ui.imgui.lib" -DZIRCON_GENERATE_EXPORTS_OBJDIR=D:/a/zircon/zircon/build/src/engine/zircon.dir/Debug "-DZIRCON_GENERATE_EXPORTS_TESTLIB_OBJDIRS=@OBJECTS_SKIP_TESTS:D:/a/zircon/zircon/build/kotek/src/kotek.core/kotek.core.dir/Debug|@OBJECTS_SKIP_TESTS:D:/a/zircon/zircon/build/kotek/src/kotek.core.containers.string/kotek.core.containers.string.dir/Debug|@OBJECTS_SKIP_TESTS:D:/a/zircon/zircon/build/kotek/src/kotek.core.enum.core/kotek.core.enum.core.dir/Debug|@OBJECTS_SKIP_TESTS:D:/a/zircon/zircon/build/kotek/src/kotek.core.input/kotek.core.input.dir/Debug|@OBJECTS_SKIP_TESTS:D:/a/zircon/zircon/build/kotek/src/kotek.core.math/kotek.core.math.dir/Debug" -P D:/a/zircon/zircon/cmake/zircon_generate_exports.cmake [D:\a\zircon\zircon\build\src\engine\zircon.vcxproj]
C:\Program Files\Microsoft Visual Studio\2022\Enterprise\MSBuild\Microsoft\VC\v170\Microsoft.CppCommon.targets(161,5): error MSB3073: if %errorlevel% neq 0 goto :cmEnd [D:\a\zircon\zircon\build\src\engine\zircon.vcxproj]
C:\Program Files\Microsoft Visual Studio\2022\Enterprise\MSBuild\Microsoft\VC\v170\Microsoft.CppCommon.targets(161,5): error MSB3073: :cmEnd [D:\a\zircon\zircon\build\src\engine\zircon.vcxproj]
C:\Program Files\Microsoft Visual Studio\2022\Enterprise\MSBuild\Microsoft\VC\v170\Microsoft.CppCommon.targets(161,5): error MSB3073: endlocal & call :cmErrorLevel %errorlevel% & goto :cmDone [D:\a\zircon\zircon\build\src\engine\zircon.vcxproj]
C:\Program Files\Microsoft Visual Studio\2022\Enterprise\MSBuild\Microsoft\VC\v170\Microsoft.CppCommon.targets(161,5): error MSB3073: :cmErrorLevel [D:\a\zircon\zircon\build\src\engine\zircon.vcxproj]
C:\Program Files\Microsoft Visual Studio\2022\Enterprise\MSBuild\Microsoft\VC\v170\Microsoft.CppCommon.targets(161,5): error MSB3073: exit /b %1 [D:\a\zircon\zircon\build\src\engine\zircon.vcxproj]
C:\Program Files\Microsoft Visual Studio\2022\Enterprise\MSBuild\Microsoft\VC\v170\Microsoft.CppCommon.targets(161,5): error MSB3073: :cmDone [D:\a\zircon\zircon\build\src\engine\zircon.vcxproj]
C:\Program Files\Microsoft Visual Studio\2022\Enterprise\MSBuild\Microsoft\VC\v170\Microsoft.CppCommon.targets(161,5): error MSB3073: if %errorlevel% neq 0 goto :VCEnd [D:\a\zircon\zircon\build\src\engine\zircon.vcxproj]
C:\Program Files\Microsoft Visual Studio\2022\Enterprise\MSBuild\Microsoft\VC\v170\Microsoft.CppCommon.targets(161,5): error MSB3073: :VCEnd" exited with code 1. [D:\a\zircon\zircon\build\src\engine\zircon.vcxproj]
  -- [zircon]: waiting for game.ktk's import library (produced by target 'zircon') (60s elapsed): D:/a/zircon/zircon/build/lib/Debug/game.lib
  -- [zircon]: waiting for game.ktk's import library (produced by target 'zircon') (120s elapsed): D:/a/zircon/zircon/build/lib/Debug/game.lib
  -- [zircon]: waiting for game.ktk's import library (produced by target 'zircon') (180s elapsed): D:/a/zircon/zircon/build/lib/Debug/game.lib
  -- [zircon]: waiting for game.ktk's import library (produced by target 'zircon') (240s elapsed): D:/a/zircon/zircon/build/lib/Debug/game.lib
  -- [zircon]: waiting for game.ktk's import library (produced by target 'zircon') (300s elapsed): D:/a/zircon/zircon/build/lib/Debug/game.lib
  -- [zircon]: waiting for game.ktk's import library (produced by target 'zircon') (360s elapsed): D:/a/zircon/zircon/build/lib/Debug/game.lib
  -- [zircon]: waiting for game.ktk's import library (produced by target 'zircon') (420s elapsed): D:/a/zircon/zircon/build/lib/Debug/game.lib
  -- [zircon]: waiting for game.ktk's import library (produced by target 'zircon') (480s elapsed): D:/a/zircon/zircon/build/lib/Debug/game.lib
  -- [zircon]: waiting for game.ktk's import library (produced by target 'zircon') (540s elapsed): D:/a/zircon/zircon/build/lib/Debug/game.lib
  -- [zircon]: waiting for game.ktk's import library (produced by target 'zircon') (600s elapsed): D:/a/zircon/zircon/build/lib/Debug/game.lib
  -- [zircon]: waiting for game.ktk's import library (produced by target 'zircon') (660s elapsed): D:/a/zircon/zircon/build/lib/Debug/game.lib
  -- [zircon]: waiting for game.ktk's import library (produced by target 'zircon') (720s elapsed): D:/a/zircon/zircon/build/lib/Debug/game.lib
  -- [zircon]: waiting for game.ktk's import library (produced by target 'zircon') (780s elapsed): D:/a/zircon/zircon/build/lib/Debug/game.lib
  -- [zircon]: waiting for game.ktk's import library (produced by target 'zircon') (840s elapsed): D:/a/zircon/zircon/build/lib/Debug/game.lib
  -- [zircon]: waiting for game.ktk's import library (produced by target 'zircon') (900s elapsed): D:/a/zircon/zircon/build/lib/Debug/game.lib
  -- [zircon]: waiting for game.ktk's import library (produced by target 'zircon') (960s elapsed): D:/a/zircon/zircon/build/lib/Debug/game.lib
  -- [zircon]: waiting for game.ktk's import library (produced by target 'zircon') (1020s elapsed): D:/a/zircon/zircon/build/lib/Debug/game.lib
  -- [zircon]: waiting for game.ktk's import library (produced by target 'zircon') (1080s elapsed): D:/a/zircon/zircon/build/lib/Debug/game.lib
  -- [zircon]: waiting for game.ktk's import library (produced by target 'zircon') (1140s elapsed): D:/a/zircon/zircon/build/lib/Debug/game.lib
  -- [zircon]: waiting for game.ktk's import library (produced by target 'zircon') (1200s elapsed): D:/a/zircon/zircon/build/lib/Debug/game.lib
  -- [zircon]: waiting for game.ktk's import library (produced by target 'zircon') (1260s elapsed): D:/a/zircon/zircon/build/lib/Debug/game.lib
  -- [zircon]: waiting for game.ktk's import library (produced by target 'zircon') (1320s elapsed): D:/a/zircon/zircon/build/lib/Debug/game.lib
  -- [zircon]: waiting for game.ktk's import library (produced by target 'zircon') (1380s elapsed): D:/a/zircon/zircon/build/lib/Debug/game.lib
  -- [zircon]: waiting for game.ktk's import library (produced by target 'zircon') (1440s elapsed): D:/a/zircon/zircon/build/lib/Debug/game.lib
  -- [zircon]: waiting for game.ktk's import library (produced by target 'zircon') (1500s elapsed): D:/a/zircon/zircon/build/lib/Debug/game.lib
  -- [zircon]: waiting for game.ktk's import library (produced by target 'zircon') (1560s elapsed): D:/a/zircon/zircon/build/lib/Debug/game.lib
  -- [zircon]: waiting for game.ktk's import library (produced by target 'zircon') (1620s elapsed): D:/a/zircon/zircon/build/lib/Debug/game.lib
  -- [zircon]: waiting for game.ktk's import library (produced by target 'zircon') (1680s elapsed): D:/a/zircon/zircon/build/lib/Debug/game.lib
  -- [zircon]: waiting for game.ktk's import library (produced by target 'zircon') (1740s elapsed): D:/a/zircon/zircon/build/lib/Debug/game.lib
  CMake Error at D:/a/zircon/zircon/cmake/zircon_wait_for_file.cmake:35 (message):
    [zircon]: timed out after 1800s waiting for game.ktk's import library
    (produced by target 'zircon') at
    'D:/a/zircon/zircon/build/lib/Debug/game.lib' ΓÇö build the full solution
    (ALL_BUILD) once so the producing target creates it, then retry
  
  
C:\Program Files\Microsoft Visual Studio\2022\Enterprise\MSBuild\Microsoft\VC\v170\Microsoft.CppCommon.targets(161,5): error MSB3073: The command "setlocal [D:\a\zircon\zircon\build\src\render\zircon.render.passes.bgfx.vcxproj]
C:\Program Files\Microsoft Visual Studio\2022\Enterprise\MSBuild\Microsoft\VC\v170\Microsoft.CppCommon.targets(161,5): error MSB3073: "C:\Program Files\CMake\bin\cmake.exe" -DZIRCON_WAIT_FILE=D:/a/zircon/zircon/build/lib/Debug/game.lib "-DZIRCON_WAIT_DESCRIPTION=game.ktk's import library (produced by target 'zircon')" -P D:/a/zircon/zircon/cmake/zircon_wait_for_file.cmake [D:\a\zircon\zircon\build\src\render\zircon.render.passes.bgfx.vcxproj]
C:\Program Files\Microsoft Visual Studio\2022\Enterprise\MSBuild\Microsoft\VC\v170\Microsoft.CppCommon.targets(161,5): error MSB3073: if %errorlevel% neq 0 goto :cmEnd [D:\a\zircon\zircon\build\src\render\zircon.render.passes.bgfx.vcxproj]
C:\Program Files\Microsoft Visual Studio\2022\Enterprise\MSBuild\Microsoft\VC\v170\Microsoft.CppCommon.targets(161,5): error MSB3073: :cmEnd [D:\a\zircon\zircon\build\src\render\zircon.render.passes.bgfx.vcxproj]
C:\Program Files\Microsoft Visual Studio\2022\Enterprise\MSBuild\Microsoft\VC\v170\Microsoft.CppCommon.targets(161,5): error MSB3073: endlocal & call :cmErrorLevel %errorlevel% & goto :cmDone [D:\a\zircon\zircon\build\src\render\zircon.render.passes.bgfx.vcxproj]
C:\Program Files\Microsoft Visual Studio\2022\Enterprise\MSBuild\Microsoft\VC\v170\Microsoft.CppCommon.targets(161,5): error MSB3073: :cmErrorLevel [D:\a\zircon\zircon\build\src\render\zircon.render.passes.bgfx.vcxproj]
C:\Program Files\Microsoft Visual Studio\2022\Enterprise\MSBuild\Microsoft\VC\v170\Microsoft.CppCommon.targets(161,5): error MSB3073: exit /b %1 [D:\a\zircon\zircon\build\src\render\zircon.render.passes.bgfx.vcxproj]
C:\Program Files\Microsoft Visual Studio\2022\Enterprise\MSBuild\Microsoft\VC\v170\Microsoft.CppCommon.targets(161,5): error MSB3073: :cmDone [D:\a\zircon\zircon\build\src\render\zircon.render.passes.bgfx.vcxproj]
C:\Program Files\Microsoft Visual Studio\2022\Enterprise\MSBuild\Microsoft\VC\v170\Microsoft.CppCommon.targets(161,5): error MSB3073: if %errorlevel% neq 0 goto :VCEnd [D:\a\zircon\zircon\build\src\render\zircon.render.passes.bgfx.vcxproj]
C:\Program Files\Microsoft Visual Studio\2022\Enterprise\MSBuild\Microsoft\VC\v170\Microsoft.CppCommon.targets(161,5): error MSB3073: :VCEnd" exited with code 1. [D:\a\zircon\zircon\build\src\render\zircon.render.passes.bgfx.vcxproj]
