CMake is re-running because D:/prj/cpp/zircon/build-m2/kotek/CMakeFiles/generate.stamp is out-of-date.
  the file 'D:/prj/cpp/zircon/kotek/cmake/library.cmake'
  is newer than 'D:/prj/cpp/zircon/build-m2/kotek/CMakeFiles/generate.stamp.depend'
  result='-1'
-- Selecting Windows SDK version 10.0.26100.0 to target Windows 10.0.26200.
-- applying D:/prj/cpp/zircon/kotek/cmake/windows/compiler_globals.cmake
-- [kotek]: C++ standard is C++20 (KOTEK_WINDOWS_XP=OFF)
-- D:/prj/cpp/zircon/kotek/cmake/windows/compiler_globals.cmake is applied!
[zircon]: build type is 'Debug'
[zircon]: CMAKE_SYSTEM_VERSION='10.0.26200'
[zircon]: your dependency folder is 'vcpkg'
[zircon]: output dir is 'D:/prj/cpp/zircon/build-m2'
-- applying D:/prj/cpp/zircon/kotek/cmake/windows/compiler_globals.cmake
[kotek.engine]: CMAKE_SOURCE_DIR=D:/prj/cpp/zircon
[kotek.engine]: CMAKE_CURRENT_SOURCE_DIR=D:/prj/cpp/zircon/kotek
[kotek.engine]: vcpkg triplet is 'x64-windows-static'
-- applying D:/prj/cpp/zircon/kotek/cmake/library.cmake
-- [kotek]: linkage scenario is 'STATIC' (force static: '', force shared: 'zircon.core;zircon.ecs;zircon.editor;zircon.game;zircon.game.session;zircon.render;zircon.world')
-- D:/prj/cpp/zircon/kotek/cmake/library.cmake is applied!
[kotek.engine]: Your overriden kotek.exe [kotek]
[kotek.engine]: build type is 'Debug'
[kotek.engine]: filename for generating preprocessors: './include/kotek_std_preprocessors.h'
[kotek.engine]: your dependency folder is 'vcpkg'
-- Found Freetype target Freetype::Freetype - Freetype font engine enabled
[kotek.core.defines.static.tests]: TESTS is 'ON'
[kotek.core.defines.static.tests]: TESTS use in runtime is 'ON'
-- [kotek.core.defines.static.tests]: linkage is 'STATIC'
[kotek.core.defines.static.cpp]: KOTEK_STD_LIBRARY=STD
[kotek.core.defines.static.cpp]: standard library is Standard library
[kotek.core.defines.static.cpp]: string configuration is 'OPTIMIZED'
[kotek.core.defines.static.cpp]: development is for EMB environment
[kotek.core.defines.static.cpp]: log backend is 
-- [kotek.core.defines.static.cpp]: using filesystem feature: KOTEK_FILESYSTEM_FEATURE_VFM=
-- [kotek.core.defines.static.cpp]: using filesystem type: KOTEK_FILESYSTEM_TYPE_NATIVE=
-- [kotek.core.defines.static.cpp]: using filesystem type: KOTEK_FILESYSTEM_TYPE_ZLIB=
-- [kotek.core.defines.static.cpp]: linkage is 'STATIC'
-- [kotek.core.defines.static.git]: linkage is 'STATIC'
-- [kotek.core.defines.static.render]: linkage is 'STATIC'
[kotek.core.defines.static.render.dx]: DirectX is 'ON'
-- [kotek.core.defines.static.render.dx]: linkage is 'STATIC'
-- [kotek.core.defines.static.render.gl]: linkage is 'STATIC'
[kotek.core.defines.static.render.vk]: Vulkan is 'ON'
-- [kotek.core.defines.static.render.vk]: linkage is 'STATIC'
[kotek.core.defines.static.render.bgfx]: BGFX is 'ON'
-- [kotek.core.defines.static.render.bgfx]: linkage is 'STATIC'
[kotek.core.defines.static.math]: math library is 'GLM'
-- [kotek.core.defines.static.math]: linkage is 'STATIC'
-- [kotek.core.defines.static.os]: linkage is 'STATIC'
[kotek.core.defines.static.os.win32]: window library is [GLFW]
[kotek.core.defines.static.os.win32]: platform 'Windows NT'
-- [kotek.core.defines.static.os.win32]: linkage is 'STATIC'
[kotek.core.defines.static.os.linux]: window library is [GLFW]
-- [kotek.core.defines.static.os.linux]: linkage is 'STATIC'
[kotek.core.defines.static.profilers]: CPU Profiler is 'OFF'
[kotek.core.defines.static.profilers]: GPU Profiler is 'OFF'
-- [kotek.core.defines.static.profilers]: linkage is 'STATIC'
-- [kotek.core.defines.static.sdk]: linkage is 'STATIC'
[kotek.core.defines.static.string]: UNICODE is 'ON'
-- [kotek.core.defines.static.string]: linkage is 'STATIC'
-- [kotek.core.defines.static]: linkage is 'STATIC'
-- [kotek.core.defines_dependent.text]: linkage is 'STATIC'
-- [kotek.core.defines_dependent.message]: linkage is 'STATIC'
-- [kotek.core.defines_dependent.assert]: linkage is 'STATIC'
-- [kotek.core.defines_dependent.ecs] selected ecs backend: PICO
-- [kotek.core.defines_dependent.ecs]: linkage is 'STATIC'
-- [kotek.core.defines_dependent]: linkage is 'STATIC'
-- [kotek.core.defines]: linkage is 'STATIC'
[kotek.core]: adding tests for runtime in project kotek.core
[kotek.core]: files to attach (KOTEK_TESTS): tests/kotek_core_test_filesystem.cpp;tests/kotek_core_test_json.cpp;tests/kotek_core_test_string.cpp;tests/kotek_core_test_container_deque.cpp;tests/kotek_core_test_container_vector.cpp;tests/kotek_core_test_container_unordered_set.cpp;tests/kotek_core_test_container_unordered_map.cpp;tests/kotek_core_test_container_set.cpp;tests/kotek_core_test_container_queue.cpp;tests/kotek_core_test_container_map.cpp;tests/kotek_core_test_container_list.cpp
-- [kotek.core]: linkage is 'STATIC'
-- [kotek.core.api]: linkage is 'STATIC'
-- [kotek.core.types]: linkage is 'STATIC'
-- [kotek.core.types.char]: linkage is 'STATIC'
-- [kotek.core.types.numerics]: linkage is 'STATIC'
-- [kotek.core.types.string]: linkage is 'STATIC'
-- [kotek.core.casting]: linkage is 'STATIC'
-- [kotek.core.casting.lexical]: linkage is 'STATIC'
-- [kotek.core.casting.string]: linkage is 'STATIC'
-- [kotek.core.constants]: linkage is 'STATIC'
-- [kotek.core.constants.math]: linkage is 'STATIC'
-- [kotek.core.constants.ecs]: linkage is 'STATIC'
-- [kotek.core.constants.string]: linkage is 'STATIC'
-- [kotek.core.constants.window]: linkage is 'STATIC'
-- [kotek.core.constants.render]: linkage is 'STATIC'
-- [kotek.core.containers]: linkage is 'STATIC'
-- [kotek.core.containers.any]: linkage is 'STATIC'
-- [kotek.core.containers.array]: linkage is 'STATIC'
-- [kotek.core.containers.string]: linkage is 'STATIC'
-- [kotek.core.containers.hash]: linkage is 'STATIC'
-- [kotek.core.containers.deque]: linkage is 'STATIC'
-- [kotek.core.containers.dll]: linkage is 'STATIC'
-- [kotek.core.containers.filesystem]: linkage is 'STATIC'
-- [kotek.core.containers.filesystem.path]: linkage is 'STATIC'
-- [kotek.core.containers.function]: linkage is 'STATIC'
-- [kotek.core.containers.io]: linkage is 'STATIC'
-- [kotek.core.containers.json]: linkage is 'STATIC'
-- [kotek.core.containers.map]: linkage is 'STATIC'
-- [kotek.core.containers.microsoft]: linkage is 'STATIC'
-- [kotek.core.containers.microsoft.wrl.comptr]: linkage is 'STATIC'
-- [kotek.core.containers.multithreading]: linkage is 'STATIC'
-- [kotek.core.containers.multithreading.tbb]: linkage is 'STATIC'
-- [kotek.core.containers.multithreading.atomic]: linkage is 'STATIC'
-- [kotek.core.containers.multithreading.mutex]: linkage is 'STATIC'
-- [kotek.core.containers.multithreading.shared_mutex]: linkage is 'STATIC'
-- [kotek.core.containers.multithreading.thread]: linkage is 'STATIC'
-- [kotek.core.containers.multithreading.semaphore]: linkage is 'STATIC'
-- [kotek.core.containers.multithreading.queue]: linkage is 'STATIC'
-- [kotek.core.containers.multithreading.condition_variable]: linkage is 'STATIC'
-- [kotek.core.containers.pair]: linkage is 'STATIC'
-- [kotek.core.containers.queue]: linkage is 'STATIC'
-- [kotek.core.containers.shared_ptr]: linkage is 'STATIC'
-- [kotek.core.containers.unique_ptr]: linkage is 'STATIC'
-- [kotek.core.containers.unordered_map]: linkage is 'STATIC'
-- [kotek.core.containers.unordered_set]: linkage is 'STATIC'
-- [kotek.core.containers.variant]: linkage is 'STATIC'
-- [kotek.core.containers.vector]: linkage is 'STATIC'
-- [kotek.core.containers.list]: linkage is 'STATIC'
-- [kotek.core.filesystem]: linkage is 'STATIC'
-- [kotek.core.filesystem.file_text]: linkage is 'STATIC'
-- [kotek.core.format]: linkage is 'STATIC'
-- [kotek.core.memory]: linkage is 'STATIC'
[kotek.core.memory.cpu]: memory allocator for CPU = OFF
-- [kotek.core.memory.cpu]: linkage is 'STATIC'
-- [kotek.core.memory.gpu]: linkage is 'STATIC'
-- [kotek.core.memory.gpu.vulkan]: linkage is 'STATIC'
[kotek.core.math]: math library is 'GLM'
-- [kotek.core.math]: linkage is 'STATIC'
-- [kotek.core.profilers]: linkage is 'STATIC'
-- [kotek.core.profilers.cpu]: linkage is 'STATIC'
-- [kotek.core.profilers.gpu]: linkage is 'STATIC'
-- [kotek.core.os]: linkage is 'STATIC'
-- [kotek.core.os.win32]: linkage is 'STATIC'
-- [kotek.core.os.linux]: linkage is 'STATIC'
-- [kotek.core.window]: linkage is 'STATIC'
-- [kotek.core.window.glfw]: linkage is 'STATIC'
-- [kotek.core.window_manager]: linkage is 'STATIC'
-- [kotek.core.log]: linkage is 'STATIC'
-- [kotek.core.console]: linkage is 'STATIC'
-- [kotek.core.engine_config]: linkage is 'STATIC'
-- [kotek.core.main_manager]: linkage is 'STATIC'
[kotek.core.ecs]: KOTEK_ECS_BACKEND=PICO
-- [kotek.core.ecs]: linkage is 'STATIC'
-- [kotek.core.enum]: linkage is 'STATIC'
-- [kotek.core.enum.core]: linkage is 'STATIC'
-- [kotek.core.enum.render]: linkage is 'STATIC'
-- [kotek.core.enum.render.dx]: linkage is 'STATIC'
-- [kotek.core.enum.render.gl]: linkage is 'STATIC'
-- [kotek.core.enum.render.vk]: linkage is 'STATIC'
-- [kotek.core.enum.render.bgfx]: linkage is 'STATIC'
-- [kotek.core.input]: linkage is 'STATIC'
-- [kotek.core.utility]: linkage is 'STATIC'
-- [kotek.game]: linkage is 'STATIC'
-- [kotek.ui]: linkage is 'STATIC'
-- [kotek.ui.imgui]: linkage is 'STATIC'
-- Found Freetype target Freetype::Freetype - Freetype font engine enabled
-- [kotek.ui.rmlui]: linkage is 'STATIC'
-- [kotek.ui.videoplayer]: linkage is 'STATIC'
-- [kotek.ui.videoplayer.avif]: linkage is 'STATIC'
-- [kotek.render]: linkage is 'STATIC'
-- [kotek.render.shared]: linkage is 'STATIC'
-- [kotek.render.shared.vk]: linkage is 'STATIC'
-- [kotek.render.shared.gl]: linkage is 'STATIC'
-- [kotek.render.shared.dx]: linkage is 'STATIC'
-- [kotek.render.shared.bgfx]: linkage is 'STATIC'
-- [kotek.render.vk]: linkage is 'STATIC'
-- [kotek.render.gl]: linkage is 'STATIC'
-- [kotek.render.software]: linkage is 'STATIC'
-- [kotek.render.bgfx]: linkage is 'STATIC'
[zircon]: KOTEK_UNICODE=ON
[zircon]: KOTEK_TESTS_RUNTIME=ON
[zircon]: KOTEK_TESTS=ON
[zircon]: KOTEK_CPU_PROFILER=OFF
[zircon]: KOTEK_GPU_PROFILER=OFF
[zircon]: math library is KOTEK_MATH_LIBRARY=GLM
-- [zircon.core]: linkage is 'SHARED'
-- Selecting Windows SDK version 10.0.26100.0 to target Windows 10.0.26200.
-- KOTEK_DEPS_FOLDER = vcpkg
-- KOTEK_NUGET_PLATFORM_NAME = Win11
-- KOTEK_NUGET_COMPILER_NAME = Msvc
-- KOTEK_NUGET_ARCH_BIT_NUMBER = x64
-- CMAKE_BINARY_DIR = D:/prj/cpp/zircon/build-m2/zircon_tools/$<CONFIG>
-- D:/prj/cpp/zircon/src/tools/cpp_generators/ecs_fields_generator
-- nuget_clang_folder = Kotek.Packages.Clang.Vcpkg.Runtimes.Win11.Msvc.x64.18.1.6
-- nuget_openssl_folder = Kotek.Packages.OpenSSL.Vcpkg.Runtimes.Win11.Msvc.x64.3.5.0
-- nuget_zlib_folder = Kotek.Packages.zlib.Vcpkg.Runtimes.Win11.Msvc.x64.1.3.1
-- nuget_zstd_folder = Kotek.Packages.Zstd.Vcpkg.Runtimes.Win11.Msvc.x64.1.5.7
[zircon_generator][nuget]: package clang exists!
[zircon_generator][nuget]: package openssl exists!
[zircon_generator][nuget]: package zlib exists!
[zircon_generator][nuget]: package zstd exists!
-- LLVM libraries: 
-- Found LLVM 
-- LLVM include path: 
-- LLVM library path: 
-- 
[zircon_generator]: zstd package included directory
[zircon_generator][Debug]: adding zstd.lib to Debug configuration
[zircon_generator][None-Debug]: adding zstd.lib to not Debug configurations
[zircon_generator]: zlib package included directory
[zircon_generator][Debug]: adding zlibd.lib to Debug configuration
[zircon_generator][None-Debug]: adding zlib.lib to not Debug configurations
[zircon_generator]: openssl package included directory
[zircon_generator][Debug]: adding libcrypto.lib to Debug configuration
[zircon_generator][None-Debug]: adding libcrypto.lib to not Debug configurations
[zircon_generator]: clang package included directory
[zircon_generator][Debug]: adding libclang.lib to Debug configuration
[zircon_generator][None-Debug]: adding libclang.lib to not Debug configuration
-- Configuring done (0.0s)
-- Generating done (0.1s)
-- Build files have been written to: D:/prj/cpp/zircon/build-m2/zircon_tools
-- Multi-config generator detected, using first configuration: Debug
-- building zircon_tools for current configuration: Debug
MSBuild-Version 18.8.2+ce25c0108 f├╝r .NET Framework

  zircon_generator.vcxproj -> D:\prj\cpp\zircon\build-m2\zircon_tools\Debug\zircon_generator.exe
  copying dlls after compilation of zircon_generator
argv=D:/prj/cpp/zircon/build-m2/zircon_tools/Debug/zircon_generator | strcmp=1
argv=--type | strcmp=0
Found type!
type = 0
what_to_generate: 0
Generating ecs fields!
--src = D:/prj/cpp/zircon/src/ecs
--kotek_src = D:/prj/cpp/zircon/src/ecs/../../kotek/src/kotek.core.defines_dependent.ecs/include/
--output = D:/prj/cpp/zircon/src/ecs/zircon_component_fields.h
File was generated successfully!
argv=D:/prj/cpp/zircon/build-m2/zircon_tools/Debug/zircon_generator | strcmp=1
argv=--type | strcmp=0
Found type!
type = 2
what_to_generate: 2
Generating renderer passes enums!
File was generated successfully!
-- [zircon.ecs]: linkage is 'SHARED'
-- [zircon.game]: linkage is 'SHARED'
-- [zircon.game.session]: linkage is 'SHARED'
-- [zircon.editor]: linkage is 'SHARED'
-- [zircon.editor.commands]: linkage is 'STATIC'
-- [zircon.editor.ui]: linkage is 'STATIC'
-- [zircon.editor.session]: linkage is 'STATIC'
[zircon]: SDK is 'OFF'
-- [zircon.render]: linkage is 'SHARED'
-- [zircon.world]: linkage is 'SHARED'
-- Configuring done (12.9s)
-- Generating done (18.6s)
-- Build files have been written to: D:/prj/cpp/zircon/build-m2
MSBuild-Version 18.8.2+ce25c0108 für .NET Framework

  1>Checking Build System
  main_core_defines_static_cpp_dll.cpp
  kotek.core.defines.static.cpp.vcxproj -> D:\prj\cpp\zircon\build-m2\lib\Debug\kotek.core.defines.static.cpp.lib
  main_core_defines_static_profilers_dll.cpp
  main_core_defines_static_os_linux_dll.cpp
  main_core_constants_render_dll.cpp
  main_core_containers_multithreading_shared_mutex_dll.cpp
  main_core_defines_static_sdk_dll.cpp
  main_core_containers_multithreading_tbb_dll.cpp
  main_core_containers_function_dll.cpp
  main_core_defines_static_tests_dll.cpp
  main_core_containers_unique_ptr_dll.cpp
  main_core_defines_static_os_win32_dll.cpp
  main_core_containers_variant_dll.cpp
  main_core_defines_static_render_dx_dll.cpp
  kotek.core.defines.static.profilers.vcxproj -> D:\prj\cpp\zircon\build-m2\lib\Debug\kotek.core.defines.static.profilers.lib
  kotek.core.defines.static.os.linux.vcxproj -> D:\prj\cpp\zircon\build-m2\lib\Debug\kotek.core.defines.static.os.linux.lib
  kotek.core.defines.static.sdk.vcxproj -> D:\prj\cpp\zircon\build-m2\lib\Debug\kotek.core.defines.static.sdk.lib
  main_core_containers_hash_dll.cpp
  main_core_defines_static_git_dll.cpp
  kotek.core.defines.static.os.win32.vcxproj -> D:\prj\cpp\zircon\build-m2\lib\Debug\kotek.core.defines.static.os.win32.lib
  main_core_containers_multithreading_semaphore_dll.cpp
  kotek.core.defines.static.tests.vcxproj -> D:\prj\cpp\zircon\build-m2\lib\Debug\kotek.core.defines.static.tests.lib
  main_core_containers_multithreading_mutex_dll.cpp
  main_core_defines_static_render_vk_dll.cpp
  kotek.core.defines.static.render.dx.vcxproj -> D:\prj\cpp\zircon\build-m2\lib\Debug\kotek.core.defines.static.render.dx.lib
  kotek.core.containers.hash.vcxproj -> D:\prj\cpp\zircon\build-m2\lib\Debug\kotek.core.containers.hash.lib
  main_core_defines_static_render_bgfx_dll.cpp
  kotek.core.defines.static.git.vcxproj -> D:\prj\cpp\zircon\build-m2\lib\Debug\kotek.core.defines.static.git.lib
  kotek.core.defines.static.render.vk.vcxproj -> D:\prj\cpp\zircon\build-m2\lib\Debug\kotek.core.defines.static.render.vk.lib
  main_core_containers_pair_dll.cpp
  kotek.core.defines.static.render.bgfx.vcxproj -> D:\prj\cpp\zircon\build-m2\lib\Debug\kotek.core.defines.static.render.bgfx.lib
  main_core_containers_multithreading_condition_variable_dll.cpp
  kotek.core.containers.unique_ptr.vcxproj -> D:\prj\cpp\zircon\build-m2\lib\Debug\kotek.core.containers.unique_ptr.lib
  main_core_containers_shared_ptr_dll.cpp
  main_core_containers_multithreading_atomic_dll.cpp
  kotek.core.containers.function.vcxproj -> D:\prj\cpp\zircon\build-m2\lib\Debug\kotek.core.containers.function.lib
  kotek.core.containers.multithreading.semaphore.vcxproj -> D:\prj\cpp\zircon\build-m2\lib\Debug\kotek.core.containers.multithreading.semaphore.lib
  main_core_constants_window_dll.cpp
  main_core_defines_static_string_dll.cpp
  kotek.core.containers.pair.vcxproj -> D:\prj\cpp\zircon\build-m2\lib\Debug\kotek.core.containers.pair.lib
  kotek.core.containers.multithreading.shared_mutex.vcxproj -> D:\prj\cpp\zircon\build-m2\lib\Debug\kotek.core.containers.multithreading.shared_mutex.lib
  kotek.core.constants.window.vcxproj -> D:\prj\cpp\zircon\build-m2\lib\Debug\kotek.core.constants.window.lib
  main_core_containers_any_dll.cpp
  kotek.core.constants.render.vcxproj -> D:\prj\cpp\zircon\build-m2\lib\Debug\kotek.core.constants.render.lib
  kotek.core.containers.multithreading.atomic.vcxproj -> D:\prj\cpp\zircon\build-m2\lib\Debug\kotek.core.containers.multithreading.atomic.lib
  main_core_defines_static_math_dll.cpp
  main_core_containers_multithreading_thread_dll.cpp
  main_core_defines_static_render_gl_dll.cpp
  kotek.core.defines.static.string.vcxproj -> D:\prj\cpp\zircon\build-m2\lib\Debug\kotek.core.defines.static.string.lib
  kotek.core.defines.static.math.vcxproj -> D:\prj\cpp\zircon\build-m2\lib\Debug\kotek.core.defines.static.math.lib
  main_core_numerics_dll.cpp
  kotek.core.containers.multithreading.mutex.vcxproj -> D:\prj\cpp\zircon\build-m2\lib\Debug\kotek.core.containers.multithreading.mutex.lib
  kotek.core.defines.static.render.gl.vcxproj -> D:\prj\cpp\zircon\build-m2\lib\Debug\kotek.core.defines.static.render.gl.lib
  kotek.core.containers.shared_ptr.vcxproj -> D:\prj\cpp\zircon\build-m2\lib\Debug\kotek.core.containers.shared_ptr.lib
  kotek.core.containers.variant.vcxproj -> D:\prj\cpp\zircon\build-m2\lib\Debug\kotek.core.containers.variant.lib
  main_core_defines_static_os_dll.cpp
  main_render_gl_glad_dll.cpp
  kotek.core.containers.any.vcxproj -> D:\prj\cpp\zircon\build-m2\lib\Debug\kotek.core.containers.any.lib
  kotek.core.containers.multithreading.condition_variable.vcxproj -> D:\prj\cpp\zircon\build-m2\lib\Debug\kotek.core.containers.multithreading.condition_variable.lib
  kotek.core.defines.static.os.vcxproj -> D:\prj\cpp\zircon\build-m2\lib\Debug\kotek.core.defines.static.os.lib
  kotek.render.gl.glad.vcxproj -> D:\prj\cpp\zircon\build-m2\bin\Debug\kotek.render.gl.glad.dll
  kotek.core.containers.multithreading.thread.vcxproj -> D:\prj\cpp\zircon\build-m2\lib\Debug\kotek.core.containers.multithreading.thread.lib
  main_core_types_char_dll.cpp
  main_core_containers_microsoft_wrl_comptr_dll.cpp
  main_core_defines_dependent_text_dll.cpp
  kotek.core.types.char.vcxproj -> D:\prj\cpp\zircon\build-m2\lib\Debug\kotek.core.types.char.lib
  main_core_defines_render_dll.cpp
  kotek.core.defines_dependent.text.vcxproj -> D:\prj\cpp\zircon\build-m2\lib\Debug\kotek.core.defines_dependent.text.lib
  main_core_containers_io_dll.cpp
  kotek.core.defines.static.render.vcxproj -> D:\prj\cpp\zircon\build-m2\lib\Debug\kotek.core.defines.static.render.lib
  main_core_constants_string_dll.cpp
  kotek.core.constants.string.vcxproj -> D:\prj\cpp\zircon\build-m2\lib\Debug\kotek.core.constants.string.lib
  main_core_defines_static_dll.cpp
  kotek.core.containers.microsoft.wrl.comptr.vcxproj -> D:\prj\cpp\zircon\build-m2\lib\Debug\kotek.core.containers.microsoft.wrl.comptr.lib
  kotek.core.defines.static.vcxproj -> D:\prj\cpp\zircon\build-m2\lib\Debug\kotek.core.defines.static.lib
  main_core_containers_microsoft_dll.cpp
  kotek.core.containers.io.vcxproj -> D:\prj\cpp\zircon\build-m2\lib\Debug\kotek.core.containers.io.lib
  kotek.core.types.numerics.vcxproj -> D:\prj\cpp\zircon\build-m2\lib\Debug\kotek.core.types.numerics.lib
  main_core_containers_array_dll.cpp
  main_core_enum_render_dx_dll.cpp
  main_core_enum_render_vk_dll.cpp
  main_core_constants_ecs_dll.cpp
  main_core_constants_math_dll.cpp
  kotek.core.containers.multithreading.tbb.vcxproj -> D:\prj\cpp\zircon\build-m2\lib\Debug\kotek.core.containers.multithreading.tbb.lib
  kotek.core.containers.microsoft.vcxproj -> D:\prj\cpp\zircon\build-m2\lib\Debug\kotek.core.containers.microsoft.lib
  kotek.core.constants.math.vcxproj -> D:\prj\cpp\zircon\build-m2\lib\Debug\kotek.core.constants.math.lib
  kotek.core.enum.render.vk.vcxproj -> D:\prj\cpp\zircon\build-m2\lib\Debug\kotek.core.enum.render.vk.lib
  kotek.core.constants.ecs.vcxproj -> D:\prj\cpp\zircon\build-m2\lib\Debug\kotek.core.constants.ecs.lib
  kotek.core.enum.render.dx.vcxproj -> D:\prj\cpp\zircon\build-m2\lib\Debug\kotek.core.enum.render.dx.lib
  main_core_constants_dll.cpp
  kotek_translation.cpp
  main_core_enum_render_bgfx_dll.cpp
  kotek.core.containers.array.vcxproj -> D:\prj\cpp\zircon\build-m2\lib\Debug\kotek.core.containers.array.lib
  kotek.core.constants.vcxproj -> D:\prj\cpp\zircon\build-m2\lib\Debug\kotek.core.constants.lib
  kotek.core.enum.render.bgfx.vcxproj -> D:\prj\cpp\zircon\build-m2\lib\Debug\kotek.core.enum.render.bgfx.lib
  kotek_translation.cpp
  main_core_enum_render_gl_dll.cpp
  kotek.core.enum.render.gl.vcxproj -> D:\prj\cpp\zircon\build-m2\lib\Debug\kotek.core.enum.render.gl.lib
  kotek_translation.cpp
  main_core_enum_render_dll.cpp
  kotek.core.enum.render.vcxproj -> D:\prj\cpp\zircon\build-m2\lib\Debug\kotek.core.enum.render.lib
  kotek_translation.cpp
  main_core_enum_core_dll.cpp
  kotek_core_enum_core_test_translation.cpp
  kotek.core.enum.core.vcxproj -> D:\prj\cpp\zircon\build-m2\lib\Debug\kotek.core.enum.core.lib
  main_core_enum_dll.cpp
  kotek.core.enum.vcxproj -> D:\prj\cpp\zircon\build-m2\lib\Debug\kotek.core.enum.lib
  main_core_ecs_dll.cpp
  kotek.core.ecs.vcxproj -> D:\prj\cpp\zircon\build-m2\lib\Debug\kotek.core.ecs.lib
  kotek_main_manager.cpp
  kotek_plugin_invoke.cpp
  main_core_main_manager_dll.cpp
  Generating Code...
  kotek.core.main_manager.vcxproj -> D:\prj\cpp\zircon\build-m2\lib\Debug\kotek.core.main_manager.lib
  kotek_std_config.cpp
  main_core_engine_config_dll.cpp
  Generating Code...
  kotek.core.engine_config.vcxproj -> D:\prj\cpp\zircon\build-m2\lib\Debug\kotek.core.engine_config.lib
  main_core_log_dll.cpp
  kotek.core.log.vcxproj -> D:\prj\cpp\zircon\build-m2\lib\Debug\kotek.core.log.lib
  main_core_os_win32_dll.cpp
  kotek.core.os.win32.vcxproj -> D:\prj\cpp\zircon\build-m2\lib\Debug\kotek.core.os.win32.lib
  main_core_os_dll.cpp
  kotek.core.os.vcxproj -> D:\prj\cpp\zircon\build-m2\lib\Debug\kotek.core.os.lib
  kotek_std_memory.cpp
  main_core_memory_cpu_dll.cpp
  kotek.core.memory.cpu.vcxproj -> D:\prj\cpp\zircon\build-m2\lib\Debug\kotek.core.memory.cpu.lib
  main_core_format_dll.cpp
  kotek.core.format.vcxproj -> D:\prj\cpp\zircon\build-m2\lib\Debug\kotek.core.format.lib
  main_core_containers_vector_dll.cpp
  kotek.core.containers.vector.vcxproj -> D:\prj\cpp\zircon\build-m2\lib\Debug\kotek.core.containers.vector.lib
  main_core_containers_unordered_set_dll.cpp
  kotek.core.containers.unordered_set.vcxproj -> D:\prj\cpp\zircon\build-m2\lib\Debug\kotek.core.containers.unordered_set.lib
  main_core_containers_unordered_map_dll.cpp
  kotek.core.containers.unordered_map.vcxproj -> D:\prj\cpp\zircon\build-m2\lib\Debug\kotek.core.containers.unordered_map.lib
  main_core_containers_filesystem_path_dll.cpp
  kotek.core.containers.filesystem.path.vcxproj -> D:\prj\cpp\zircon\build-m2\lib\Debug\kotek.core.containers.filesystem.path.lib
  main_core_containers_dll_dll.cpp
  kotek.core.containers.dll.vcxproj -> D:\prj\cpp\zircon\build-m2\lib\Debug\kotek.core.containers.dll.lib
  kotek_std_alias_string.cpp
  main_core_containers_string_dll.cpp
  kotek_core_test_string.cpp
  Generating Code...
  kotek.core.containers.string.vcxproj -> D:\prj\cpp\zircon\build-m2\lib\Debug\kotek.core.containers.string.lib
  kotek_std_alias_casting.cpp
  main_core_casting_string_dll.cpp
  Generating Code...
  kotek.core.casting.string.vcxproj -> D:\prj\cpp\zircon\build-m2\lib\Debug\kotek.core.casting.string.lib
  main_core_casting_lexical_dll.cpp
  kotek.core.casting.lexical.vcxproj -> D:\prj\cpp\zircon\build-m2\lib\Debug\kotek.core.casting.lexical.lib
  main_core_types_string_dll.cpp
  kotek.core.types.string.vcxproj -> D:\prj\cpp\zircon\build-m2\lib\Debug\kotek.core.types.string.lib
  main_api_dll.cpp
  kotek.core.api.vcxproj -> D:\prj\cpp\zircon\build-m2\lib\Debug\kotek.core.api.lib
  main_core_defines_dependent_ecs_dll.cpp
  kotek.core.defines_dependent.ecs.vcxproj -> D:\prj\cpp\zircon\build-m2\lib\Debug\kotek.core.defines_dependent.ecs.lib
  main_core_defines_dependent_assert_dll.cpp
  kotek.core.defines_dependent.assert.vcxproj -> D:\prj\cpp\zircon\build-m2\lib\Debug\kotek.core.defines_dependent.assert.lib
  main_core_defines_dependent_message_dll.cpp
  kotek.core.defines_dependent.message.vcxproj -> D:\prj\cpp\zircon\build-m2\lib\Debug\kotek.core.defines_dependent.message.lib
  main_core_containers_deque_dll.cpp
  main_core_profilers_gpu_dll.cpp
  kotek_std_json.cpp
  main_core_containers_map_dll.cpp
  main_core_containers_list_dll.cpp
  kotek_std_window.cpp
  main_core_types_dll.cpp
  kotek_ui_videoplayer.cpp
  main_core_memory_gpu_vulkan_dll.cpp
  kotek_input.cpp
  kotek.core.profilers.gpu.vcxproj -> D:\prj\cpp\zircon\build-m2\lib\Debug\kotek.core.profilers.gpu.lib
  kotek_std_alias_filesystem.cpp
  kotek.core.types.vcxproj -> D:\prj\cpp\zircon\build-m2\lib\Debug\kotek.core.types.lib
  main_core_casting_dll.cpp
  kotek.core.containers.deque.vcxproj -> D:\prj\cpp\zircon\build-m2\lib\Debug\kotek.core.containers.deque.lib
  main_core_os_linux_dll.cpp
  main_core_defines_dependent_dll.cpp
  kotek.core.os.linux.vcxproj -> D:\prj\cpp\zircon\build-m2\lib\Debug\kotek.core.os.linux.lib
  kotek.core.containers.map.vcxproj -> D:\prj\cpp\zircon\build-m2\lib\Debug\kotek.core.containers.map.lib
  kotek.core.containers.list.vcxproj -> D:\prj\cpp\zircon\build-m2\lib\Debug\kotek.core.containers.list.lib
  main_core_containers_queue_dll.cpp
  kotek.core.casting.vcxproj -> D:\prj\cpp\zircon\build-m2\lib\Debug\kotek.core.casting.lib
  kotek.core.containers.queue.vcxproj -> D:\prj\cpp\zircon\build-m2\lib\Debug\kotek.core.containers.queue.lib
  kotek_std_utility.cpp
  kotek_console.cpp
  main_core_containers_multithreading_queue_dll.cpp
  main_core_containers_json_dll.cpp
  kotek.core.defines_dependent.vcxproj -> D:\prj\cpp\zircon\build-m2\lib\Debug\kotek.core.defines_dependent.lib
  main_core_defines_dll.cpp
  kotek.core.containers.multithreading.queue.vcxproj -> D:\prj\cpp\zircon\build-m2\lib\Debug\kotek.core.containers.multithreading.queue.lib
  main_core_containers_multithreading_dll.cpp
  kotek.core.memory.gpu.vulkan.vcxproj -> D:\prj\cpp\zircon\build-m2\lib\Debug\kotek.core.memory.gpu.vulkan.lib
  main_core_memory_gpu_dll.cpp
  main_core_containers_filesystem_dll.cpp
  kotek.core.containers.multithreading.vcxproj -> D:\prj\cpp\zircon\build-m2\lib\Debug\kotek.core.containers.multithreading.lib
  kotek.core.defines.vcxproj -> D:\prj\cpp\zircon\build-m2\lib\Debug\kotek.core.defines.lib
  Generating Code...
  kotek.core.containers.json.vcxproj -> D:\prj\cpp\zircon\build-m2\lib\Debug\kotek.core.containers.json.lib
  kotek_file_text.cpp
  main_ui_videoplayer_avif_dll.cpp
  Generating Code...
  main_core_input_dll.cpp
  main_core_window_glfw_dll.cpp
  kotek.ui.videoplayer.avif.vcxproj -> D:\prj\cpp\zircon\build-m2\lib\Debug\kotek.ui.videoplayer.avif.lib
  main_ui_videoplayer_dll.cpp
  kotek.ui.videoplayer.vcxproj -> D:\prj\cpp\zircon\build-m2\lib\Debug\kotek.ui.videoplayer.lib
  main_core_utility_dll.cpp
  kotek.core.memory.gpu.vcxproj -> D:\prj\cpp\zircon\build-m2\lib\Debug\kotek.core.memory.gpu.lib
  main_core_memory_dll.cpp
  main_core_filesystem_file_text_dll.cpp
  main_core_console_dll.cpp
  Generating Code...
  kotek.core.containers.filesystem.vcxproj -> D:\prj\cpp\zircon\build-m2\lib\Debug\kotek.core.containers.filesystem.lib
  main_core_containers_dll.cpp
  Generating Code...
  kotek.core.filesystem.file_text.vcxproj -> D:\prj\cpp\zircon\build-m2\lib\Debug\kotek.core.filesystem.file_text.lib
  kotek_filesystem.cpp
  kotek.core.memory.vcxproj -> D:\prj\cpp\zircon\build-m2\lib\Debug\kotek.core.memory.lib
  main_core_profilers_cpu_dll.cpp
  Generating Code...
  kotek_core_test_input.cpp
  kotek.core.window.glfw.vcxproj -> D:\prj\cpp\zircon\build-m2\lib\Debug\kotek.core.window.glfw.lib
  kotek_window_console.cpp
  kotek_std_utility_tests.cpp
  kotek.core.profilers.cpu.vcxproj -> D:\prj\cpp\zircon\build-m2\lib\Debug\kotek.core.profilers.cpu.lib
  kotek_profiler.cpp
  Generating Code...
  kotek.core.console.vcxproj -> D:\prj\cpp\zircon\build-m2\lib\Debug\kotek.core.console.lib
  kotek.core.containers.vcxproj -> D:\prj\cpp\zircon\build-m2\lib\Debug\kotek.core.containers.lib
  kotek_filesystem_native.cpp
  main_core_window_dll.cpp
  Generating Code...
  kotek.core.input.vcxproj -> D:\prj\cpp\zircon\build-m2\lib\Debug\kotek.core.input.lib
  main_core_profilers_dll.cpp
  Generating Code...
  kotek.core.utility.vcxproj -> D:\prj\cpp\zircon\build-m2\lib\Debug\kotek.core.utility.lib
  kotek_std_math_matrix2x2_f.cpp
  kotek_std_math_matrix3x3_f.cpp
  Generating Code...
  kotek_filesystem_zlib.cpp
  kotek.core.window.vcxproj -> D:\prj\cpp\zircon\build-m2\lib\Debug\kotek.core.window.lib
  kotek_window_manager.cpp
  kotek_ui_game_ui_manager.cpp
  kotek_std_math_matrix4x4_f.cpp
  Generating Code...
  kotek.core.profilers.vcxproj -> D:\prj\cpp\zircon\build-m2\lib\Debug\kotek.core.profilers.lib
  kotek_std_math_matrixnf_view.cpp
  main_core_window_manager_dll.cpp
  main_ui_rmlui_dll.cpp
  kotek_virtualfilemapper.cpp
  kotek_std_math_vector1f.cpp
  kotek_std_math_vector2f.cpp
  kotek_std_math_vector3f.cpp
  Generating Code...
  kotek.core.window_manager.vcxproj -> D:\prj\cpp\zircon\build-m2\lib\Debug\kotek.core.window_manager.lib
  Generating Code...
  kotek.ui.rmlui.vcxproj -> D:\prj\cpp\zircon\build-m2\lib\Debug\kotek.ui.rmlui.lib
  main_core_filesystem_dll.cpp
  kotek_std_math_vector4f.cpp
  kotek_std_math_vectornf_view.cpp
  Generating Code...
  main_core_math_dll.cpp
  kotek.core.filesystem.vcxproj -> D:\prj\cpp\zircon\build-m2\lib\Debug\kotek.core.filesystem.lib
  kotek_core_test_math.cpp
  Generating Code...
D:\prj\cpp\zircon\kotek\src\kotek.core.math\include\kotek_std_math_matrix_3x3_f.h(395,1): warning C4717: 'Kotek::ktk::math::operator*': recursive on all control paths, function will cause runtime stack overflow [D:\prj\cpp\zircon\build-m2\kotek\src\kotek.core.math\kotek.core.math.vcxproj]
D:\prj\cpp\zircon\kotek\src\kotek.core.math\src\kotek_std_math_matrix3x3_f.cpp(222,1): warning C4717: 'Kotek::ktk::math::matrix3x3f::operator+=': recursive on all control paths, function will cause runtime stack overflow [D:\prj\cpp\zircon\build-m2\kotek\src\kotek.core.math\kotek.core.math.vcxproj]
D:\prj\cpp\zircon\kotek\src\kotek.core.math\src\kotek_std_math_matrix3x3_f.cpp(305,1): warning C4717: 'Kotek::ktk::math::matrix3x3f::operator-=': recursive on all control paths, function will cause runtime stack overflow [D:\prj\cpp\zircon\build-m2\kotek\src\kotek.core.math\kotek.core.math.vcxproj]
D:\prj\cpp\zircon\kotek\src\kotek.core.math\src\kotek_std_math_matrix3x3_f.cpp(341,1): warning C4717: 'Kotek::ktk::math::matrix3x3f::operator*=': recursive on all control paths, function will cause runtime stack overflow [D:\prj\cpp\zircon\build-m2\kotek\src\kotek.core.math\kotek.core.math.vcxproj]
D:\prj\cpp\zircon\kotek\src\kotek.core.math\src\kotek_std_math_matrix2x2_f.cpp(398,1): warning C4717: 'Kotek::ktk::math::matrix2x2f::operator*=': recursive on all control paths, function will cause runtime stack overflow [D:\prj\cpp\zircon\build-m2\kotek\src\kotek.core.math\kotek.core.math.vcxproj]
D:\prj\cpp\zircon\kotek\src\kotek.core.math\src\kotek_std_math_matrix2x2_f.cpp(330,1): warning C4717: 'Kotek::ktk::math::matrix2x2f::operator-=': recursive on all control paths, function will cause runtime stack overflow [D:\prj\cpp\zircon\build-m2\kotek\src\kotek.core.math\kotek.core.math.vcxproj]
D:\prj\cpp\zircon\kotek\src\kotek.core.math\src\kotek_std_math_matrix2x2_f.cpp(239,1): warning C4717: 'Kotek::ktk::math::matrix2x2f::operator+=': recursive on all control paths, function will cause runtime stack overflow [D:\prj\cpp\zircon\build-m2\kotek\src\kotek.core.math\kotek.core.math.vcxproj]
  kotek.core.math.vcxproj -> D:\prj\cpp\zircon\build-m2\lib\Debug\kotek.core.math.lib
  kotek_ui_imgui_context_manager.cpp
  main_core_dll.cpp
  kotek_core_test_container_unordered_set.cpp
  kotek_core_test_container_vector.cpp
  kotek_core_test_filesystem.cpp
  kotek_core_test_json.cpp
  kotek_core_test_string.cpp
  kotek_ui_imgui_wrapper.cpp
  kotek.core.vcxproj -> D:\prj\cpp\zircon\build-m2\lib\Debug\kotek.core.lib
  Generating zircon_editor_enums.h using zircon_generator
  -- Selecting Windows SDK version 10.0.26100.0 to target Windows 10.0.26200.
  -- KOTEK_DEPS_FOLDER = vcpkg
  -- KOTEK_NUGET_PLATFORM_NAME = Win11
  -- KOTEK_NUGET_COMPILER_NAME = Msvc
  -- KOTEK_NUGET_ARCH_BIT_NUMBER = x64
  -- CMAKE_BINARY_DIR = D:/prj/cpp/zircon/build-m2/zircon_tools/$<CONFIG>
  -- D:/prj/cpp/zircon/src/tools/cpp_generators/ecs_fields_generator
  -- nuget_clang_folder = Kotek.Packages.Clang.Vcpkg.Runtimes.Win11.Msvc.x64.18.1.6
  -- nuget_openssl_folder = Kotek.Packages.OpenSSL.Vcpkg.Runtimes.Win11.Msvc.x64.3.5.0
  -- nuget_zlib_folder = Kotek.Packages.zlib.Vcpkg.Runtimes.Win11.Msvc.x64.1.3.1
  -- nuget_zstd_folder = Kotek.Packages.Zstd.Vcpkg.Runtimes.Win11.Msvc.x64.1.5.7
  [zircon_generator][nuget]: package clang exists!
  [zircon_generator][nuget]: package openssl exists!
  -- LLVM libraries: 
  -- Found LLVM 
  -- LLVM include path: 
  -- LLVM library path: 
  -- 
  [zircon_generator][nuget]: package zlib exists!
  [zircon_generator][nuget]: package zstd exists!
  [zircon_generator]: zstd package included directory
  [zircon_generator][Debug]: adding zstd.lib to Debug configuration
  [zircon_generator][None-Debug]: adding zstd.lib to not Debug configurations
  [zircon_generator]: zlib package included directory
  [zircon_generator][Debug]: adding zlibd.lib to Debug configuration
  [zircon_generator][None-Debug]: adding zlib.lib to not Debug configurations
  [zircon_generator]: openssl package included directory
  [zircon_generator][Debug]: adding libcrypto.lib to Debug configuration
  [zircon_generator][None-Debug]: adding libcrypto.lib to not Debug configurations
  [zircon_generator]: clang package included directory
  [zircon_generator][Debug]: adding libclang.lib to Debug configuration
  [zircon_generator][None-Debug]: adding libclang.lib to not Debug configuration
  -- Configuring done (0.0s)
  cmake_pch.cxx
  cmake_pch.cxx
  cmake_pch.cxx
  cmake_pch.cxx
  -- Generating done (0.1s)
  -- Build files have been written to: D:/prj/cpp/zircon/build-m2/zircon_tools
  MSBuild-Version 18.8.2+ce25c0108 f├╝r .NET Framework
  
    zircon_generator.vcxproj -> D:\prj\cpp\zircon\build-m2\zircon_tools\Debug\zircon_generator.exe
    copying dlls after compilation of zircon_generator
  argv=..\..\zircon_tools\Debug\zircon_generator | strcmp=1
  argv=--type | strcmp=0
  Found type!
  type = 1
  what_to_generate: 1
  Generating sdk fields!
  sdk_src_dir = D:/prj/cpp/zircon/src/editor/ui
  output_file = D:/prj/cpp/zircon/src/core/zircon_editor_enums.h
  SDK window enum file generated: D:/prj/cpp/zircon/src/core/zircon_editor_enums.h
  File was generated successfully!
  main_core_dll.cpp
  zircon_config.cpp
  zircon_editor_ui_state_interface.cpp
  zircon_session.cpp
  cmake_pch.cxx
D:\prj\cpp\zircon\src\core\zircon_defs.h(7,34): error C2653: 'kotek': is not a class or namespace name [D:\prj\cpp\zircon\build-m2\src\core\zircon.core.vcxproj]
  (compiling source file '../../../../src/core/zircon_config.cpp')
  
D:\prj\cpp\zircon\src\core\zircon_session.h(7,33): error C2653: 'kotek': is not a class or namespace name [D:\prj\cpp\zircon\build-m2\src\core\zircon.core.vcxproj]
  (compiling source file '../../../../src/core/zircon_session.cpp')
  
D:\prj\cpp\zircon\src\core\zircon_editor_ui_state_interface.h(8,10): error C2653: 'kotek': is not a class or namespace name [D:\prj\cpp\zircon\build-m2\src\core\zircon.core.vcxproj]
  (compiling source file '../../../../src/core/zircon_editor_ui_state_interface.cpp')
  
D:\prj\cpp\zircon\src\core\zircon_defs.h(7,46): error C3064: 'uint16_t': must be a simple type or resolve to one [D:\prj\cpp\zircon\build-m2\src\core\zircon.core.vcxproj]
  (compiling source file '../../../../src/core/zircon_config.cpp')
  
D:\prj\cpp\zircon\src\core\zircon_session.h(7,40): error C3064: 'enum_base_t': must be a simple type or resolve to one [D:\prj\cpp\zircon\build-m2\src\core\zircon.core.vcxproj]
  (compiling source file '../../../../src/core/zircon_session.cpp')
  
D:\prj\cpp\zircon\src\core\zircon_editor_ui_state_interface.h(8,26): error C3646: 'get_selected_entity': unknown override specifier [D:\prj\cpp\zircon\build-m2\src\core\zircon.core.vcxproj]
  (compiling source file '../../../../src/core/zircon_editor_ui_state_interface.cpp')
  
D:\prj\cpp\zircon\src\core\zircon_defs.h(13,23): error C2653: 'kotek': is not a class or namespace name [D:\prj\cpp\zircon\build-m2\src\core\zircon.core.vcxproj]
  (compiling source file '../../../../src/core/zircon_config.cpp')
  
D:\prj\cpp\zircon\src\core\zircon_session.h(19,10): error C2653: 'kotek': is not a class or namespace name [D:\prj\cpp\zircon\build-m2\src\core\zircon.core.vcxproj]
  (compiling source file '../../../../src/core/zircon_session.cpp')
  
D:\prj\cpp\zircon\src\core\zircon_session.h(19,25): error C3646: 'get_id': unknown override specifier [D:\prj\cpp\zircon\build-m2\src\core\zircon.core.vcxproj]
  (compiling source file '../../../../src/core/zircon_session.cpp')
  
D:\prj\cpp\zircon\src\core\zircon_editor_ui_state_interface.h(8,46): error C2059: syntax error: ')' [D:\prj\cpp\zircon\build-m2\src\core\zircon.core.vcxproj]
  (compiling source file '../../../../src/core/zircon_editor_ui_state_interface.cpp')
  
D:\prj\cpp\zircon\src\core\zircon_defs.h(13,35): error C2061: syntax error: identifier 'uint16_t' [D:\prj\cpp\zircon\build-m2\src\core\zircon.core.vcxproj]
  (compiling source file '../../../../src/core/zircon_config.cpp')
  
D:\prj\cpp\zircon\src\core\zircon_session.h(19,32): error C2062: type 'void' unexpected [D:\prj\cpp\zircon\build-m2\src\core\zircon.core.vcxproj]
  (compiling source file '../../../../src/core/zircon_session.cpp')
  
D:\prj\cpp\zircon\src\core\zircon_defs.h(12,1): error C4430: missing type specifier - int assumed. Note: C++ does not support default-int [D:\prj\cpp\zircon\build-m2\src\core\zircon.core.vcxproj]
  (compiling source file '../../../../src/core/zircon_config.cpp')
  
D:\prj\cpp\zircon\src\core\zircon_defs.h(20,33): error C2653: 'kotek': is not a class or namespace name [D:\prj\cpp\zircon\build-m2\src\core\zircon.core.vcxproj]
  (compiling source file '../../../../src/core/zircon_config.cpp')
  
D:\prj\cpp\zircon\src\core\zircon_defs.h(20,45): error C3064: 'uint16_t': must be a simple type or resolve to one [D:\prj\cpp\zircon\build-m2\src\core\zircon.core.vcxproj]
  (compiling source file '../../../../src/core/zircon_config.cpp')
  
D:\prj\cpp\zircon\src\core\zircon_editor_ui_state_interface.h(8,57): error C2238: unexpected token(s) preceding ';' [D:\prj\cpp\zircon\build-m2\src\core\zircon.core.vcxproj]
  (compiling source file '../../../../src/core/zircon_editor_ui_state_interface.cpp')
  
D:\prj\cpp\zircon\src\core\zircon_session.h(19,56): error C2238: unexpected token(s) preceding ';' [D:\prj\cpp\zircon\build-m2\src\core\zircon.core.vcxproj]
  (compiling source file '../../../../src/core/zircon_session.cpp')
  
D:\prj\cpp\zircon\src\core\zircon_defs.h(29,22): error C2653: 'kotek': is not a class or namespace name [D:\prj\cpp\zircon\build-m2\src\core\zircon.core.vcxproj]
  (compiling source file '../../../../src/core/zircon_config.cpp')
  
D:\prj\cpp\zircon\src\core\zircon_defs.h(29,34): error C2061: syntax error: identifier 'uint16_t' [D:\prj\cpp\zircon\build-m2\src\core\zircon.core.vcxproj]
  (compiling source file '../../../../src/core/zircon_config.cpp')
  
D:\prj\cpp\zircon\src\core\zircon_defs.h(28,1): error C4430: missing type specifier - int assumed. Note: C++ does not support default-int [D:\prj\cpp\zircon\build-m2\src\core\zircon.core.vcxproj]
  (compiling source file '../../../../src/core/zircon_config.cpp')
  
D:\prj\cpp\zircon\src\core\zircon_defs.h(32,42): error C2653: 'kotek': is not a class or namespace name [D:\prj\cpp\zircon\build-m2\src\core\zircon.core.vcxproj]
  (compiling source file '../../../../src/core/zircon_config.cpp')
  
D:\prj\cpp\zircon\src\core\zircon_defs.h(32,49): error C3064: 'uint8_t': must be a simple type or resolve to one [D:\prj\cpp\zircon\build-m2\src\core\zircon.core.vcxproj]
  (compiling source file '../../../../src/core/zircon_config.cpp')
  
D:\prj\cpp\zircon\src\core\zircon_defs.h(70,76): error C2039: 'underlying_type_t': is not a member of 'std' [D:\prj\cpp\zircon\build-m2\src\core\zircon.core.vcxproj]
  (compiling source file '../../../../src/core/zircon_config.cpp')
      D:\prj\cpp\zircon\build-m2\src\core\predefined C++ types (compiler internal)(359,11):
      see declaration of 'std'
  
D:\prj\cpp\zircon\src\core\zircon_defs.h(70,76): error C2061: syntax error: identifier 'underlying_type_t' [D:\prj\cpp\zircon\build-m2\src\core\zircon.core.vcxproj]
  (compiling source file '../../../../src/core/zircon_config.cpp')
  
D:\prj\cpp\zircon\src\core\zircon_defs.h(70,1): error C4430: missing type specifier - int assumed. Note: C++ does not support default-int [D:\prj\cpp\zircon\build-m2\src\core\zircon.core.vcxproj]
  (compiling source file '../../../../src/core/zircon_config.cpp')
  
D:\prj\cpp\zircon\src\core\zircon_defs.h(96,2): error C2065: 'kotek': undeclared identifier [D:\prj\cpp\zircon\build-m2\src\core\zircon.core.vcxproj]
  (compiling source file '../../../../src/core/zircon_config.cpp')
  
D:\prj\cpp\zircon\src\core\zircon_editor_ui_state_interface.h(9,35): error C2653: 'kotek': is not a class or namespace name [D:\prj\cpp\zircon\build-m2\src\core\zircon.core.vcxproj]
  (compiling source file '../../../../src/core/zircon_editor_ui_state_interface.cpp')
  
D:\prj\cpp\zircon\src\core\zircon_editor_ui_state_interface.h(9,42): error C2061: syntax error: identifier 'entity_t' [D:\prj\cpp\zircon\build-m2\src\core\zircon.core.vcxproj]
  (compiling source file '../../../../src/core/zircon_editor_ui_state_interface.cpp')
  
D:\prj\cpp\zircon\src\core\zircon_defs.h(96,30): error C2760: syntax error: '<' was unexpected here; expected ';' [D:\prj\cpp\zircon\build-m2\src\core\zircon.core.vcxproj]
  (compiling source file '../../../../src/core/zircon_config.cpp')
  
D:\prj\cpp\zircon\src\core\zircon_session.h(31,10): error C2653: 'kotek': is not a class or namespace name [D:\prj\cpp\zircon\build-m2\src\core\zircon.core.vcxproj]
  (compiling source file '../../../../src/core/zircon_session.cpp')
  
D:\prj\cpp\zircon\src\core\zircon_defs.h(97,3): error C2059: syntax error: 'constant' [D:\prj\cpp\zircon\build-m2\src\core\zircon.core.vcxproj]
  (compiling source file '../../../../src/core/zircon_config.cpp')
  
D:\prj\cpp\zircon\src\core\zircon_session.h(31,25): error C3646: 'create_session': unknown override specifier [D:\prj\cpp\zircon\build-m2\src\core\zircon.core.vcxproj]
  (compiling source file '../../../../src/core/zircon_session.cpp')
  
D:\prj\cpp\zircon\src\core\zircon_session.h(31,40): error C2062: type 'void' unexpected [D:\prj\cpp\zircon\build-m2\src\core\zircon.core.vcxproj]
  (compiling source file '../../../../src/core/zircon_session.cpp')
  
D:\prj\cpp\zircon\src\core\zircon_defs.h(101,2): error C2065: 'kotek': undeclared identifier [D:\prj\cpp\zircon\build-m2\src\core\zircon.core.vcxproj]
  (compiling source file '../../../../src/core/zircon_config.cpp')
  
D:\prj\cpp\zircon\src\core\zircon_session.h(31,49): error C2238: unexpected token(s) preceding ';' [D:\prj\cpp\zircon\build-m2\src\core\zircon.core.vcxproj]
  (compiling source file '../../../../src/core/zircon_session.cpp')
  
D:\prj\cpp\zircon\src\core\zircon_defs.h(101,30): error C2760: syntax error: '<' was unexpected here; expected ';' [D:\prj\cpp\zircon\build-m2\src\core\zircon.core.vcxproj]
  (compiling source file '../../../../src/core/zircon_config.cpp')
  
D:\prj\cpp\zircon\src\core\zircon_session.h(32,31): error C2653: 'kotek': is not a class or namespace name [D:\prj\cpp\zircon\build-m2\src\core\zircon.core.vcxproj]
  (compiling source file '../../../../src/core/zircon_session.cpp')
  
D:\prj\cpp\zircon\src\core\zircon_defs.h(102,3): error C2059: syntax error: 'constant' [D:\prj\cpp\zircon\build-m2\src\core\zircon.core.vcxproj]
  (compiling source file '../../../../src/core/zircon_config.cpp')
  
D:\prj\cpp\zircon\src\core\zircon_session.h(32,38): error C2061: syntax error: identifier 'uint8_t' [D:\prj\cpp\zircon\build-m2\src\core\zircon.core.vcxproj]
  (compiling source file '../../../../src/core/zircon_session.cpp')
  
D:\prj\cpp\zircon\src\core\zircon_defs.h(106,2): error C2065: 'kotek': undeclared identifier [D:\prj\cpp\zircon\build-m2\src\core\zircon.core.vcxproj]
  (compiling source file '../../../../src/core/zircon_config.cpp')
  
D:\prj\cpp\zircon\src\core\zircon_defs.h(106,30): error C2760: syntax error: '<' was unexpected here; expected ';' [D:\prj\cpp\zircon\build-m2\src\core\zircon.core.vcxproj]
  (compiling source file '../../../../src/core/zircon_config.cpp')
  
D:\prj\cpp\zircon\src\core\zircon_defs.h(107,3): error C2059: syntax error: 'constant' [D:\prj\cpp\zircon\build-m2\src\core\zircon.core.vcxproj]
  (compiling source file '../../../../src/core/zircon_config.cpp')
  
D:\prj\cpp\zircon\src\core\zircon_defs.h(110,36): error C2065: 'kotek': undeclared identifier [D:\prj\cpp\zircon\build-m2\src\core\zircon.core.vcxproj]
  (compiling source file '../../../../src/core/zircon_config.cpp')
  
D:\prj\cpp\zircon\src\core\zircon_defs.h(110,64): error C2760: syntax error: '<' was unexpected here; expected ';' [D:\prj\cpp\zircon\build-m2\src\core\zircon.core.vcxproj]
  (compiling source file '../../../../src/core/zircon_config.cpp')
  
D:\prj\cpp\zircon\src\core\zircon_defs.h(111,2): error C2059: syntax error: 'constant' [D:\prj\cpp\zircon\build-m2\src\core\zircon.core.vcxproj]
  (compiling source file '../../../../src/core/zircon_config.cpp')
  
D:\prj\cpp\zircon\src\core\zircon_defs.h(115,2): error C2065: 'kotek': undeclared identifier [D:\prj\cpp\zircon\build-m2\src\core\zircon.core.vcxproj]
  (compiling source file '../../../../src/core/zircon_config.cpp')
  
D:\prj\cpp\zircon\src\core\zircon_defs.h(115,30): error C2760: syntax error: '<' was unexpected here; expected ';' [D:\prj\cpp\zircon\build-m2\src\core\zircon.core.vcxproj]
  (compiling source file '../../../../src/core/zircon_config.cpp')
  
D:\prj\cpp\zircon\src\core\zircon_defs.h(116,3): error C2059: syntax error: 'constant' [D:\prj\cpp\zircon\build-m2\src\core\zircon.core.vcxproj]
  (compiling source file '../../../../src/core/zircon_config.cpp')
  
D:\prj\cpp\zircon\src\core\zircon_defs.h(119,36): error C2065: 'kotek': undeclared identifier [D:\prj\cpp\zircon\build-m2\src\core\zircon.core.vcxproj]
  (compiling source file '../../../../src/core/zircon_config.cpp')
  
D:\prj\cpp\zircon\src\core\zircon_defs.h(119,64): error C2760: syntax error: '<' was unexpected here; expected ';' [D:\prj\cpp\zircon\build-m2\src\core\zircon.core.vcxproj]
  (compiling source file '../../../../src/core/zircon_config.cpp')
  
D:\prj\cpp\zircon\src\core\zircon_defs.h(120,2): error C2059: syntax error: 'constant' [D:\prj\cpp\zircon\build-m2\src\core\zircon.core.vcxproj]
  (compiling source file '../../../../src/core/zircon_config.cpp')
  
D:\prj\cpp\zircon\src\core\zircon_defs.h(124,2): error C2065: 'kotek': undeclared identifier [D:\prj\cpp\zircon\build-m2\src\core\zircon.core.vcxproj]
  (compiling source file '../../../../src/core/zircon_config.cpp')
  
D:\prj\cpp\zircon\src\core\zircon_defs.h(124,30): error C2760: syntax error: '<' was unexpected here; expected ';' [D:\prj\cpp\zircon\build-m2\src\core\zircon.core.vcxproj]
  (compiling source file '../../../../src/core/zircon_config.cpp')
  
D:\prj\cpp\zircon\src\core\zircon_defs.h(125,3): error C2059: syntax error: 'constant' [D:\prj\cpp\zircon\build-m2\src\core\zircon.core.vcxproj]
  (compiling source file '../../../../src/core/zircon_config.cpp')
  
D:\prj\cpp\zircon\src\core\zircon_defs.h(130,30): error C2653: 'kotek': is not a class or namespace name [D:\prj\cpp\zircon\build-m2\src\core\zircon.core.vcxproj]
  (compiling source file '../../../../src/core/zircon_config.cpp')
  
D:\prj\cpp\zircon\src\core\zircon_defs.h(130,37): error C3064: 'uint8_t': must be a simple type or resolve to one [D:\prj\cpp\zircon\build-m2\src\core\zircon.core.vcxproj]
  (compiling source file '../../../../src/core/zircon_config.cpp')
  
D:\prj\cpp\zircon\src\core\zircon_defs.h(146,2): error C2065: 'kotek': undeclared identifier [D:\prj\cpp\zircon\build-m2\src\core\zircon.core.vcxproj]
  (compiling source file '../../../../src/core/zircon_config.cpp')
  
D:\prj\cpp\zircon\src\core\zircon_defs.h(146,30): error C2760: syntax error: '<' was unexpected here; expected ';' [D:\prj\cpp\zircon\build-m2\src\core\zircon.core.vcxproj]
  (compiling source file '../../../../src/core/zircon_config.cpp')
  
D:\prj\cpp\zircon\src\core\zircon_defs.h(146,31): error C2059: syntax error: 'constant' [D:\prj\cpp\zircon\build-m2\src\core\zircon.core.vcxproj]
  (compiling source file '../../../../src/core/zircon_config.cpp')
  
D:\prj\cpp\zircon\src\core\zircon_defs.h(148,2): error C2065: 'kotek': undeclared identifier [D:\prj\cpp\zircon\build-m2\src\core\zircon.core.vcxproj]
  (compiling source file '../../../../src/core/zircon_config.cpp')
  
D:\prj\cpp\zircon\src\core\zircon_defs.h(148,30): error C2760: syntax error: '<' was unexpected here; expected ';' [D:\prj\cpp\zircon\build-m2\src\core\zircon.core.vcxproj]
  (compiling source file '../../../../src/core/zircon_config.cpp')
  
D:\prj\cpp\zircon\src\core\zircon_defs.h(148,31): error C2059: syntax error: 'constant' [D:\prj\cpp\zircon\build-m2\src\core\zircon.core.vcxproj]
  (compiling source file '../../../../src/core/zircon_config.cpp')
  
D:\prj\cpp\zircon\src\core\zircon_config.h(7,1): error C2653: 'Kotek': is not a class or namespace name [D:\prj\cpp\zircon\build-m2\src\core\zircon.core.vcxproj]
  (compiling source file '../../../../src/core/zircon_config.cpp')
  
D:\prj\cpp\zircon\src\core\zircon_config.h(7,13): error C4430: missing type specifier - int assumed. Note: C++ does not support default-int [D:\prj\cpp\zircon\build-m2\src\core\zircon.core.vcxproj]
  (compiling source file '../../../../src/core/zircon_config.cpp')
  
D:\prj\cpp\zircon\src\core\zircon_config.h(7,21): error C2146: syntax error: missing ';' before identifier 'translate_zircon_game_features' [D:\prj\cpp\zircon\build-m2\src\core\zircon.core.vcxproj]
  (compiling source file '../../../../src/core/zircon_config.cpp')
  
D:\prj\cpp\zircon\src\core\zircon_config.h(36,17): error C2653: 'Kotek': is not a class or namespace name [D:\prj\cpp\zircon\build-m2\src\core\zircon.core.vcxproj]
  (compiling source file '../../../../src/core/zircon_config.cpp')
  
D:\prj\cpp\zircon\src\core\zircon_config.h(36,30): error C2061: syntax error: identifier 'ktkIFileSystem' [D:\prj\cpp\zircon\build-m2\src\core\zircon.core.vcxproj]
  (compiling source file '../../../../src/core/zircon_config.cpp')
  
D:\prj\cpp\zircon\src\core\zircon_config.h(37,19): error C2653: 'Kotek': is not a class or namespace name [D:\prj\cpp\zircon\build-m2\src\core\zircon.core.vcxproj]
  (compiling source file '../../../../src/core/zircon_config.cpp')
  
D:\prj\cpp\zircon\src\core\zircon_config.h(37,32): error C2061: syntax error: identifier 'ktkIFileSystem' [D:\prj\cpp\zircon\build-m2\src\core\zircon.core.vcxproj]
  (compiling source file '../../../../src/core/zircon_config.cpp')
  
D:\prj\cpp\zircon\src\core\zircon_config.h(41,3): error C2653: 'kotek': is not a class or namespace name [D:\prj\cpp\zircon\build-m2\src\core\zircon.core.vcxproj]
  (compiling source file '../../../../src/core/zircon_config.cpp')
  
D:\prj\cpp\zircon\src\core\zircon_config.h(41,10): error C2061: syntax error: identifier 'uint8_t' [D:\prj\cpp\zircon\build-m2\src\core\zircon.core.vcxproj]
  (compiling source file '../../../../src/core/zircon_config.cpp')
  
D:\prj\cpp\zircon\src\core\zircon_config.h(48,2): error C2653: 'kotek': is not a class or namespace name [D:\prj\cpp\zircon\build-m2\src\core\zircon.core.vcxproj]
  (compiling source file '../../../../src/core/zircon_config.cpp')
  
D:\prj\cpp\zircon\src\core\zircon_config.h(48,17): error C3646: 'm_current_session_id': unknown override specifier [D:\prj\cpp\zircon\build-m2\src\core\zircon.core.vcxproj]
  (compiling source file '../../../../src/core/zircon_config.cpp')
  
D:\prj\cpp\zircon\src\core\zircon_config.h(48,9): error C4430: missing type specifier - int assumed. Note: C++ does not support default-int [D:\prj\cpp\zircon\build-m2\src\core\zircon.core.vcxproj]
  (compiling source file '../../../../src/core/zircon_config.cpp')
  
D:\prj\cpp\zircon\src\core\zircon_config.h(53,2): error C2653: 'Kotek': is not a class or namespace name [D:\prj\cpp\zircon\build-m2\src\core\zircon.core.vcxproj]
  (compiling source file '../../../../src/core/zircon_config.cpp')
  
D:\prj\cpp\zircon\src\core\zircon_config.h(54,3): error C2653: 'Kotek': is not a class or namespace name [D:\prj\cpp\zircon\build-m2\src\core\zircon.core.vcxproj]
  (compiling source file '../../../../src/core/zircon_config.cpp')
  
D:\prj\cpp\zircon\src\core\zircon_config.h(54,22): error C2059: syntax error: '<type-template-argument>' [D:\prj\cpp\zircon\build-m2\src\core\zircon.core.vcxproj]
  (compiling source file '../../../../src/core/zircon_config.cpp')
  
D:\prj\cpp\zircon\src\core\zircon_config.h(54,43): error C2653: 'Kotek': is not a class or namespace name [D:\prj\cpp\zircon\build-m2\src\core\zircon.core.vcxproj]
  (compiling source file '../../../../src/core/zircon_config.cpp')
  
D:\prj\cpp\zircon\src\core\zircon_config.h(53,14): error C2062: type '<error>' unexpected [D:\prj\cpp\zircon\build-m2\src\core\zircon.core.vcxproj]
  (compiling source file '../../../../src/core/zircon_config.cpp')
  
D:\prj\cpp\zircon\src\core\zircon_config.h(55,22): error C2238: unexpected token(s) preceding ';' [D:\prj\cpp\zircon\build-m2\src\core\zircon.core.vcxproj]
  (compiling source file '../../../../src/core/zircon_config.cpp')
  
D:\prj\cpp\zircon\src\core\zircon_config.h(57,2): error C2653: 'Kotek': is not a class or namespace name [D:\prj\cpp\zircon\build-m2\src\core\zircon.core.vcxproj]
  (compiling source file '../../../../src/core/zircon_config.cpp')
  
D:\prj\cpp\zircon\src\core\zircon_config.h(58,3): error C2653: 'Kotek': is not a class or namespace name [D:\prj\cpp\zircon\build-m2\src\core\zircon.core.vcxproj]
  (compiling source file '../../../../src/core/zircon_config.cpp')
  
D:\prj\cpp\zircon\src\core\zircon_config.h(58,22): error C2059: syntax error: '<type-template-argument>' [D:\prj\cpp\zircon\build-m2\src\core\zircon.core.vcxproj]
  (compiling source file '../../../../src/core/zircon_config.cpp')
  
D:\prj\cpp\zircon\src\core\zircon_config.h(58,43): error C2653: 'Kotek': is not a class or namespace name [D:\prj\cpp\zircon\build-m2\src\core\zircon.core.vcxproj]
  (compiling source file '../../../../src/core/zircon_config.cpp')
  
D:\prj\cpp\zircon\src\core\zircon_config.h(57,14): error C2062: type '<error>' unexpected [D:\prj\cpp\zircon\build-m2\src\core\zircon.core.vcxproj]
  (compiling source file '../../../../src/core/zircon_config.cpp')
  
D:\prj\cpp\zircon\src\core\zircon_config.h(59,23): error C2238: unexpected token(s) preceding ';' [D:\prj\cpp\zircon\build-m2\src\core\zircon.core.vcxproj]
  (compiling source file '../../../../src/core/zircon_config.cpp')
  
D:\prj\cpp\zircon\src\core\zircon_config.h(28,23): error C3878: syntax error: unexpected token '>' following 'simple-type-specifier' [D:\prj\cpp\zircon\build-m2\src\core\zircon.core.vcxproj]
  (compiling source file '../../../../src/core/zircon_config.cpp')
      D:\prj\cpp\zircon\src\core\zircon_config.h(28,23):
      missing one of: '(' '{' ?
      D:\prj\cpp\zircon\src\core\zircon_config.h(22,7):
      This diagnostic occurred in the compiler generated function 'Type zircon_config::get_feature(eZirconSDKFeatures) noexcept const'
  
D:\prj\cpp\zircon\src\core\zircon_config.h(28,23): error C3878: syntax error: unexpected token '>' following 'expression' [D:\prj\cpp\zircon\build-m2\src\core\zircon.core.vcxproj]
  (compiling source file '../../../../src/core/zircon_config.cpp')
      D:\prj\cpp\zircon\src\core\zircon_config.h(22,7):
      This diagnostic occurred in the compiler generated function 'Type zircon_config::get_feature(eZirconSDKFeatures) noexcept const'
  
D:\prj\cpp\zircon\src\core\zircon_config.h(28,61): error C2760: syntax error: ')' was unexpected here; expected ';' [D:\prj\cpp\zircon\build-m2\src\core\zircon.core.vcxproj]
  (compiling source file '../../../../src/core/zircon_config.cpp')
      D:\prj\cpp\zircon\src\core\zircon_config.h(22,7):
      This diagnostic occurred in the compiler generated function 'Type zircon_config::get_feature(eZirconSDKFeatures) noexcept const'
  
D:\prj\cpp\zircon\src\core\zircon_config.h(28,61): error C3878: syntax error: unexpected token ')' following 'jump-statement' [D:\prj\cpp\zircon\build-m2\src\core\zircon.core.vcxproj]
  (compiling source file '../../../../src/core/zircon_config.cpp')
      D:\prj\cpp\zircon\src\core\zircon_config.h(22,7):
      This diagnostic occurred in the compiler generated function 'Type zircon_config::get_feature(eZirconSDKFeatures) noexcept const'
  
D:\prj\cpp\zircon\src\core\zircon_config.cpp(5,23): error C2653: 'kotek': is not a class or namespace name [D:\prj\cpp\zircon\build-m2\src\core\zircon.core.vcxproj]
D:\prj\cpp\zircon\src\core\zircon_config.cpp(5,30): error C3861: 'uint8_t': identifier not found [D:\prj\cpp\zircon\build-m2\src\core\zircon.core.vcxproj]
D:\prj\cpp\zircon\src\core\zircon_config.cpp(5,2): error C2614: 'zircon_config': illegal member initialization: 'm_current_session_id' is not a base or member [D:\prj\cpp\zircon\build-m2\src\core\zircon.core.vcxproj]
D:\prj\cpp\zircon\src\core\zircon_config.cpp(19,3): error C3861: 'KOTEK_SET_FLAG': identifier not found [D:\prj\cpp\zircon\build-m2\src\core\zircon.core.vcxproj]
D:\prj\cpp\zircon\src\core\zircon_config.cpp(23,3): error C3861: 'KOTEK_REMOVE_FLAG': identifier not found [D:\prj\cpp\zircon\build-m2\src\core\zircon.core.vcxproj]
D:\prj\cpp\zircon\src\core\zircon_config.cpp(33,9): error C2039: 'm_features_data_sdk': is not a member of 'zircon_config' [D:\prj\cpp\zircon\build-m2\src\core\zircon.core.vcxproj]
      D:\prj\cpp\zircon\src\core\zircon_config.h(12,7):
      see declaration of 'zircon_config'
  
D:\prj\cpp\zircon\src\core\zircon_config.cpp(43,3): error C3861: 'KOTEK_SET_FLAG': identifier not found [D:\prj\cpp\zircon\build-m2\src\core\zircon.core.vcxproj]
D:\prj\cpp\zircon\src\core\zircon_config.cpp(47,3): error C3861: 'KOTEK_REMOVE_FLAG': identifier not found [D:\prj\cpp\zircon\build-m2\src\core\zircon.core.vcxproj]
D:\prj\cpp\zircon\src\core\zircon_config.cpp(55,31): error C2676: binary '&': 'const eZirconSDKFeatures' does not define this operator or a conversion to a type acceptable to the predefined operator [D:\prj\cpp\zircon\build-m2\src\core\zircon.core.vcxproj]
D:\prj\cpp\zircon\src\core\zircon_config.cpp(62,9): error C3861: 'KOTEK_CHECK_FLAG': identifier not found [D:\prj\cpp\zircon\build-m2\src\core\zircon.core.vcxproj]
D:\prj\cpp\zircon\src\core\zircon_config.cpp(66,2): error C2653: 'Kotek': is not a class or namespace name [D:\prj\cpp\zircon\build-m2\src\core\zircon.core.vcxproj]
D:\prj\cpp\zircon\src\core\zircon_config.cpp(65,21): error C2761: 'void zircon_config::serialize(void) noexcept': redeclaration of member is not allowed [D:\prj\cpp\zircon\build-m2\src\core\zircon.core.vcxproj]
D:\prj\cpp\zircon\src\core\zircon_config.cpp(66,15): error C2065: 'ktkIFileSystem': undeclared identifier [D:\prj\cpp\zircon\build-m2\src\core\zircon.core.vcxproj]
D:\prj\cpp\zircon\src\core\zircon_config.cpp(66,31): error C2065: 'p_filesystem': undeclared identifier [D:\prj\cpp\zircon\build-m2\src\core\zircon.core.vcxproj]
D:\prj\cpp\zircon\src\core\zircon_config.cpp(67,3): error C2143: syntax error: missing ';' before 'noexcept' [D:\prj\cpp\zircon\build-m2\src\core\zircon.core.vcxproj]
D:\prj\cpp\zircon\src\core\zircon_config.cpp(68,1): error C2447: '{': missing function header (old-style formal list?) [D:\prj\cpp\zircon\build-m2\src\core\zircon.core.vcxproj]
D:\prj\cpp\zircon\src\core\zircon_config.cpp(125,2): error C2653: 'Kotek': is not a class or namespace name [D:\prj\cpp\zircon\build-m2\src\core\zircon.core.vcxproj]
D:\prj\cpp\zircon\src\core\zircon_config.cpp(124,21): error C2761: 'void zircon_config::deserialize(void) noexcept': redeclaration of member is not allowed [D:\prj\cpp\zircon\build-m2\src\core\zircon.core.vcxproj]
D:\prj\cpp\zircon\src\core\zircon_config.cpp(125,15): error C2065: 'ktkIFileSystem': undeclared identifier [D:\prj\cpp\zircon\build-m2\src\core\zircon.core.vcxproj]
D:\prj\cpp\zircon\src\core\zircon_config.cpp(125,31): error C2065: 'p_filesystem': undeclared identifier [D:\prj\cpp\zircon\build-m2\src\core\zircon.core.vcxproj]
D:\prj\cpp\zircon\src\core\zircon_config.cpp(126,3): error C2143: syntax error: missing ';' before 'noexcept' [D:\prj\cpp\zircon\build-m2\src\core\zircon.core.vcxproj]
D:\prj\cpp\zircon\src\core\zircon_config.cpp(127,1): error C2447: '{': missing function header (old-style formal list?) [D:\prj\cpp\zircon\build-m2\src\core\zircon.core.vcxproj]
D:\prj\cpp\zircon\src\core\zircon_config.cpp(209,2): error C2653: 'kotek': is not a class or namespace name [D:\prj\cpp\zircon\build-m2\src\core\zircon.core.vcxproj]
D:\prj\cpp\zircon\src\core\zircon_config.cpp(208,21): error C2761: 'void zircon_config::set_current_session(void) noexcept': redeclaration of member is not allowed [D:\prj\cpp\zircon\build-m2\src\core\zircon.core.vcxproj]
D:\prj\cpp\zircon\src\core\zircon_config.cpp(209,9): error C2065: 'uint8_t': undeclared identifier [D:\prj\cpp\zircon\build-m2\src\core\zircon.core.vcxproj]
D:\prj\cpp\zircon\src\core\zircon_config.cpp(209,17): error C2146: syntax error: missing ')' before identifier 'session_id' [D:\prj\cpp\zircon\build-m2\src\core\zircon.core.vcxproj]
D:\prj\cpp\zircon\src\core\zircon_config.cpp(211,1): error C2143: syntax error: missing ';' before '{' [D:\prj\cpp\zircon\build-m2\src\core\zircon.core.vcxproj]
D:\prj\cpp\zircon\src\core\zircon_config.cpp(211,1): error C2447: '{': missing function header (old-style formal list?) [D:\prj\cpp\zircon\build-m2\src\core\zircon.core.vcxproj]
D:\prj\cpp\zircon\src\core\zircon_config.cpp(228,6): error C3861: 'KOTEK_CHECK_FLAG': identifier not found [D:\prj\cpp\zircon\build-m2\src\core\zircon.core.vcxproj]
D:\prj\cpp\zircon\src\core\zircon_config.cpp(236,11): error C3861: 'KOTEK_CHECK_FLAG': identifier not found [D:\prj\cpp\zircon\build-m2\src\core\zircon.core.vcxproj]
D:\prj\cpp\zircon\src\core\zircon_config.cpp(244,11): error C3861: 'KOTEK_CHECK_FLAG': identifier not found [D:\prj\cpp\zircon\build-m2\src\core\zircon.core.vcxproj]
D:\prj\cpp\zircon\src\core\zircon_config.cpp(257,1): error C2653: 'Kotek': is not a class or namespace name [D:\prj\cpp\zircon\build-m2\src\core\zircon.core.vcxproj]
D:\prj\cpp\zircon\src\core\zircon_config.cpp(257,13): error C4430: missing type specifier - int assumed. Note: C++ does not support default-int [D:\prj\cpp\zircon\build-m2\src\core\zircon.core.vcxproj]
D:\prj\cpp\zircon\src\core\zircon_config.cpp(257,13): error C2086: 'int cstring': redefinition [D:\prj\cpp\zircon\build-m2\src\core\zircon.core.vcxproj]
      D:\prj\cpp\zircon\src\core\zircon_config.h(7,13):
      see declaration of 'cstring'
  
D:\prj\cpp\zircon\src\core\zircon_config.cpp(257,13): error C1003: error count exceeds 100; stopping compilation [D:\prj\cpp\zircon\build-m2\src\core\zircon.core.vcxproj]
  main_ui_imgui_dll.cpp
  main_render_shared_vk_dll.cpp
  kotek_render_allocator_ring.cpp
  kotek_render_allocator_ring_with_tabs.cpp
  kotek_render_buffer.cpp
  kotek_render_device.cpp
  kotek_render_geometry_manager.cpp
  kotek_render_resource_manager.cpp
  kotek_render_shader_manager.cpp
  kotek_render_static_buffer_pool.cpp
  kotek_render_static_buffer_pool_with_linear_allocator.cpp
  kotek_render_swapchain.cpp
  kotek_render_texture_manager.cpp
  main_render_bgfx_dll.cpp
  kotek.render.shared.vk.vcxproj -> D:\prj\cpp\zircon\build-m2\lib\Debug\kotek.render.shared.vk.lib
  kotek_render_data_types.cpp
  kotek_render_graph_simplified.cpp
  kotek_render_graph_simplified_render_pass.cpp
  main_render_shared_bgfx_dll.cpp
  main_render_software_dll.cpp
  kotek.render.bgfx.vcxproj -> D:\prj\cpp\zircon\build-m2\lib\Debug\kotek.render.bgfx.lib
  kotek.render.software.vcxproj -> D:\prj\cpp\zircon\build-m2\lib\Debug\kotek.render.software.lib
  kotek.render.shared.bgfx.vcxproj -> D:\prj\cpp\zircon\build-m2\lib\Debug\kotek.render.shared.bgfx.lib
  main_render_shared_dx_dll.cpp
  kotek.render.shared.dx.vcxproj -> D:\prj\cpp\zircon\build-m2\lib\Debug\kotek.render.shared.dx.lib
  cmake_pch.cxx
  Generating Code...
  kotek.ui.imgui.vcxproj -> D:\prj\cpp\zircon\build-m2\lib\Debug\kotek.ui.imgui.lib
  main_ui_dll.cpp
  cmake_pch.cxx
  kotek.ui.vcxproj -> D:\prj\cpp\zircon\build-m2\lib\Debug\kotek.ui.lib
  kotek_render_buffer.cpp
  kotek_render_data_types.cpp
  kotek_render_geometry_manager.cpp
  kotek_render_graph_simplified.cpp
  kotek_render_graph_simplified_render_pass.cpp
  kotek_render_graph_simplified_types.cpp
  kotek_render_graph_simplified_types_input.cpp
  kotek_render_graph_simplified_types_output.cpp
  kotek_render_shader_manager.cpp
  main_render_shared_gl_dll.cpp
  kotek.render.shared.gl.vcxproj -> D:\prj\cpp\zircon\build-m2\lib\Debug\kotek.render.shared.gl.lib
  cmake_pch.cxx
  kotek_render_allocator_ring.cpp
  kotek_render_command_list_ring.cpp
  kotek_render_device.cpp
  kotek_render_device_properties.cpp
  kotek_render_dynamic_buffer_ring.cpp
  kotek_render_graph.cpp
  kotek_render_graph_builder.cpp
  kotek_render_graph_data_types.cpp
  kotek_render_graph_resource_manager.cpp
  kotek_render_helper_debug.cpp
  kotek_render_helper_device.cpp
  kotek_render_helper_stats.cpp
  kotek_render_imgui_manager.cpp
  kotek_render_instance_properties.cpp
  kotek_render_resource_manager.cpp
  kotek_render_resource_view_heap.cpp
  kotek_render_shader_cache_manager.cpp
  kotek_render_shader_manager.cpp
  kotek_render_static_buffer_pool.cpp
  kotek_render_static_buffer_pool_with_linear_allocator.cpp
  kotek_render_swapchain.cpp
  kotek_render_test_render_device.cpp
D:\prj\cpp\zircon\kotek\src\kotek.render.vk\src\kotek_render_test_render_device.cpp(1,1): warning C4828: The file contains a character starting at offset 0xfa that is not valid in the current source character set (codepage 65001). [D:\prj\cpp\zircon\build-m2\kotek\src\kotek.render.vk\kotek.render.vk.vcxproj]
  (compiling source file '../../../../kotek/src/kotek.render.vk/src/kotek_render_test_render_device.cpp')
  
D:\prj\cpp\zircon\kotek\src\kotek.render.vk\src\kotek_render_test_render_device.cpp(1,1): warning C4828: The file contains a character starting at offset 0xfd that is not valid in the current source character set (codepage 65001). [D:\prj\cpp\zircon\build-m2\kotek\src\kotek.render.vk\kotek.render.vk.vcxproj]
  (compiling source file '../../../../kotek/src/kotek.render.vk/src/kotek_render_test_render_device.cpp')
  
D:\prj\cpp\zircon\kotek\src\kotek.render.vk\src\kotek_render_test_render_device.cpp(1,1): warning C4828: The file contains a character starting at offset 0x100 that is not valid in the current source character set (codepage 65001). [D:\prj\cpp\zircon\build-m2\kotek\src\kotek.render.vk\kotek.render.vk.vcxproj]
  (compiling source file '../../../../kotek/src/kotek.render.vk/src/kotek_render_test_render_device.cpp')
  
D:\prj\cpp\zircon\kotek\src\kotek.render.vk\src\kotek_render_test_render_device.cpp(1,1): warning C4828: The file contains a character starting at offset 0x104 that is not valid in the current source character set (codepage 65001). [D:\prj\cpp\zircon\build-m2\kotek\src\kotek.render.vk\kotek.render.vk.vcxproj]
  (compiling source file '../../../../kotek/src/kotek.render.vk/src/kotek_render_test_render_device.cpp')
  
D:\prj\cpp\zircon\kotek\src\kotek.render.vk\src\kotek_render_test_render_device.cpp(1,1): warning C4828: The file contains a character starting at offset 0x108 that is not valid in the current source character set (codepage 65001). [D:\prj\cpp\zircon\build-m2\kotek\src\kotek.render.vk\kotek.render.vk.vcxproj]
  (compiling source file '../../../../kotek/src/kotek.render.vk/src/kotek_render_test_render_device.cpp')
  
D:\prj\cpp\zircon\kotek\src\kotek.render.vk\src\kotek_render_test_render_device.cpp(1,1): warning C4828: The file contains a character starting at offset 0x10a that is not valid in the current source character set (codepage 65001). [D:\prj\cpp\zircon\build-m2\kotek\src\kotek.render.vk\kotek.render.vk.vcxproj]
  (compiling source file '../../../../kotek/src/kotek.render.vk/src/kotek_render_test_render_device.cpp')
  
D:\prj\cpp\zircon\kotek\src\kotek.render.vk\src\kotek_render_test_render_device.cpp(1,1): warning C4828: The file contains a character starting at offset 0x10d that is not valid in the current source character set (codepage 65001). [D:\prj\cpp\zircon\build-m2\kotek\src\kotek.render.vk\kotek.render.vk.vcxproj]
  (compiling source file '../../../../kotek/src/kotek.render.vk/src/kotek_render_test_render_device.cpp')
  
D:\prj\cpp\zircon\kotek\src\kotek.render.vk\src\kotek_render_test_render_device.cpp(1,1): warning C4828: The file contains a character starting at offset 0x111 that is not valid in the current source character set (codepage 65001). [D:\prj\cpp\zircon\build-m2\kotek\src\kotek.render.vk\kotek.render.vk.vcxproj]
  (compiling source file '../../../../kotek/src/kotek.render.vk/src/kotek_render_test_render_device.cpp')
  
D:\prj\cpp\zircon\kotek\src\kotek.render.vk\src\kotek_render_test_render_device.cpp(1,1): warning C4828: The file contains a character starting at offset 0x112 that is not valid in the current source character set (codepage 65001). [D:\prj\cpp\zircon\build-m2\kotek\src\kotek.render.vk\kotek.render.vk.vcxproj]
  (compiling source file '../../../../kotek/src/kotek.render.vk/src/kotek_render_test_render_device.cpp')
  
D:\prj\cpp\zircon\kotek\src\kotek.render.vk\src\kotek_render_test_render_device.cpp(1,1): warning C4828: The file contains a character starting at offset 0x116 that is not valid in the current source character set (codepage 65001). [D:\prj\cpp\zircon\build-m2\kotek\src\kotek.render.vk\kotek.render.vk.vcxproj]
  (compiling source file '../../../../kotek/src/kotek.render.vk/src/kotek_render_test_render_device.cpp')
  
D:\prj\cpp\zircon\kotek\src\kotek.render.vk\src\kotek_render_test_render_device.cpp(1,1): warning C4828: The file contains a character starting at offset 0x119 that is not valid in the current source character set (codepage 65001). [D:\prj\cpp\zircon\build-m2\kotek\src\kotek.render.vk\kotek.render.vk.vcxproj]
  (compiling source file '../../../../kotek/src/kotek.render.vk/src/kotek_render_test_render_device.cpp')
  
D:\prj\cpp\zircon\kotek\src\kotek.render.vk\src\kotek_render_test_render_device.cpp(1,1): warning C4828: The file contains a character starting at offset 0x11c that is not valid in the current source character set (codepage 65001). [D:\prj\cpp\zircon\build-m2\kotek\src\kotek.render.vk\kotek.render.vk.vcxproj]
  (compiling source file '../../../../kotek/src/kotek.render.vk/src/kotek_render_test_render_device.cpp')
  
D:\prj\cpp\zircon\kotek\src\kotek.render.vk\src\kotek_render_test_render_device.cpp(1,1): warning C4828: The file contains a character starting at offset 0x11f that is not valid in the current source character set (codepage 65001). [D:\prj\cpp\zircon\build-m2\kotek\src\kotek.render.vk\kotek.render.vk.vcxproj]
  (compiling source file '../../../../kotek/src/kotek.render.vk/src/kotek_render_test_render_device.cpp')
  
D:\prj\cpp\zircon\kotek\src\kotek.render.vk\src\kotek_render_test_render_device.cpp(1,1): warning C4828: The file contains a character starting at offset 0x122 that is not valid in the current source character set (codepage 65001). [D:\prj\cpp\zircon\build-m2\kotek\src\kotek.render.vk\kotek.render.vk.vcxproj]
  (compiling source file '../../../../kotek/src/kotek.render.vk/src/kotek_render_test_render_device.cpp')
  
D:\prj\cpp\zircon\kotek\src\kotek.render.vk\src\kotek_render_test_render_device.cpp(1,1): warning C4828: The file contains a character starting at offset 0x125 that is not valid in the current source character set (codepage 65001). [D:\prj\cpp\zircon\build-m2\kotek\src\kotek.render.vk\kotek.render.vk.vcxproj]
  (compiling source file '../../../../kotek/src/kotek.render.vk/src/kotek_render_test_render_device.cpp')
  
D:\prj\cpp\zircon\kotek\src\kotek.render.vk\src\kotek_render_test_render_device.cpp(1,1): warning C4828: The file contains a character starting at offset 0x128 that is not valid in the current source character set (codepage 65001). [D:\prj\cpp\zircon\build-m2\kotek\src\kotek.render.vk\kotek.render.vk.vcxproj]
  (compiling source file '../../../../kotek/src/kotek.render.vk/src/kotek_render_test_render_device.cpp')
  
D:\prj\cpp\zircon\kotek\src\kotek.render.vk\src\kotek_render_test_render_device.cpp(1,1): warning C4828: The file contains a character starting at offset 0x12c that is not valid in the current source character set (codepage 65001). [D:\prj\cpp\zircon\build-m2\kotek\src\kotek.render.vk\kotek.render.vk.vcxproj]
  (compiling source file '../../../../kotek/src/kotek.render.vk/src/kotek_render_test_render_device.cpp')
  
D:\prj\cpp\zircon\kotek\src\kotek.render.vk\src\kotek_render_test_render_device.cpp(1,1): warning C4828: The file contains a character starting at offset 0x130 that is not valid in the current source character set (codepage 65001). [D:\prj\cpp\zircon\build-m2\kotek\src\kotek.render.vk\kotek.render.vk.vcxproj]
  (compiling source file '../../../../kotek/src/kotek.render.vk/src/kotek_render_test_render_device.cpp')
  
D:\prj\cpp\zircon\kotek\src\kotek.render.vk\src\kotek_render_test_render_device.cpp(1,1): warning C4828: The file contains a character starting at offset 0x133 that is not valid in the current source character set (codepage 65001). [D:\prj\cpp\zircon\build-m2\kotek\src\kotek.render.vk\kotek.render.vk.vcxproj]
  (compiling source file '../../../../kotek/src/kotek.render.vk/src/kotek_render_test_render_device.cpp')
  
D:\prj\cpp\zircon\kotek\src\kotek.render.vk\src\kotek_render_test_render_device.cpp(1,1): warning C4828: The file contains a character starting at offset 0x136 that is not valid in the current source character set (codepage 65001). [D:\prj\cpp\zircon\build-m2\kotek\src\kotek.render.vk\kotek.render.vk.vcxproj]
  (compiling source file '../../../../kotek/src/kotek.render.vk/src/kotek_render_test_render_device.cpp')
  
D:\prj\cpp\zircon\kotek\src\kotek.render.vk\src\kotek_render_test_render_device.cpp(1,1): warning C4828: The file contains a character starting at offset 0x13e that is not valid in the current source character set (codepage 65001). [D:\prj\cpp\zircon\build-m2\kotek\src\kotek.render.vk\kotek.render.vk.vcxproj]
  (compiling source file '../../../../kotek/src/kotek.render.vk/src/kotek_render_test_render_device.cpp')
  
D:\prj\cpp\zircon\kotek\src\kotek.render.vk\src\kotek_render_test_render_device.cpp(1,1): warning C4828: The file contains a character starting at offset 0x141 that is not valid in the current source character set (codepage 65001). [D:\prj\cpp\zircon\build-m2\kotek\src\kotek.render.vk\kotek.render.vk.vcxproj]
  (compiling source file '../../../../kotek/src/kotek.render.vk/src/kotek_render_test_render_device.cpp')
  
D:\prj\cpp\zircon\kotek\src\kotek.render.vk\src\kotek_render_test_render_device.cpp(1,1): warning C4828: The file contains a character starting at offset 0x144 that is not valid in the current source character set (codepage 65001). [D:\prj\cpp\zircon\build-m2\kotek\src\kotek.render.vk\kotek.render.vk.vcxproj]
  (compiling source file '../../../../kotek/src/kotek.render.vk/src/kotek_render_test_render_device.cpp')
  
D:\prj\cpp\zircon\kotek\src\kotek.render.vk\src\kotek_render_test_render_device.cpp(1,1): warning C4828: The file contains a character starting at offset 0x148 that is not valid in the current source character set (codepage 65001). [D:\prj\cpp\zircon\build-m2\kotek\src\kotek.render.vk\kotek.render.vk.vcxproj]
  (compiling source file '../../../../kotek/src/kotek.render.vk/src/kotek_render_test_render_device.cpp')
  
  kotek_render_test_shader_manager.cpp
D:\prj\cpp\zircon\kotek\src\kotek.render.vk\src\kotek_render_test_shader_manager.cpp(1,1): warning C4828: The file contains a character starting at offset 0x133 that is not valid in the current source character set (codepage 65001). [D:\prj\cpp\zircon\build-m2\kotek\src\kotek.render.vk\kotek.render.vk.vcxproj]
  (compiling source file '../../../../kotek/src/kotek.render.vk/src/kotek_render_test_shader_manager.cpp')
  
D:\prj\cpp\zircon\kotek\src\kotek.render.vk\src\kotek_render_test_shader_manager.cpp(1,1): warning C4828: The file contains a character starting at offset 0x136 that is not valid in the current source character set (codepage 65001). [D:\prj\cpp\zircon\build-m2\kotek\src\kotek.render.vk\kotek.render.vk.vcxproj]
  (compiling source file '../../../../kotek/src/kotek.render.vk/src/kotek_render_test_shader_manager.cpp')
  
D:\prj\cpp\zircon\kotek\src\kotek.render.vk\src\kotek_render_test_shader_manager.cpp(1,1): warning C4828: The file contains a character starting at offset 0x139 that is not valid in the current source character set (codepage 65001). [D:\prj\cpp\zircon\build-m2\kotek\src\kotek.render.vk\kotek.render.vk.vcxproj]
  (compiling source file '../../../../kotek/src/kotek.render.vk/src/kotek_render_test_shader_manager.cpp')
  
D:\prj\cpp\zircon\kotek\src\kotek.render.vk\src\kotek_render_test_shader_manager.cpp(1,1): warning C4828: The file contains a character starting at offset 0x13d that is not valid in the current source character set (codepage 65001). [D:\prj\cpp\zircon\build-m2\kotek\src\kotek.render.vk\kotek.render.vk.vcxproj]
  (compiling source file '../../../../kotek/src/kotek.render.vk/src/kotek_render_test_shader_manager.cpp')
  
D:\prj\cpp\zircon\kotek\src\kotek.render.vk\src\kotek_render_test_shader_manager.cpp(1,1): warning C4828: The file contains a character starting at offset 0x141 that is not valid in the current source character set (codepage 65001). [D:\prj\cpp\zircon\build-m2\kotek\src\kotek.render.vk\kotek.render.vk.vcxproj]
  (compiling source file '../../../../kotek/src/kotek.render.vk/src/kotek_render_test_shader_manager.cpp')
  
D:\prj\cpp\zircon\kotek\src\kotek.render.vk\src\kotek_render_test_shader_manager.cpp(1,1): warning C4828: The file contains a character starting at offset 0x143 that is not valid in the current source character set (codepage 65001). [D:\prj\cpp\zircon\build-m2\kotek\src\kotek.render.vk\kotek.render.vk.vcxproj]
  (compiling source file '../../../../kotek/src/kotek.render.vk/src/kotek_render_test_shader_manager.cpp')
  
D:\prj\cpp\zircon\kotek\src\kotek.render.vk\src\kotek_render_test_shader_manager.cpp(1,1): warning C4828: The file contains a character starting at offset 0x146 that is not valid in the current source character set (codepage 65001). [D:\prj\cpp\zircon\build-m2\kotek\src\kotek.render.vk\kotek.render.vk.vcxproj]
  (compiling source file '../../../../kotek/src/kotek.render.vk/src/kotek_render_test_shader_manager.cpp')
  
D:\prj\cpp\zircon\kotek\src\kotek.render.vk\src\kotek_render_test_shader_manager.cpp(1,1): warning C4828: The file contains a character starting at offset 0x14a that is not valid in the current source character set (codepage 65001). [D:\prj\cpp\zircon\build-m2\kotek\src\kotek.render.vk\kotek.render.vk.vcxproj]
  (compiling source file '../../../../kotek/src/kotek.render.vk/src/kotek_render_test_shader_manager.cpp')
  
D:\prj\cpp\zircon\kotek\src\kotek.render.vk\src\kotek_render_test_shader_manager.cpp(1,1): warning C4828: The file contains a character starting at offset 0x14b that is not valid in the current source character set (codepage 65001). [D:\prj\cpp\zircon\build-m2\kotek\src\kotek.render.vk\kotek.render.vk.vcxproj]
  (compiling source file '../../../../kotek/src/kotek.render.vk/src/kotek_render_test_shader_manager.cpp')
  
D:\prj\cpp\zircon\kotek\src\kotek.render.vk\src\kotek_render_test_shader_manager.cpp(1,1): warning C4828: The file contains a character starting at offset 0x14f that is not valid in the current source character set (codepage 65001). [D:\prj\cpp\zircon\build-m2\kotek\src\kotek.render.vk\kotek.render.vk.vcxproj]
  (compiling source file '../../../../kotek/src/kotek.render.vk/src/kotek_render_test_shader_manager.cpp')
  
D:\prj\cpp\zircon\kotek\src\kotek.render.vk\src\kotek_render_test_shader_manager.cpp(1,1): warning C4828: The file contains a character starting at offset 0x152 that is not valid in the current source character set (codepage 65001). [D:\prj\cpp\zircon\build-m2\kotek\src\kotek.render.vk\kotek.render.vk.vcxproj]
  (compiling source file '../../../../kotek/src/kotek.render.vk/src/kotek_render_test_shader_manager.cpp')
  
D:\prj\cpp\zircon\kotek\src\kotek.render.vk\src\kotek_render_test_shader_manager.cpp(1,1): warning C4828: The file contains a character starting at offset 0x155 that is not valid in the current source character set (codepage 65001). [D:\prj\cpp\zircon\build-m2\kotek\src\kotek.render.vk\kotek.render.vk.vcxproj]
  (compiling source file '../../../../kotek/src/kotek.render.vk/src/kotek_render_test_shader_manager.cpp')
  
D:\prj\cpp\zircon\kotek\src\kotek.render.vk\src\kotek_render_test_shader_manager.cpp(1,1): warning C4828: The file contains a character starting at offset 0x158 that is not valid in the current source character set (codepage 65001). [D:\prj\cpp\zircon\build-m2\kotek\src\kotek.render.vk\kotek.render.vk.vcxproj]
  (compiling source file '../../../../kotek/src/kotek.render.vk/src/kotek_render_test_shader_manager.cpp')
  
D:\prj\cpp\zircon\kotek\src\kotek.render.vk\src\kotek_render_test_shader_manager.cpp(1,1): warning C4828: The file contains a character starting at offset 0x15b that is not valid in the current source character set (codepage 65001). [D:\prj\cpp\zircon\build-m2\kotek\src\kotek.render.vk\kotek.render.vk.vcxproj]
  (compiling source file '../../../../kotek/src/kotek.render.vk/src/kotek_render_test_shader_manager.cpp')
  
D:\prj\cpp\zircon\kotek\src\kotek.render.vk\src\kotek_render_test_shader_manager.cpp(1,1): warning C4828: The file contains a character starting at offset 0x15e that is not valid in the current source character set (codepage 65001). [D:\prj\cpp\zircon\build-m2\kotek\src\kotek.render.vk\kotek.render.vk.vcxproj]
  (compiling source file '../../../../kotek/src/kotek.render.vk/src/kotek_render_test_shader_manager.cpp')
  
D:\prj\cpp\zircon\kotek\src\kotek.render.vk\src\kotek_render_test_shader_manager.cpp(1,1): warning C4828: The file contains a character starting at offset 0x161 that is not valid in the current source character set (codepage 65001). [D:\prj\cpp\zircon\build-m2\kotek\src\kotek.render.vk\kotek.render.vk.vcxproj]
  (compiling source file '../../../../kotek/src/kotek.render.vk/src/kotek_render_test_shader_manager.cpp')
  
D:\prj\cpp\zircon\kotek\src\kotek.render.vk\src\kotek_render_test_shader_manager.cpp(1,1): warning C4828: The file contains a character starting at offset 0x165 that is not valid in the current source character set (codepage 65001). [D:\prj\cpp\zircon\build-m2\kotek\src\kotek.render.vk\kotek.render.vk.vcxproj]
  (compiling source file '../../../../kotek/src/kotek.render.vk/src/kotek_render_test_shader_manager.cpp')
  
D:\prj\cpp\zircon\kotek\src\kotek.render.vk\src\kotek_render_test_shader_manager.cpp(1,1): warning C4828: The file contains a character starting at offset 0x169 that is not valid in the current source character set (codepage 65001). [D:\prj\cpp\zircon\build-m2\kotek\src\kotek.render.vk\kotek.render.vk.vcxproj]
  (compiling source file '../../../../kotek/src/kotek.render.vk/src/kotek_render_test_shader_manager.cpp')
  
D:\prj\cpp\zircon\kotek\src\kotek.render.vk\src\kotek_render_test_shader_manager.cpp(1,1): warning C4828: The file contains a character starting at offset 0x16c that is not valid in the current source character set (codepage 65001). [D:\prj\cpp\zircon\build-m2\kotek\src\kotek.render.vk\kotek.render.vk.vcxproj]
  (compiling source file '../../../../kotek/src/kotek.render.vk/src/kotek_render_test_shader_manager.cpp')
  
D:\prj\cpp\zircon\kotek\src\kotek.render.vk\src\kotek_render_test_shader_manager.cpp(1,1): warning C4828: The file contains a character starting at offset 0x16f that is not valid in the current source character set (codepage 65001). [D:\prj\cpp\zircon\build-m2\kotek\src\kotek.render.vk\kotek.render.vk.vcxproj]
  (compiling source file '../../../../kotek/src/kotek.render.vk/src/kotek_render_test_shader_manager.cpp')
  
D:\prj\cpp\zircon\kotek\src\kotek.render.vk\src\kotek_render_test_shader_manager.cpp(1,1): warning C4828: The file contains a character starting at offset 0x177 that is not valid in the current source character set (codepage 65001). [D:\prj\cpp\zircon\build-m2\kotek\src\kotek.render.vk\kotek.render.vk.vcxproj]
  (compiling source file '../../../../kotek/src/kotek.render.vk/src/kotek_render_test_shader_manager.cpp')
  
D:\prj\cpp\zircon\kotek\src\kotek.render.vk\src\kotek_render_test_shader_manager.cpp(1,1): warning C4828: The file contains a character starting at offset 0x17a that is not valid in the current source character set (codepage 65001). [D:\prj\cpp\zircon\build-m2\kotek\src\kotek.render.vk\kotek.render.vk.vcxproj]
  (compiling source file '../../../../kotek/src/kotek.render.vk/src/kotek_render_test_shader_manager.cpp')
  
D:\prj\cpp\zircon\kotek\src\kotek.render.vk\src\kotek_render_test_shader_manager.cpp(1,1): warning C4828: The file contains a character starting at offset 0x17d that is not valid in the current source character set (codepage 65001). [D:\prj\cpp\zircon\build-m2\kotek\src\kotek.render.vk\kotek.render.vk.vcxproj]
  (compiling source file '../../../../kotek/src/kotek.render.vk/src/kotek_render_test_shader_manager.cpp')
  
D:\prj\cpp\zircon\kotek\src\kotek.render.vk\src\kotek_render_test_shader_manager.cpp(1,1): warning C4828: The file contains a character starting at offset 0x181 that is not valid in the current source character set (codepage 65001). [D:\prj\cpp\zircon\build-m2\kotek\src\kotek.render.vk\kotek.render.vk.vcxproj]
  (compiling source file '../../../../kotek/src/kotek.render.vk/src/kotek_render_test_shader_manager.cpp')
  
D:\prj\cpp\zircon\kotek\src\kotek.render.vk\src\kotek_render_imgui_manager.cpp(216,45): warning C4838: conversion from 'VkDeviceSize' to 'Kotek::ktk::uint32_t' requires a narrowing conversion [D:\prj\cpp\zircon\build-m2\kotek\src\kotek.render.vk\kotek.render.vk.vcxproj]
  (compiling source file '../../../../kotek/src/kotek.render.vk/src/kotek_render_imgui_manager.cpp')
  
  kotek_render_test_swapchain.cpp
  kotek_render_texture_manager.cpp
  kotek_render_upload_heap.cpp
  main_render_vk_dll.cpp
  spirv_reflect.cpp
  kotek.render.vk.vcxproj -> D:\prj\cpp\zircon\build-m2\lib\Debug\kotek.render.vk.lib
  kotek_render_data_types.cpp
  main_render_shared_dll.cpp
  kotek.render.shared.vcxproj -> D:\prj\cpp\zircon\build-m2\lib\Debug\kotek.render.shared.lib
  cmake_pch.cxx
  kotek_render_allocator_ring.cpp
  kotek_render_allocator_ring_with_tabs.cpp
  kotek_render_device.cpp
  kotek_render_resource_manager.cpp
  kotek_render_static_buffer_pool.cpp
  kotek_render_static_buffer_pool_with_linear_allocator.cpp
  kotek_render_swapchain.cpp
  kotek_render_texture_manager.cpp
  main_render_gl_dll.cpp
  kotek.render.gl.vcxproj -> D:\prj\cpp\zircon\build-m2\lib\Debug\kotek.render.gl.lib
  cmake_pch.cxx
  main_render_dll.cpp
  kotek.render.vcxproj -> D:\prj\cpp\zircon\build-m2\lib\Debug\kotek.render.lib
  cmake_pch.cxx
  kotek_update.cpp
  kotek_window_splash.cpp
  main_game_dll.cpp
  kotek.game.vcxproj -> D:\prj\cpp\zircon\build-m2\lib\Debug\kotek.game.lib
