MSBuild-Version 18.8.2+ce25c0108 für .NET Framework

  main_core_defines_static_cpp_dll.cpp
  kotek.core.defines.static.cpp.vcxproj -> D:\prj\cpp\zircon\build-m2\lib\Debug\kotek.core.defines.static.cpp.lib
  main_core_containers_multithreading_tbb_dll.cpp
  main_core_defines_static_git_dll.cpp
  main_core_defines_static_sdk_dll.cpp
  main_core_containers_shared_ptr_dll.cpp
  main_core_constants_render_dll.cpp
  main_core_defines_static_os_linux_dll.cpp
  main_core_defines_static_profilers_dll.cpp
  main_core_containers_multithreading_semaphore_dll.cpp
  main_core_containers_unique_ptr_dll.cpp
  main_core_containers_multithreading_mutex_dll.cpp
  main_core_defines_static_tests_dll.cpp
  main_core_defines_static_math_dll.cpp
  main_core_containers_pair_dll.cpp
  kotek.core.defines.static.sdk.vcxproj -> D:\prj\cpp\zircon\build-m2\lib\Debug\kotek.core.defines.static.sdk.lib
  main_core_defines_static_render_vk_dll.cpp
  kotek.core.defines.static.git.vcxproj -> D:\prj\cpp\zircon\build-m2\lib\Debug\kotek.core.defines.static.git.lib
  main_core_containers_function_dll.cpp
  main_core_containers_multithreading_thread_dll.cpp
  kotek.core.defines.static.profilers.vcxproj -> D:\prj\cpp\zircon\build-m2\lib\Debug\kotek.core.defines.static.profilers.lib
  kotek.core.defines.static.tests.vcxproj -> D:\prj\cpp\zircon\build-m2\lib\Debug\kotek.core.defines.static.tests.lib
  main_core_containers_multithreading_condition_variable_dll.cpp
  kotek.core.defines.static.render.vk.vcxproj -> D:\prj\cpp\zircon\build-m2\lib\Debug\kotek.core.defines.static.render.vk.lib
  main_core_defines_static_os_win32_dll.cpp
  kotek.core.containers.pair.vcxproj -> D:\prj\cpp\zircon\build-m2\lib\Debug\kotek.core.containers.pair.lib
  kotek.core.containers.multithreading.semaphore.vcxproj -> D:\prj\cpp\zircon\build-m2\lib\Debug\kotek.core.containers.multithreading.semaphore.lib
  main_core_defines_static_render_bgfx_dll.cpp
  kotek.core.defines.static.os.win32.vcxproj -> D:\prj\cpp\zircon\build-m2\lib\Debug\kotek.core.defines.static.os.win32.lib
  kotek.core.defines.static.os.linux.vcxproj -> D:\prj\cpp\zircon\build-m2\lib\Debug\kotek.core.defines.static.os.linux.lib
  main_core_containers_any_dll.cpp
  kotek.core.containers.unique_ptr.vcxproj -> D:\prj\cpp\zircon\build-m2\lib\Debug\kotek.core.containers.unique_ptr.lib
  main_core_containers_hash_dll.cpp
  main_core_containers_multithreading_shared_mutex_dll.cpp
  kotek.core.containers.shared_ptr.vcxproj -> D:\prj\cpp\zircon\build-m2\lib\Debug\kotek.core.containers.shared_ptr.lib
  kotek.core.defines.static.render.bgfx.vcxproj -> D:\prj\cpp\zircon\build-m2\lib\Debug\kotek.core.defines.static.render.bgfx.lib
  main_core_defines_static_render_gl_dll.cpp
  kotek.core.containers.function.vcxproj -> D:\prj\cpp\zircon\build-m2\lib\Debug\kotek.core.containers.function.lib
  kotek.core.containers.hash.vcxproj -> D:\prj\cpp\zircon\build-m2\lib\Debug\kotek.core.containers.hash.lib
  main_core_containers_multithreading_atomic_dll.cpp
  main_core_defines_static_render_dx_dll.cpp
  kotek.core.containers.multithreading.thread.vcxproj -> D:\prj\cpp\zircon\build-m2\lib\Debug\kotek.core.containers.multithreading.thread.lib
  kotek.core.defines.static.render.gl.vcxproj -> D:\prj\cpp\zircon\build-m2\lib\Debug\kotek.core.defines.static.render.gl.lib
  kotek.core.containers.multithreading.mutex.vcxproj -> D:\prj\cpp\zircon\build-m2\lib\Debug\kotek.core.containers.multithreading.mutex.lib
  main_core_numerics_dll.cpp
  main_core_containers_variant_dll.cpp
  main_core_defines_static_string_dll.cpp
  kotek.core.constants.render.vcxproj -> D:\prj\cpp\zircon\build-m2\lib\Debug\kotek.core.constants.render.lib
  kotek.core.defines.static.render.dx.vcxproj -> D:\prj\cpp\zircon\build-m2\lib\Debug\kotek.core.defines.static.render.dx.lib
  kotek.core.containers.any.vcxproj -> D:\prj\cpp\zircon\build-m2\lib\Debug\kotek.core.containers.any.lib
  kotek.core.containers.multithreading.atomic.vcxproj -> D:\prj\cpp\zircon\build-m2\lib\Debug\kotek.core.containers.multithreading.atomic.lib
  kotek.core.containers.multithreading.condition_variable.vcxproj -> D:\prj\cpp\zircon\build-m2\lib\Debug\kotek.core.containers.multithreading.condition_variable.lib
  kotek.core.defines.static.string.vcxproj -> D:\prj\cpp\zircon\build-m2\lib\Debug\kotek.core.defines.static.string.lib
  main_core_defines_static_os_dll.cpp
  main_core_constants_window_dll.cpp
  kotek.core.defines.static.math.vcxproj -> D:\prj\cpp\zircon\build-m2\lib\Debug\kotek.core.defines.static.math.lib
  kotek.core.defines.static.os.vcxproj -> D:\prj\cpp\zircon\build-m2\lib\Debug\kotek.core.defines.static.os.lib
  kotek.core.constants.window.vcxproj -> D:\prj\cpp\zircon\build-m2\lib\Debug\kotek.core.constants.window.lib
  main_core_containers_microsoft_wrl_comptr_dll.cpp
  kotek.core.containers.multithreading.shared_mutex.vcxproj -> D:\prj\cpp\zircon\build-m2\lib\Debug\kotek.core.containers.multithreading.shared_mutex.lib
  main_core_types_char_dll.cpp
  main_render_gl_glad_dll.cpp
  main_core_defines_dependent_text_dll.cpp
  main_core_defines_render_dll.cpp
  kotek.core.types.char.vcxproj -> D:\prj\cpp\zircon\build-m2\lib\Debug\kotek.core.types.char.lib
  kotek.render.gl.glad.vcxproj -> D:\prj\cpp\zircon\build-m2\bin\Debug\kotek.render.gl.glad.dll
  kotek.core.defines.static.render.vcxproj -> D:\prj\cpp\zircon\build-m2\lib\Debug\kotek.core.defines.static.render.lib
  main_core_containers_io_dll.cpp
  kotek.core.defines_dependent.text.vcxproj -> D:\prj\cpp\zircon\build-m2\lib\Debug\kotek.core.defines_dependent.text.lib
  kotek.core.containers.variant.vcxproj -> D:\prj\cpp\zircon\build-m2\lib\Debug\kotek.core.containers.variant.lib
  kotek.core.containers.microsoft.wrl.comptr.vcxproj -> D:\prj\cpp\zircon\build-m2\lib\Debug\kotek.core.containers.microsoft.wrl.comptr.lib
  main_core_containers_microsoft_dll.cpp
  kotek.core.types.numerics.vcxproj -> D:\prj\cpp\zircon\build-m2\lib\Debug\kotek.core.types.numerics.lib
  main_core_constants_string_dll.cpp
  main_core_enum_render_vk_dll.cpp
  main_core_constants_ecs_dll.cpp
  main_core_containers_array_dll.cpp
  main_core_enum_render_dx_dll.cpp
  main_core_constants_math_dll.cpp
  kotek.core.constants.string.vcxproj -> D:\prj\cpp\zircon\build-m2\lib\Debug\kotek.core.constants.string.lib
  main_core_defines_static_dll.cpp
  kotek.core.containers.io.vcxproj -> D:\prj\cpp\zircon\build-m2\lib\Debug\kotek.core.containers.io.lib
  kotek.core.defines.static.vcxproj -> D:\prj\cpp\zircon\build-m2\lib\Debug\kotek.core.defines.static.lib
  kotek.core.containers.microsoft.vcxproj -> D:\prj\cpp\zircon\build-m2\lib\Debug\kotek.core.containers.microsoft.lib
  kotek.core.containers.multithreading.tbb.vcxproj -> D:\prj\cpp\zircon\build-m2\lib\Debug\kotek.core.containers.multithreading.tbb.lib
  kotek.core.constants.ecs.vcxproj -> D:\prj\cpp\zircon\build-m2\lib\Debug\kotek.core.constants.ecs.lib
  kotek.core.enum.render.vk.vcxproj -> D:\prj\cpp\zircon\build-m2\lib\Debug\kotek.core.enum.render.vk.lib
  kotek.core.constants.math.vcxproj -> D:\prj\cpp\zircon\build-m2\lib\Debug\kotek.core.constants.math.lib
  kotek.core.enum.render.dx.vcxproj -> D:\prj\cpp\zircon\build-m2\lib\Debug\kotek.core.enum.render.dx.lib
  main_core_constants_dll.cpp
  kotek_translation.cpp
  main_core_enum_render_bgfx_dll.cpp
  kotek.core.containers.array.vcxproj -> D:\prj\cpp\zircon\build-m2\lib\Debug\kotek.core.containers.array.lib
  kotek.core.constants.vcxproj -> D:\prj\cpp\zircon\build-m2\lib\Debug\kotek.core.constants.lib
  kotek.core.enum.render.bgfx.vcxproj -> D:\prj\cpp\zircon\build-m2\lib\Debug\kotek.core.enum.render.bgfx.lib
  kotek_translation.cpp
  main_core_enum_render_gl_dll.cpp
  kotek.core.enum.render.gl.vcxproj -> D:\prj\cpp\zircon\build-m2\lib\Debug\kotek.core.enum.render.gl.lib
  kotek_translation.cpp
  main_core_enum_render_dll.cpp
  kotek.core.enum.render.vcxproj -> D:\prj\cpp\zircon\build-m2\lib\Debug\kotek.core.enum.render.lib
  kotek_translation.cpp
  main_core_enum_core_dll.cpp
  kotek_core_enum_core_test_translation.cpp
  kotek.core.enum.core.vcxproj -> D:\prj\cpp\zircon\build-m2\lib\Debug\kotek.core.enum.core.lib
  main_core_enum_dll.cpp
  kotek.core.enum.vcxproj -> D:\prj\cpp\zircon\build-m2\lib\Debug\kotek.core.enum.lib
  main_core_ecs_dll.cpp
  kotek.core.ecs.vcxproj -> D:\prj\cpp\zircon\build-m2\lib\Debug\kotek.core.ecs.lib
  kotek_main_manager.cpp
  kotek_plugin_invoke.cpp
  main_core_main_manager_dll.cpp
  Generating Code...
  kotek.core.main_manager.vcxproj -> D:\prj\cpp\zircon\build-m2\lib\Debug\kotek.core.main_manager.lib
  kotek_std_config.cpp
  main_core_engine_config_dll.cpp
  Generating Code...
  kotek.core.engine_config.vcxproj -> D:\prj\cpp\zircon\build-m2\lib\Debug\kotek.core.engine_config.lib
  main_core_log_dll.cpp
  kotek.core.log.vcxproj -> D:\prj\cpp\zircon\build-m2\lib\Debug\kotek.core.log.lib
  main_core_os_win32_dll.cpp
  kotek.core.os.win32.vcxproj -> D:\prj\cpp\zircon\build-m2\lib\Debug\kotek.core.os.win32.lib
  main_core_os_dll.cpp
  kotek.core.os.vcxproj -> D:\prj\cpp\zircon\build-m2\lib\Debug\kotek.core.os.lib
  kotek_std_memory.cpp
  main_core_memory_cpu_dll.cpp
  kotek.core.memory.cpu.vcxproj -> D:\prj\cpp\zircon\build-m2\lib\Debug\kotek.core.memory.cpu.lib
  main_core_format_dll.cpp
  kotek.core.format.vcxproj -> D:\prj\cpp\zircon\build-m2\lib\Debug\kotek.core.format.lib
  main_core_containers_vector_dll.cpp
  kotek.core.containers.vector.vcxproj -> D:\prj\cpp\zircon\build-m2\lib\Debug\kotek.core.containers.vector.lib
  main_core_containers_unordered_set_dll.cpp
  kotek.core.containers.unordered_set.vcxproj -> D:\prj\cpp\zircon\build-m2\lib\Debug\kotek.core.containers.unordered_set.lib
  main_core_containers_unordered_map_dll.cpp
  kotek.core.containers.unordered_map.vcxproj -> D:\prj\cpp\zircon\build-m2\lib\Debug\kotek.core.containers.unordered_map.lib
  main_core_containers_filesystem_path_dll.cpp
  kotek.core.containers.filesystem.path.vcxproj -> D:\prj\cpp\zircon\build-m2\lib\Debug\kotek.core.containers.filesystem.path.lib
  main_core_containers_dll_dll.cpp
  kotek.core.containers.dll.vcxproj -> D:\prj\cpp\zircon\build-m2\lib\Debug\kotek.core.containers.dll.lib
  kotek_std_alias_string.cpp
  main_core_containers_string_dll.cpp
  kotek_core_test_string.cpp
  Generating Code...
  kotek.core.containers.string.vcxproj -> D:\prj\cpp\zircon\build-m2\lib\Debug\kotek.core.containers.string.lib
  kotek_std_alias_casting.cpp
  main_core_casting_string_dll.cpp
  Generating Code...
  kotek.core.casting.string.vcxproj -> D:\prj\cpp\zircon\build-m2\lib\Debug\kotek.core.casting.string.lib
  main_core_casting_lexical_dll.cpp
  kotek.core.casting.lexical.vcxproj -> D:\prj\cpp\zircon\build-m2\lib\Debug\kotek.core.casting.lexical.lib
  main_core_types_string_dll.cpp
  kotek.core.types.string.vcxproj -> D:\prj\cpp\zircon\build-m2\lib\Debug\kotek.core.types.string.lib
  main_api_dll.cpp
  kotek.core.api.vcxproj -> D:\prj\cpp\zircon\build-m2\lib\Debug\kotek.core.api.lib
  main_core_defines_dependent_ecs_dll.cpp
  kotek.core.defines_dependent.ecs.vcxproj -> D:\prj\cpp\zircon\build-m2\lib\Debug\kotek.core.defines_dependent.ecs.lib
  main_core_defines_dependent_assert_dll.cpp
  kotek.core.defines_dependent.assert.vcxproj -> D:\prj\cpp\zircon\build-m2\lib\Debug\kotek.core.defines_dependent.assert.lib
  main_core_defines_dependent_message_dll.cpp
  kotek.core.defines_dependent.message.vcxproj -> D:\prj\cpp\zircon\build-m2\lib\Debug\kotek.core.defines_dependent.message.lib
  main_core_types_dll.cpp
  main_core_memory_gpu_vulkan_dll.cpp
  kotek_std_window.cpp
  kotek_std_json.cpp
  kotek_std_alias_filesystem.cpp
  kotek_input.cpp
  main_core_containers_map_dll.cpp
  kotek_ui_videoplayer.cpp
  main_core_containers_list_dll.cpp
  main_core_containers_deque_dll.cpp
  kotek.core.types.vcxproj -> D:\prj\cpp\zircon\build-m2\lib\Debug\kotek.core.types.lib
  main_core_profilers_gpu_dll.cpp
  kotek.core.profilers.gpu.vcxproj -> D:\prj\cpp\zircon\build-m2\lib\Debug\kotek.core.profilers.gpu.lib
  main_core_casting_dll.cpp
  kotek.core.containers.deque.vcxproj -> D:\prj\cpp\zircon\build-m2\lib\Debug\kotek.core.containers.deque.lib
  kotek.core.containers.list.vcxproj -> D:\prj\cpp\zircon\build-m2\lib\Debug\kotek.core.containers.list.lib
  main_core_os_linux_dll.cpp
  main_core_defines_dependent_dll.cpp
  kotek.core.containers.map.vcxproj -> D:\prj\cpp\zircon\build-m2\lib\Debug\kotek.core.containers.map.lib
  kotek.core.os.linux.vcxproj -> D:\prj\cpp\zircon\build-m2\lib\Debug\kotek.core.os.linux.lib
  main_core_containers_queue_dll.cpp
  kotek.core.casting.vcxproj -> D:\prj\cpp\zircon\build-m2\lib\Debug\kotek.core.casting.lib
  kotek.core.containers.queue.vcxproj -> D:\prj\cpp\zircon\build-m2\lib\Debug\kotek.core.containers.queue.lib
  kotek_std_utility.cpp
  main_core_containers_multithreading_queue_dll.cpp
  kotek_console.cpp
  main_core_containers_json_dll.cpp
  kotek.core.defines_dependent.vcxproj -> D:\prj\cpp\zircon\build-m2\lib\Debug\kotek.core.defines_dependent.lib
  main_core_defines_dll.cpp
  kotek.core.containers.multithreading.queue.vcxproj -> D:\prj\cpp\zircon\build-m2\lib\Debug\kotek.core.containers.multithreading.queue.lib
  main_core_containers_multithreading_dll.cpp
  kotek.core.memory.gpu.vulkan.vcxproj -> D:\prj\cpp\zircon\build-m2\lib\Debug\kotek.core.memory.gpu.vulkan.lib
  main_core_memory_gpu_dll.cpp
  main_core_containers_filesystem_dll.cpp
  kotek.core.containers.multithreading.vcxproj -> D:\prj\cpp\zircon\build-m2\lib\Debug\kotek.core.containers.multithreading.lib
  kotek.core.defines.vcxproj -> D:\prj\cpp\zircon\build-m2\lib\Debug\kotek.core.defines.lib
  Generating Code...
  kotek.core.containers.json.vcxproj -> D:\prj\cpp\zircon\build-m2\lib\Debug\kotek.core.containers.json.lib
  kotek_file_text.cpp
  main_ui_videoplayer_avif_dll.cpp
  Generating Code...
  main_core_input_dll.cpp
  main_core_window_glfw_dll.cpp
  kotek.ui.videoplayer.avif.vcxproj -> D:\prj\cpp\zircon\build-m2\lib\Debug\kotek.ui.videoplayer.avif.lib
  main_ui_videoplayer_dll.cpp
  kotek.ui.videoplayer.vcxproj -> D:\prj\cpp\zircon\build-m2\lib\Debug\kotek.ui.videoplayer.lib
  kotek.core.memory.gpu.vcxproj -> D:\prj\cpp\zircon\build-m2\lib\Debug\kotek.core.memory.gpu.lib
  main_core_utility_dll.cpp
  main_core_memory_dll.cpp
  main_core_filesystem_file_text_dll.cpp
  main_core_console_dll.cpp
  Generating Code...
  kotek.core.containers.filesystem.vcxproj -> D:\prj\cpp\zircon\build-m2\lib\Debug\kotek.core.containers.filesystem.lib
  main_core_containers_dll.cpp
  Generating Code...
  kotek.core.filesystem.file_text.vcxproj -> D:\prj\cpp\zircon\build-m2\lib\Debug\kotek.core.filesystem.file_text.lib
  kotek_filesystem.cpp
  kotek.core.memory.vcxproj -> D:\prj\cpp\zircon\build-m2\lib\Debug\kotek.core.memory.lib
  main_core_profilers_cpu_dll.cpp
  kotek_core_test_input.cpp
  Generating Code...
  kotek.core.window.glfw.vcxproj -> D:\prj\cpp\zircon\build-m2\lib\Debug\kotek.core.window.glfw.lib
  kotek_window_console.cpp
  kotek.core.profilers.cpu.vcxproj -> D:\prj\cpp\zircon\build-m2\lib\Debug\kotek.core.profilers.cpu.lib
  kotek_std_utility_tests.cpp
  kotek_profiler.cpp
  Generating Code...
  kotek.core.console.vcxproj -> D:\prj\cpp\zircon\build-m2\lib\Debug\kotek.core.console.lib
  kotek.core.containers.vcxproj -> D:\prj\cpp\zircon\build-m2\lib\Debug\kotek.core.containers.lib
  kotek_filesystem_native.cpp
  main_core_window_dll.cpp
  Generating Code...
  kotek.core.input.vcxproj -> D:\prj\cpp\zircon\build-m2\lib\Debug\kotek.core.input.lib
  main_core_profilers_dll.cpp
  Generating Code...
  kotek.core.utility.vcxproj -> D:\prj\cpp\zircon\build-m2\lib\Debug\kotek.core.utility.lib
  kotek_std_math_matrix2x2_f.cpp
  kotek_std_math_matrix3x3_f.cpp
  kotek_filesystem_zlib.cpp
  Generating Code...
  kotek.core.window.vcxproj -> D:\prj\cpp\zircon\build-m2\lib\Debug\kotek.core.window.lib
  kotek_ui_game_ui_manager.cpp
  kotek_window_manager.cpp
  Generating Code...
  kotek_std_math_matrix4x4_f.cpp
  kotek.core.profilers.vcxproj -> D:\prj\cpp\zircon\build-m2\lib\Debug\kotek.core.profilers.lib
  kotek_std_math_matrixnf_view.cpp
  main_core_window_manager_dll.cpp
  main_ui_rmlui_dll.cpp
  kotek_virtualfilemapper.cpp
  kotek_std_math_vector1f.cpp
  kotek_std_math_vector2f.cpp
  kotek_std_math_vector3f.cpp
  Generating Code...
  Generating Code...
  kotek.core.window_manager.vcxproj -> D:\prj\cpp\zircon\build-m2\lib\Debug\kotek.core.window_manager.lib
  kotek.ui.rmlui.vcxproj -> D:\prj\cpp\zircon\build-m2\lib\Debug\kotek.ui.rmlui.lib
  main_core_filesystem_dll.cpp
  kotek_std_math_vector4f.cpp
  kotek_std_math_vectornf_view.cpp
  main_core_math_dll.cpp
  Generating Code...
  kotek.core.filesystem.vcxproj -> D:\prj\cpp\zircon\build-m2\lib\Debug\kotek.core.filesystem.lib
  kotek_core_test_math.cpp
  Generating Code...
D:\prj\cpp\zircon\kotek\src\kotek.core.math\include\kotek_std_math_matrix_3x3_f.h(395,1): warning C4717: 'Kotek::ktk::math::operator*': recursive on all control paths, function will cause runtime stack overflow [D:\prj\cpp\zircon\build-m2\kotek\src\kotek.core.math\kotek.core.math.vcxproj]
D:\prj\cpp\zircon\kotek\src\kotek.core.math\src\kotek_std_math_matrix3x3_f.cpp(222,1): warning C4717: 'Kotek::ktk::math::matrix3x3f::operator+=': recursive on all control paths, function will cause runtime stack overflow [D:\prj\cpp\zircon\build-m2\kotek\src\kotek.core.math\kotek.core.math.vcxproj]
D:\prj\cpp\zircon\kotek\src\kotek.core.math\src\kotek_std_math_matrix3x3_f.cpp(305,1): warning C4717: 'Kotek::ktk::math::matrix3x3f::operator-=': recursive on all control paths, function will cause runtime stack overflow [D:\prj\cpp\zircon\build-m2\kotek\src\kotek.core.math\kotek.core.math.vcxproj]
D:\prj\cpp\zircon\kotek\src\kotek.core.math\src\kotek_std_math_matrix3x3_f.cpp(341,1): warning C4717: 'Kotek::ktk::math::matrix3x3f::operator*=': recursive on all control paths, function will cause runtime stack overflow [D:\prj\cpp\zircon\build-m2\kotek\src\kotek.core.math\kotek.core.math.vcxproj]
D:\prj\cpp\zircon\kotek\src\kotek.core.math\src\kotek_std_math_matrix2x2_f.cpp(398,1): warning C4717: 'Kotek::ktk::math::matrix2x2f::operator*=': recursive on all control paths, function will cause runtime stack overflow [D:\prj\cpp\zircon\build-m2\kotek\src\kotek.core.math\kotek.core.math.vcxproj]
D:\prj\cpp\zircon\kotek\src\kotek.core.math\src\kotek_std_math_matrix2x2_f.cpp(330,1): warning C4717: 'Kotek::ktk::math::matrix2x2f::operator-=': recursive on all control paths, function will cause runtime stack overflow [D:\prj\cpp\zircon\build-m2\kotek\src\kotek.core.math\kotek.core.math.vcxproj]
D:\prj\cpp\zircon\kotek\src\kotek.core.math\src\kotek_std_math_matrix2x2_f.cpp(239,1): warning C4717: 'Kotek::ktk::math::matrix2x2f::operator+=': recursive on all control paths, function will cause runtime stack overflow [D:\prj\cpp\zircon\build-m2\kotek\src\kotek.core.math\kotek.core.math.vcxproj]
  kotek.core.math.vcxproj -> D:\prj\cpp\zircon\build-m2\lib\Debug\kotek.core.math.lib
  kotek_ui_imgui_context_manager.cpp
  main_core_dll.cpp
  kotek_core_test_container_unordered_set.cpp
  kotek_core_test_container_vector.cpp
  kotek_core_test_filesystem.cpp
  kotek_core_test_json.cpp
  kotek_core_test_string.cpp
  kotek_ui_imgui_wrapper.cpp
  kotek.core.vcxproj -> D:\prj\cpp\zircon\build-m2\lib\Debug\kotek.core.lib
  Generating zircon_editor_enums.h using zircon_generator
  -- Selecting Windows SDK version 10.0.26100.0 to target Windows 10.0.26200.
  -- KOTEK_DEPS_FOLDER = vcpkg
  -- KOTEK_NUGET_PLATFORM_NAME = Win11
  -- KOTEK_NUGET_COMPILER_NAME = Msvc
  -- KOTEK_NUGET_ARCH_BIT_NUMBER = x64
  -- CMAKE_BINARY_DIR = D:/prj/cpp/zircon/build-m2/zircon_tools/$<CONFIG>
  -- D:/prj/cpp/zircon/src/tools/cpp_generators/ecs_fields_generator
  -- nuget_clang_folder = Kotek.Packages.Clang.Vcpkg.Runtimes.Win11.Msvc.x64.18.1.6
  -- nuget_openssl_folder = Kotek.Packages.OpenSSL.Vcpkg.Runtimes.Win11.Msvc.x64.3.5.0
  -- nuget_zlib_folder = Kotek.Packages.zlib.Vcpkg.Runtimes.Win11.Msvc.x64.1.3.1
  -- nuget_zstd_folder = Kotek.Packages.Zstd.Vcpkg.Runtimes.Win11.Msvc.x64.1.5.7
  [zircon_generator][nuget]: package clang exists!
  [zircon_generator][nuget]: package openssl exists!
  [zircon_generator][nuget]: package zlib exists!
  [zircon_generator][nuget]: package zstd exists!
  -- LLVM libraries: 
  -- Found LLVM 
  -- LLVM include path: 
  -- LLVM library path: 
  -- 
  [zircon_generator]: zstd package included directory
  [zircon_generator][Debug]: adding zstd.lib to Debug configuration
  [zircon_generator][None-Debug]: adding zstd.lib to not Debug configurations
  [zircon_generator]: zlib package included directory
  [zircon_generator][Debug]: adding zlibd.lib to Debug configuration
  [zircon_generator][None-Debug]: adding zlib.lib to not Debug configurations
  [zircon_generator]: openssl package included directory
  [zircon_generator][Debug]: adding libcrypto.lib to Debug configuration
  [zircon_generator][None-Debug]: adding libcrypto.lib to not Debug configurations
  [zircon_generator]: clang package included directory
  [zircon_generator][Debug]: adding libclang.lib to Debug configuration
  [zircon_generator][None-Debug]: adding libclang.lib to not Debug configuration
  -- Configuring done (0.0s)
  -- Generating done (0.1s)
  -- Build files have been written to: D:/prj/cpp/zircon/build-m2/zircon_tools
  cmake_pch.cxx
  cmake_pch.cxx
  cmake_pch.cxx
  cmake_pch.cxx
  MSBuild-Version 18.8.2+ce25c0108 f├╝r .NET Framework
  
  cmake_pch.cxx
    zircon_generator.vcxproj -> D:\prj\cpp\zircon\build-m2\zircon_tools\Debug\zircon_generator.exe
    copying dlls after compilation of zircon_generator
  argv=..\..\zircon_tools\Debug\zircon_generator | strcmp=1
  argv=--type | strcmp=0
  Found type!
  type = 1
  what_to_generate: 1
  Generating sdk fields!
  sdk_src_dir = D:/prj/cpp/zircon/src/editor/ui
  output_file = D:/prj/cpp/zircon/src/core/zircon_editor_enums.h
  SDK window enum file generated: D:/prj/cpp/zircon/src/core/zircon_editor_enums.h
  File was generated successfully!
  main_core_dll.cpp
  zircon_config.cpp
  zircon_editor_ui_state_interface.cpp
  zircon_session.cpp
D:\prj\cpp\zircon\src\core\main_core_dll.cpp(1,1): error C1083: Cannot open include file: '<kotek.pch/pch.h': No such file or directory [D:\prj\cpp\zircon\build-m2\src\core\zircon.core.vcxproj]
D:\prj\cpp\zircon\src\core\zircon_config.cpp(1,1): error C1083: Cannot open include file: '<kotek.pch/pch.h': No such file or directory [D:\prj\cpp\zircon\build-m2\src\core\zircon.core.vcxproj]
D:\prj\cpp\zircon\src\core\zircon_session.cpp(1,1): error C1083: Cannot open include file: '<kotek.pch/pch.h': No such file or directory [D:\prj\cpp\zircon\build-m2\src\core\zircon.core.vcxproj]
D:\prj\cpp\zircon\src\core\zircon_editor_ui_state_interface.cpp(1,1): error C1083: Cannot open include file: '<kotek.pch/pch.h': No such file or directory [D:\prj\cpp\zircon\build-m2\src\core\zircon.core.vcxproj]
  main_ui_imgui_dll.cpp
  main_render_shared_dx_dll.cpp
  main_render_shared_vk_dll.cpp
  main_render_software_dll.cpp
  kotek.render.shared.vk.vcxproj -> D:\prj\cpp\zircon\build-m2\lib\Debug\kotek.render.shared.vk.lib
  kotek.render.shared.dx.vcxproj -> D:\prj\cpp\zircon\build-m2\lib\Debug\kotek.render.shared.dx.lib
  kotek.render.software.vcxproj -> D:\prj\cpp\zircon\build-m2\lib\Debug\kotek.render.software.lib
  kotek_render_allocator_ring.cpp
  kotek_render_allocator_ring_with_tabs.cpp
  kotek_render_buffer.cpp
  kotek_render_device.cpp
  kotek_render_geometry_manager.cpp
  kotek_render_resource_manager.cpp
  kotek_render_shader_manager.cpp
  kotek_render_static_buffer_pool.cpp
  kotek_render_static_buffer_pool_with_linear_allocator.cpp
  kotek_render_swapchain.cpp
  kotek_render_texture_manager.cpp
  main_render_bgfx_dll.cpp
  kotek_render_data_types.cpp
  kotek_render_graph_simplified.cpp
  kotek_render_graph_simplified_render_pass.cpp
  main_render_shared_bgfx_dll.cpp
  kotek.render.shared.bgfx.vcxproj -> D:\prj\cpp\zircon\build-m2\lib\Debug\kotek.render.shared.bgfx.lib
  kotek.render.bgfx.vcxproj -> D:\prj\cpp\zircon\build-m2\lib\Debug\kotek.render.bgfx.lib
  cmake_pch.cxx
  Generating Code...
  kotek.ui.imgui.vcxproj -> D:\prj\cpp\zircon\build-m2\lib\Debug\kotek.ui.imgui.lib
  main_ui_dll.cpp
  cmake_pch.cxx
  kotek.ui.vcxproj -> D:\prj\cpp\zircon\build-m2\lib\Debug\kotek.ui.lib
  kotek_render_buffer.cpp
  kotek_render_data_types.cpp
  kotek_render_geometry_manager.cpp
  kotek_render_graph_simplified.cpp
  kotek_render_graph_simplified_render_pass.cpp
  kotek_render_graph_simplified_types.cpp
  kotek_render_graph_simplified_types_input.cpp
  kotek_render_graph_simplified_types_output.cpp
  kotek_render_shader_manager.cpp
  main_render_shared_gl_dll.cpp
  kotek.render.shared.gl.vcxproj -> D:\prj\cpp\zircon\build-m2\lib\Debug\kotek.render.shared.gl.lib
  cmake_pch.cxx
  kotek_render_allocator_ring.cpp
  kotek_render_command_list_ring.cpp
  kotek_render_device.cpp
  kotek_render_device_properties.cpp
  kotek_render_dynamic_buffer_ring.cpp
  kotek_render_graph.cpp
  kotek_render_graph_builder.cpp
  kotek_render_graph_data_types.cpp
  kotek_render_graph_resource_manager.cpp
  kotek_render_helper_debug.cpp
  kotek_render_helper_device.cpp
  kotek_render_helper_stats.cpp
  kotek_render_imgui_manager.cpp
  kotek_render_instance_properties.cpp
  kotek_render_resource_manager.cpp
  kotek_render_resource_view_heap.cpp
  kotek_render_shader_cache_manager.cpp
  kotek_render_shader_manager.cpp
  kotek_render_static_buffer_pool.cpp
  kotek_render_static_buffer_pool_with_linear_allocator.cpp
  kotek_render_swapchain.cpp
  kotek_render_test_render_device.cpp
  kotek_render_test_shader_manager.cpp
D:\prj\cpp\zircon\kotek\src\kotek.render.vk\src\kotek_render_test_render_device.cpp(1,1): warning C4828: The file contains a character starting at offset 0xfa that is not valid in the current source character set (codepage 65001). [D:\prj\cpp\zircon\build-m2\kotek\src\kotek.render.vk\kotek.render.vk.vcxproj]
  (compiling source file '../../../../kotek/src/kotek.render.vk/src/kotek_render_test_render_device.cpp')
  
D:\prj\cpp\zircon\kotek\src\kotek.render.vk\src\kotek_render_test_render_device.cpp(1,1): warning C4828: The file contains a character starting at offset 0xfd that is not valid in the current source character set (codepage 65001). [D:\prj\cpp\zircon\build-m2\kotek\src\kotek.render.vk\kotek.render.vk.vcxproj]
  (compiling source file '../../../../kotek/src/kotek.render.vk/src/kotek_render_test_render_device.cpp')
  
D:\prj\cpp\zircon\kotek\src\kotek.render.vk\src\kotek_render_test_render_device.cpp(1,1): warning C4828: The file contains a character starting at offset 0x100 that is not valid in the current source character set (codepage 65001). [D:\prj\cpp\zircon\build-m2\kotek\src\kotek.render.vk\kotek.render.vk.vcxproj]
  (compiling source file '../../../../kotek/src/kotek.render.vk/src/kotek_render_test_render_device.cpp')
  
D:\prj\cpp\zircon\kotek\src\kotek.render.vk\src\kotek_render_test_render_device.cpp(1,1): warning C4828: The file contains a character starting at offset 0x104 that is not valid in the current source character set (codepage 65001). [D:\prj\cpp\zircon\build-m2\kotek\src\kotek.render.vk\kotek.render.vk.vcxproj]
  (compiling source file '../../../../kotek/src/kotek.render.vk/src/kotek_render_test_render_device.cpp')
  
D:\prj\cpp\zircon\kotek\src\kotek.render.vk\src\kotek_render_test_render_device.cpp(1,1): warning C4828: The file contains a character starting at offset 0x108 that is not valid in the current source character set (codepage 65001). [D:\prj\cpp\zircon\build-m2\kotek\src\kotek.render.vk\kotek.render.vk.vcxproj]
  (compiling source file '../../../../kotek/src/kotek.render.vk/src/kotek_render_test_render_device.cpp')
  
D:\prj\cpp\zircon\kotek\src\kotek.render.vk\src\kotek_render_test_render_device.cpp(1,1): warning C4828: The file contains a character starting at offset 0x10a that is not valid in the current source character set (codepage 65001). [D:\prj\cpp\zircon\build-m2\kotek\src\kotek.render.vk\kotek.render.vk.vcxproj]
  (compiling source file '../../../../kotek/src/kotek.render.vk/src/kotek_render_test_render_device.cpp')
  
D:\prj\cpp\zircon\kotek\src\kotek.render.vk\src\kotek_render_test_render_device.cpp(1,1): warning C4828: The file contains a character starting at offset 0x10d that is not valid in the current source character set (codepage 65001). [D:\prj\cpp\zircon\build-m2\kotek\src\kotek.render.vk\kotek.render.vk.vcxproj]
  (compiling source file '../../../../kotek/src/kotek.render.vk/src/kotek_render_test_render_device.cpp')
  
D:\prj\cpp\zircon\kotek\src\kotek.render.vk\src\kotek_render_test_render_device.cpp(1,1): warning C4828: The file contains a character starting at offset 0x111 that is not valid in the current source character set (codepage 65001). [D:\prj\cpp\zircon\build-m2\kotek\src\kotek.render.vk\kotek.render.vk.vcxproj]
  (compiling source file '../../../../kotek/src/kotek.render.vk/src/kotek_render_test_render_device.cpp')
  
D:\prj\cpp\zircon\kotek\src\kotek.render.vk\src\kotek_render_test_render_device.cpp(1,1): warning C4828: The file contains a character starting at offset 0x112 that is not valid in the current source character set (codepage 65001). [D:\prj\cpp\zircon\build-m2\kotek\src\kotek.render.vk\kotek.render.vk.vcxproj]
  (compiling source file '../../../../kotek/src/kotek.render.vk/src/kotek_render_test_render_device.cpp')
  
D:\prj\cpp\zircon\kotek\src\kotek.render.vk\src\kotek_render_test_render_device.cpp(1,1): warning C4828: The file contains a character starting at offset 0x116 that is not valid in the current source character set (codepage 65001). [D:\prj\cpp\zircon\build-m2\kotek\src\kotek.render.vk\kotek.render.vk.vcxproj]
  (compiling source file '../../../../kotek/src/kotek.render.vk/src/kotek_render_test_render_device.cpp')
  
D:\prj\cpp\zircon\kotek\src\kotek.render.vk\src\kotek_render_test_render_device.cpp(1,1): warning C4828: The file contains a character starting at offset 0x119 that is not valid in the current source character set (codepage 65001). [D:\prj\cpp\zircon\build-m2\kotek\src\kotek.render.vk\kotek.render.vk.vcxproj]
  (compiling source file '../../../../kotek/src/kotek.render.vk/src/kotek_render_test_render_device.cpp')
  
D:\prj\cpp\zircon\kotek\src\kotek.render.vk\src\kotek_render_test_render_device.cpp(1,1): warning C4828: The file contains a character starting at offset 0x11c that is not valid in the current source character set (codepage 65001). [D:\prj\cpp\zircon\build-m2\kotek\src\kotek.render.vk\kotek.render.vk.vcxproj]
  (compiling source file '../../../../kotek/src/kotek.render.vk/src/kotek_render_test_render_device.cpp')
  
D:\prj\cpp\zircon\kotek\src\kotek.render.vk\src\kotek_render_test_render_device.cpp(1,1): warning C4828: The file contains a character starting at offset 0x11f that is not valid in the current source character set (codepage 65001). [D:\prj\cpp\zircon\build-m2\kotek\src\kotek.render.vk\kotek.render.vk.vcxproj]
  (compiling source file '../../../../kotek/src/kotek.render.vk/src/kotek_render_test_render_device.cpp')
  
D:\prj\cpp\zircon\kotek\src\kotek.render.vk\src\kotek_render_test_render_device.cpp(1,1): warning C4828: The file contains a character starting at offset 0x122 that is not valid in the current source character set (codepage 65001). [D:\prj\cpp\zircon\build-m2\kotek\src\kotek.render.vk\kotek.render.vk.vcxproj]
  (compiling source file '../../../../kotek/src/kotek.render.vk/src/kotek_render_test_render_device.cpp')
  
D:\prj\cpp\zircon\kotek\src\kotek.render.vk\src\kotek_render_test_render_device.cpp(1,1): warning C4828: The file contains a character starting at offset 0x125 that is not valid in the current source character set (codepage 65001). [D:\prj\cpp\zircon\build-m2\kotek\src\kotek.render.vk\kotek.render.vk.vcxproj]
  (compiling source file '../../../../kotek/src/kotek.render.vk/src/kotek_render_test_render_device.cpp')
  
D:\prj\cpp\zircon\kotek\src\kotek.render.vk\src\kotek_render_test_render_device.cpp(1,1): warning C4828: The file contains a character starting at offset 0x128 that is not valid in the current source character set (codepage 65001). [D:\prj\cpp\zircon\build-m2\kotek\src\kotek.render.vk\kotek.render.vk.vcxproj]
  (compiling source file '../../../../kotek/src/kotek.render.vk/src/kotek_render_test_render_device.cpp')
  
D:\prj\cpp\zircon\kotek\src\kotek.render.vk\src\kotek_render_test_render_device.cpp(1,1): warning C4828: The file contains a character starting at offset 0x12c that is not valid in the current source character set (codepage 65001). [D:\prj\cpp\zircon\build-m2\kotek\src\kotek.render.vk\kotek.render.vk.vcxproj]
  (compiling source file '../../../../kotek/src/kotek.render.vk/src/kotek_render_test_render_device.cpp')
  
D:\prj\cpp\zircon\kotek\src\kotek.render.vk\src\kotek_render_test_render_device.cpp(1,1): warning C4828: The file contains a character starting at offset 0x130 that is not valid in the current source character set (codepage 65001). [D:\prj\cpp\zircon\build-m2\kotek\src\kotek.render.vk\kotek.render.vk.vcxproj]
  (compiling source file '../../../../kotek/src/kotek.render.vk/src/kotek_render_test_render_device.cpp')
  
D:\prj\cpp\zircon\kotek\src\kotek.render.vk\src\kotek_render_test_render_device.cpp(1,1): warning C4828: The file contains a character starting at offset 0x133 that is not valid in the current source character set (codepage 65001). [D:\prj\cpp\zircon\build-m2\kotek\src\kotek.render.vk\kotek.render.vk.vcxproj]
  (compiling source file '../../../../kotek/src/kotek.render.vk/src/kotek_render_test_render_device.cpp')
  
D:\prj\cpp\zircon\kotek\src\kotek.render.vk\src\kotek_render_test_render_device.cpp(1,1): warning C4828: The file contains a character starting at offset 0x136 that is not valid in the current source character set (codepage 65001). [D:\prj\cpp\zircon\build-m2\kotek\src\kotek.render.vk\kotek.render.vk.vcxproj]
  (compiling source file '../../../../kotek/src/kotek.render.vk/src/kotek_render_test_render_device.cpp')
  
D:\prj\cpp\zircon\kotek\src\kotek.render.vk\src\kotek_render_test_render_device.cpp(1,1): warning C4828: The file contains a character starting at offset 0x13e that is not valid in the current source character set (codepage 65001). [D:\prj\cpp\zircon\build-m2\kotek\src\kotek.render.vk\kotek.render.vk.vcxproj]
  (compiling source file '../../../../kotek/src/kotek.render.vk/src/kotek_render_test_render_device.cpp')
  
D:\prj\cpp\zircon\kotek\src\kotek.render.vk\src\kotek_render_test_render_device.cpp(1,1): warning C4828: The file contains a character starting at offset 0x141 that is not valid in the current source character set (codepage 65001). [D:\prj\cpp\zircon\build-m2\kotek\src\kotek.render.vk\kotek.render.vk.vcxproj]
  (compiling source file '../../../../kotek/src/kotek.render.vk/src/kotek_render_test_render_device.cpp')
  
D:\prj\cpp\zircon\kotek\src\kotek.render.vk\src\kotek_render_test_render_device.cpp(1,1): warning C4828: The file contains a character starting at offset 0x144 that is not valid in the current source character set (codepage 65001). [D:\prj\cpp\zircon\build-m2\kotek\src\kotek.render.vk\kotek.render.vk.vcxproj]
  (compiling source file '../../../../kotek/src/kotek.render.vk/src/kotek_render_test_render_device.cpp')
  
D:\prj\cpp\zircon\kotek\src\kotek.render.vk\src\kotek_render_test_render_device.cpp(1,1): warning C4828: The file contains a character starting at offset 0x148 that is not valid in the current source character set (codepage 65001). [D:\prj\cpp\zircon\build-m2\kotek\src\kotek.render.vk\kotek.render.vk.vcxproj]
  (compiling source file '../../../../kotek/src/kotek.render.vk/src/kotek_render_test_render_device.cpp')
  
D:\prj\cpp\zircon\kotek\src\kotek.render.vk\src\kotek_render_imgui_manager.cpp(216,45): warning C4838: conversion from 'VkDeviceSize' to 'Kotek::ktk::uint32_t' requires a narrowing conversion [D:\prj\cpp\zircon\build-m2\kotek\src\kotek.render.vk\kotek.render.vk.vcxproj]
  (compiling source file '../../../../kotek/src/kotek.render.vk/src/kotek_render_imgui_manager.cpp')
  
D:\prj\cpp\zircon\kotek\src\kotek.render.vk\src\kotek_render_test_shader_manager.cpp(1,1): warning C4828: The file contains a character starting at offset 0x133 that is not valid in the current source character set (codepage 65001). [D:\prj\cpp\zircon\build-m2\kotek\src\kotek.render.vk\kotek.render.vk.vcxproj]
  (compiling source file '../../../../kotek/src/kotek.render.vk/src/kotek_render_test_shader_manager.cpp')
  
D:\prj\cpp\zircon\kotek\src\kotek.render.vk\src\kotek_render_test_shader_manager.cpp(1,1): warning C4828: The file contains a character starting at offset 0x136 that is not valid in the current source character set (codepage 65001). [D:\prj\cpp\zircon\build-m2\kotek\src\kotek.render.vk\kotek.render.vk.vcxproj]
  (compiling source file '../../../../kotek/src/kotek.render.vk/src/kotek_render_test_shader_manager.cpp')
  
D:\prj\cpp\zircon\kotek\src\kotek.render.vk\src\kotek_render_test_shader_manager.cpp(1,1): warning C4828: The file contains a character starting at offset 0x139 that is not valid in the current source character set (codepage 65001). [D:\prj\cpp\zircon\build-m2\kotek\src\kotek.render.vk\kotek.render.vk.vcxproj]
  (compiling source file '../../../../kotek/src/kotek.render.vk/src/kotek_render_test_shader_manager.cpp')
  
D:\prj\cpp\zircon\kotek\src\kotek.render.vk\src\kotek_render_test_shader_manager.cpp(1,1): warning C4828: The file contains a character starting at offset 0x13d that is not valid in the current source character set (codepage 65001). [D:\prj\cpp\zircon\build-m2\kotek\src\kotek.render.vk\kotek.render.vk.vcxproj]
  (compiling source file '../../../../kotek/src/kotek.render.vk/src/kotek_render_test_shader_manager.cpp')
  
D:\prj\cpp\zircon\kotek\src\kotek.render.vk\src\kotek_render_test_shader_manager.cpp(1,1): warning C4828: The file contains a character starting at offset 0x141 that is not valid in the current source character set (codepage 65001). [D:\prj\cpp\zircon\build-m2\kotek\src\kotek.render.vk\kotek.render.vk.vcxproj]
  (compiling source file '../../../../kotek/src/kotek.render.vk/src/kotek_render_test_shader_manager.cpp')
  
D:\prj\cpp\zircon\kotek\src\kotek.render.vk\src\kotek_render_test_shader_manager.cpp(1,1): warning C4828: The file contains a character starting at offset 0x143 that is not valid in the current source character set (codepage 65001). [D:\prj\cpp\zircon\build-m2\kotek\src\kotek.render.vk\kotek.render.vk.vcxproj]
  (compiling source file '../../../../kotek/src/kotek.render.vk/src/kotek_render_test_shader_manager.cpp')
  
D:\prj\cpp\zircon\kotek\src\kotek.render.vk\src\kotek_render_test_shader_manager.cpp(1,1): warning C4828: The file contains a character starting at offset 0x146 that is not valid in the current source character set (codepage 65001). [D:\prj\cpp\zircon\build-m2\kotek\src\kotek.render.vk\kotek.render.vk.vcxproj]
  (compiling source file '../../../../kotek/src/kotek.render.vk/src/kotek_render_test_shader_manager.cpp')
  
D:\prj\cpp\zircon\kotek\src\kotek.render.vk\src\kotek_render_test_shader_manager.cpp(1,1): warning C4828: The file contains a character starting at offset 0x14a that is not valid in the current source character set (codepage 65001). [D:\prj\cpp\zircon\build-m2\kotek\src\kotek.render.vk\kotek.render.vk.vcxproj]
  (compiling source file '../../../../kotek/src/kotek.render.vk/src/kotek_render_test_shader_manager.cpp')
  
D:\prj\cpp\zircon\kotek\src\kotek.render.vk\src\kotek_render_test_shader_manager.cpp(1,1): warning C4828: The file contains a character starting at offset 0x14b that is not valid in the current source character set (codepage 65001). [D:\prj\cpp\zircon\build-m2\kotek\src\kotek.render.vk\kotek.render.vk.vcxproj]
  (compiling source file '../../../../kotek/src/kotek.render.vk/src/kotek_render_test_shader_manager.cpp')
  
D:\prj\cpp\zircon\kotek\src\kotek.render.vk\src\kotek_render_test_shader_manager.cpp(1,1): warning C4828: The file contains a character starting at offset 0x14f that is not valid in the current source character set (codepage 65001). [D:\prj\cpp\zircon\build-m2\kotek\src\kotek.render.vk\kotek.render.vk.vcxproj]
  (compiling source file '../../../../kotek/src/kotek.render.vk/src/kotek_render_test_shader_manager.cpp')
  
D:\prj\cpp\zircon\kotek\src\kotek.render.vk\src\kotek_render_test_shader_manager.cpp(1,1): warning C4828: The file contains a character starting at offset 0x152 that is not valid in the current source character set (codepage 65001). [D:\prj\cpp\zircon\build-m2\kotek\src\kotek.render.vk\kotek.render.vk.vcxproj]
  (compiling source file '../../../../kotek/src/kotek.render.vk/src/kotek_render_test_shader_manager.cpp')
  
D:\prj\cpp\zircon\kotek\src\kotek.render.vk\src\kotek_render_test_shader_manager.cpp(1,1): warning C4828: The file contains a character starting at offset 0x155 that is not valid in the current source character set (codepage 65001). [D:\prj\cpp\zircon\build-m2\kotek\src\kotek.render.vk\kotek.render.vk.vcxproj]
  (compiling source file '../../../../kotek/src/kotek.render.vk/src/kotek_render_test_shader_manager.cpp')
  
D:\prj\cpp\zircon\kotek\src\kotek.render.vk\src\kotek_render_test_shader_manager.cpp(1,1): warning C4828: The file contains a character starting at offset 0x158 that is not valid in the current source character set (codepage 65001). [D:\prj\cpp\zircon\build-m2\kotek\src\kotek.render.vk\kotek.render.vk.vcxproj]
  (compiling source file '../../../../kotek/src/kotek.render.vk/src/kotek_render_test_shader_manager.cpp')
  
D:\prj\cpp\zircon\kotek\src\kotek.render.vk\src\kotek_render_test_shader_manager.cpp(1,1): warning C4828: The file contains a character starting at offset 0x15b that is not valid in the current source character set (codepage 65001). [D:\prj\cpp\zircon\build-m2\kotek\src\kotek.render.vk\kotek.render.vk.vcxproj]
  (compiling source file '../../../../kotek/src/kotek.render.vk/src/kotek_render_test_shader_manager.cpp')
  
D:\prj\cpp\zircon\kotek\src\kotek.render.vk\src\kotek_render_test_shader_manager.cpp(1,1): warning C4828: The file contains a character starting at offset 0x15e that is not valid in the current source character set (codepage 65001). [D:\prj\cpp\zircon\build-m2\kotek\src\kotek.render.vk\kotek.render.vk.vcxproj]
  (compiling source file '../../../../kotek/src/kotek.render.vk/src/kotek_render_test_shader_manager.cpp')
  
D:\prj\cpp\zircon\kotek\src\kotek.render.vk\src\kotek_render_test_shader_manager.cpp(1,1): warning C4828: The file contains a character starting at offset 0x161 that is not valid in the current source character set (codepage 65001). [D:\prj\cpp\zircon\build-m2\kotek\src\kotek.render.vk\kotek.render.vk.vcxproj]
  (compiling source file '../../../../kotek/src/kotek.render.vk/src/kotek_render_test_shader_manager.cpp')
  
D:\prj\cpp\zircon\kotek\src\kotek.render.vk\src\kotek_render_test_shader_manager.cpp(1,1): warning C4828: The file contains a character starting at offset 0x165 that is not valid in the current source character set (codepage 65001). [D:\prj\cpp\zircon\build-m2\kotek\src\kotek.render.vk\kotek.render.vk.vcxproj]
  (compiling source file '../../../../kotek/src/kotek.render.vk/src/kotek_render_test_shader_manager.cpp')
  
D:\prj\cpp\zircon\kotek\src\kotek.render.vk\src\kotek_render_test_shader_manager.cpp(1,1): warning C4828: The file contains a character starting at offset 0x169 that is not valid in the current source character set (codepage 65001). [D:\prj\cpp\zircon\build-m2\kotek\src\kotek.render.vk\kotek.render.vk.vcxproj]
  (compiling source file '../../../../kotek/src/kotek.render.vk/src/kotek_render_test_shader_manager.cpp')
  
D:\prj\cpp\zircon\kotek\src\kotek.render.vk\src\kotek_render_test_shader_manager.cpp(1,1): warning C4828: The file contains a character starting at offset 0x16c that is not valid in the current source character set (codepage 65001). [D:\prj\cpp\zircon\build-m2\kotek\src\kotek.render.vk\kotek.render.vk.vcxproj]
  (compiling source file '../../../../kotek/src/kotek.render.vk/src/kotek_render_test_shader_manager.cpp')
  
D:\prj\cpp\zircon\kotek\src\kotek.render.vk\src\kotek_render_test_shader_manager.cpp(1,1): warning C4828: The file contains a character starting at offset 0x16f that is not valid in the current source character set (codepage 65001). [D:\prj\cpp\zircon\build-m2\kotek\src\kotek.render.vk\kotek.render.vk.vcxproj]
  (compiling source file '../../../../kotek/src/kotek.render.vk/src/kotek_render_test_shader_manager.cpp')
  
D:\prj\cpp\zircon\kotek\src\kotek.render.vk\src\kotek_render_test_shader_manager.cpp(1,1): warning C4828: The file contains a character starting at offset 0x177 that is not valid in the current source character set (codepage 65001). [D:\prj\cpp\zircon\build-m2\kotek\src\kotek.render.vk\kotek.render.vk.vcxproj]
  (compiling source file '../../../../kotek/src/kotek.render.vk/src/kotek_render_test_shader_manager.cpp')
  
D:\prj\cpp\zircon\kotek\src\kotek.render.vk\src\kotek_render_test_shader_manager.cpp(1,1): warning C4828: The file contains a character starting at offset 0x17a that is not valid in the current source character set (codepage 65001). [D:\prj\cpp\zircon\build-m2\kotek\src\kotek.render.vk\kotek.render.vk.vcxproj]
  (compiling source file '../../../../kotek/src/kotek.render.vk/src/kotek_render_test_shader_manager.cpp')
  
D:\prj\cpp\zircon\kotek\src\kotek.render.vk\src\kotek_render_test_shader_manager.cpp(1,1): warning C4828: The file contains a character starting at offset 0x17d that is not valid in the current source character set (codepage 65001). [D:\prj\cpp\zircon\build-m2\kotek\src\kotek.render.vk\kotek.render.vk.vcxproj]
  (compiling source file '../../../../kotek/src/kotek.render.vk/src/kotek_render_test_shader_manager.cpp')
  
D:\prj\cpp\zircon\kotek\src\kotek.render.vk\src\kotek_render_test_shader_manager.cpp(1,1): warning C4828: The file contains a character starting at offset 0x181 that is not valid in the current source character set (codepage 65001). [D:\prj\cpp\zircon\build-m2\kotek\src\kotek.render.vk\kotek.render.vk.vcxproj]
  (compiling source file '../../../../kotek/src/kotek.render.vk/src/kotek_render_test_shader_manager.cpp')
  
  kotek_render_test_swapchain.cpp
  kotek_render_texture_manager.cpp
  kotek_render_upload_heap.cpp
  main_render_vk_dll.cpp
  spirv_reflect.cpp
  kotek.render.vk.vcxproj -> D:\prj\cpp\zircon\build-m2\lib\Debug\kotek.render.vk.lib
  kotek_render_data_types.cpp
  main_render_shared_dll.cpp
  kotek.render.shared.vcxproj -> D:\prj\cpp\zircon\build-m2\lib\Debug\kotek.render.shared.lib
  cmake_pch.cxx
  kotek_render_allocator_ring.cpp
  kotek_render_allocator_ring_with_tabs.cpp
  kotek_render_device.cpp
  kotek_render_resource_manager.cpp
  kotek_render_static_buffer_pool.cpp
  kotek_render_static_buffer_pool_with_linear_allocator.cpp
  kotek_render_swapchain.cpp
  kotek_render_texture_manager.cpp
  main_render_gl_dll.cpp
  kotek.render.gl.vcxproj -> D:\prj\cpp\zircon\build-m2\lib\Debug\kotek.render.gl.lib
  cmake_pch.cxx
  main_render_dll.cpp
  kotek.render.vcxproj -> D:\prj\cpp\zircon\build-m2\lib\Debug\kotek.render.lib
  cmake_pch.cxx
  kotek_update.cpp
  kotek_window_splash.cpp
  main_game_dll.cpp
  kotek.game.vcxproj -> D:\prj\cpp\zircon\build-m2\lib\Debug\kotek.game.lib
