-- Selecting Windows SDK version 10.0.26100.0 to target Windows 10.0.26200.
-- applying D:/prj/cpp/zircon/kotek/cmake/windows/compiler_globals.cmake
-- [kotek]: C++ standard is C++20 (KOTEK_WINDOWS_XP=OFF)
-- D:/prj/cpp/zircon/kotek/cmake/windows/compiler_globals.cmake is applied!
[zircon]: build type is 'Debug'
[zircon]: CMAKE_SYSTEM_VERSION='10.0.26200'
[zircon]: your dependency folder is 'vcpkg'
[zircon]: output dir is 'D:/prj/cpp/zircon/build-m2'
-- applying D:/prj/cpp/zircon/kotek/cmake/windows/compiler_globals.cmake
[kotek.engine]: CMAKE_SOURCE_DIR=D:/prj/cpp/zircon
[kotek.engine]: CMAKE_CURRENT_SOURCE_DIR=D:/prj/cpp/zircon/kotek
[kotek.engine]: vcpkg triplet is 'x64-windows-static'
-- applying D:/prj/cpp/zircon/kotek/cmake/library.cmake
-- [kotek]: linkage scenario is 'STATIC' (force static: '', force shared: 'zircon.core;zircon.ecs;zircon.editor;zircon.game;zircon.game.session;zircon.render;zircon.world')
-- D:/prj/cpp/zircon/kotek/cmake/library.cmake is applied!
[kotek.engine]: Your overriden kotek.exe [kotek]
[kotek.engine]: build type is 'Debug'
[kotek.engine]: filename for generating preprocessors: './include/kotek_std_preprocessors.h'
[kotek.engine]: your dependency folder is 'vcpkg'
-- Found Freetype target Freetype::Freetype - Freetype font engine enabled
[kotek.core.defines.static.tests]: TESTS is 'ON'
[kotek.core.defines.static.tests]: TESTS use in runtime is 'ON'
-- [kotek.core.defines.static.tests]: linkage is 'STATIC'
[kotek.core.defines.static.cpp]: KOTEK_STD_LIBRARY=STD
[kotek.core.defines.static.cpp]: standard library is Standard library
[kotek.core.defines.static.cpp]: string configuration is 'OPTIMIZED'
[kotek.core.defines.static.cpp]: development is for EMB environment
[kotek.core.defines.static.cpp]: log backend is 
-- [kotek.core.defines.static.cpp]: using filesystem feature: KOTEK_FILESYSTEM_FEATURE_VFM=
-- [kotek.core.defines.static.cpp]: using filesystem type: KOTEK_FILESYSTEM_TYPE_NATIVE=
-- [kotek.core.defines.static.cpp]: using filesystem type: KOTEK_FILESYSTEM_TYPE_ZLIB=
-- [kotek.core.defines.static.cpp]: linkage is 'STATIC'
-- [kotek.core.defines.static.git]: linkage is 'STATIC'
-- [kotek.core.defines.static.render]: linkage is 'STATIC'
[kotek.core.defines.static.render.dx]: DirectX is 'ON'
-- [kotek.core.defines.static.render.dx]: linkage is 'STATIC'
-- [kotek.core.defines.static.render.gl]: linkage is 'STATIC'
[kotek.core.defines.static.render.vk]: Vulkan is 'ON'
-- [kotek.core.defines.static.render.vk]: linkage is 'STATIC'
[kotek.core.defines.static.render.bgfx]: BGFX is 'ON'
-- [kotek.core.defines.static.render.bgfx]: linkage is 'STATIC'
[kotek.core.defines.static.math]: math library is 'GLM'
-- [kotek.core.defines.static.math]: linkage is 'STATIC'
-- [kotek.core.defines.static.os]: linkage is 'STATIC'
[kotek.core.defines.static.os.win32]: window library is [GLFW]
[kotek.core.defines.static.os.win32]: platform 'Windows NT'
-- [kotek.core.defines.static.os.win32]: linkage is 'STATIC'
[kotek.core.defines.static.os.linux]: window library is [GLFW]
-- [kotek.core.defines.static.os.linux]: linkage is 'STATIC'
[kotek.core.defines.static.profilers]: CPU Profiler is 'OFF'
[kotek.core.defines.static.profilers]: GPU Profiler is 'OFF'
-- [kotek.core.defines.static.profilers]: linkage is 'STATIC'
-- [kotek.core.defines.static.sdk]: linkage is 'STATIC'
[kotek.core.defines.static.string]: UNICODE is 'ON'
-- [kotek.core.defines.static.string]: linkage is 'STATIC'
-- [kotek.core.defines.static]: linkage is 'STATIC'
-- [kotek.core.defines_dependent.text]: linkage is 'STATIC'
-- [kotek.core.defines_dependent.message]: linkage is 'STATIC'
-- [kotek.core.defines_dependent.assert]: linkage is 'STATIC'
-- [kotek.core.defines_dependent.ecs] selected ecs backend: PICO
-- [kotek.core.defines_dependent.ecs]: linkage is 'STATIC'
-- [kotek.core.defines_dependent]: linkage is 'STATIC'
-- [kotek.core.defines]: linkage is 'STATIC'
[kotek.core]: adding tests for runtime in project kotek.core
[kotek.core]: files to attach (KOTEK_TESTS): tests/kotek_core_test_filesystem.cpp;tests/kotek_core_test_json.cpp;tests/kotek_core_test_string.cpp;tests/kotek_core_test_container_deque.cpp;tests/kotek_core_test_container_vector.cpp;tests/kotek_core_test_container_unordered_set.cpp;tests/kotek_core_test_container_unordered_map.cpp;tests/kotek_core_test_container_set.cpp;tests/kotek_core_test_container_queue.cpp;tests/kotek_core_test_container_map.cpp;tests/kotek_core_test_container_list.cpp
-- [kotek.core]: linkage is 'STATIC'
-- [kotek.core.api]: linkage is 'STATIC'
-- [kotek.core.types]: linkage is 'STATIC'
-- [kotek.core.types.char]: linkage is 'STATIC'
-- [kotek.core.types.numerics]: linkage is 'STATIC'
-- [kotek.core.types.string]: linkage is 'STATIC'
-- [kotek.core.casting]: linkage is 'STATIC'
-- [kotek.core.casting.lexical]: linkage is 'STATIC'
-- [kotek.core.casting.string]: linkage is 'STATIC'
-- [kotek.core.constants]: linkage is 'STATIC'
-- [kotek.core.constants.math]: linkage is 'STATIC'
-- [kotek.core.constants.ecs]: linkage is 'STATIC'
-- [kotek.core.constants.string]: linkage is 'STATIC'
-- [kotek.core.constants.window]: linkage is 'STATIC'
-- [kotek.core.constants.render]: linkage is 'STATIC'
-- [kotek.core.containers]: linkage is 'STATIC'
-- [kotek.core.containers.any]: linkage is 'STATIC'
-- [kotek.core.containers.array]: linkage is 'STATIC'
-- [kotek.core.containers.string]: linkage is 'STATIC'
-- [kotek.core.containers.hash]: linkage is 'STATIC'
-- [kotek.core.containers.deque]: linkage is 'STATIC'
-- [kotek.core.containers.dll]: linkage is 'STATIC'
-- [kotek.core.containers.filesystem]: linkage is 'STATIC'
-- [kotek.core.containers.filesystem.path]: linkage is 'STATIC'
-- [kotek.core.containers.function]: linkage is 'STATIC'
-- [kotek.core.containers.io]: linkage is 'STATIC'
-- [kotek.core.containers.json]: linkage is 'STATIC'
-- [kotek.core.containers.map]: linkage is 'STATIC'
-- [kotek.core.containers.microsoft]: linkage is 'STATIC'
-- [kotek.core.containers.microsoft.wrl.comptr]: linkage is 'STATIC'
-- [kotek.core.containers.multithreading]: linkage is 'STATIC'
-- [kotek.core.containers.multithreading.tbb]: linkage is 'STATIC'
-- [kotek.core.containers.multithreading.atomic]: linkage is 'STATIC'
-- [kotek.core.containers.multithreading.mutex]: linkage is 'STATIC'
-- [kotek.core.containers.multithreading.shared_mutex]: linkage is 'STATIC'
-- [kotek.core.containers.multithreading.thread]: linkage is 'STATIC'
-- [kotek.core.containers.multithreading.semaphore]: linkage is 'STATIC'
-- [kotek.core.containers.multithreading.queue]: linkage is 'STATIC'
-- [kotek.core.containers.multithreading.condition_variable]: linkage is 'STATIC'
-- [kotek.core.containers.pair]: linkage is 'STATIC'
-- [kotek.core.containers.queue]: linkage is 'STATIC'
-- [kotek.core.containers.shared_ptr]: linkage is 'STATIC'
-- [kotek.core.containers.unique_ptr]: linkage is 'STATIC'
-- [kotek.core.containers.unordered_map]: linkage is 'STATIC'
-- [kotek.core.containers.unordered_set]: linkage is 'STATIC'
-- [kotek.core.containers.variant]: linkage is 'STATIC'
-- [kotek.core.containers.vector]: linkage is 'STATIC'
-- [kotek.core.containers.list]: linkage is 'STATIC'
-- [kotek.core.filesystem]: linkage is 'STATIC'
-- [kotek.core.filesystem.file_text]: linkage is 'STATIC'
-- [kotek.core.format]: linkage is 'STATIC'
-- [kotek.core.memory]: linkage is 'STATIC'
[kotek.core.memory.cpu]: memory allocator for CPU = OFF
-- [kotek.core.memory.cpu]: linkage is 'STATIC'
-- [kotek.core.memory.gpu]: linkage is 'STATIC'
-- [kotek.core.memory.gpu.vulkan]: linkage is 'STATIC'
[kotek.core.math]: math library is 'GLM'
-- [kotek.core.math]: linkage is 'STATIC'
-- [kotek.core.profilers]: linkage is 'STATIC'
-- [kotek.core.profilers.cpu]: linkage is 'STATIC'
-- [kotek.core.profilers.gpu]: linkage is 'STATIC'
-- [kotek.core.os]: linkage is 'STATIC'
-- [kotek.core.os.win32]: linkage is 'STATIC'
-- [kotek.core.os.linux]: linkage is 'STATIC'
-- [kotek.core.window]: linkage is 'STATIC'
-- [kotek.core.window.glfw]: linkage is 'STATIC'
-- [kotek.core.window_manager]: linkage is 'STATIC'
-- [kotek.core.log]: linkage is 'STATIC'
-- [kotek.core.console]: linkage is 'STATIC'
-- [kotek.core.engine_config]: linkage is 'STATIC'
-- [kotek.core.main_manager]: linkage is 'STATIC'
[kotek.core.ecs]: KOTEK_ECS_BACKEND=PICO
-- [kotek.core.ecs]: linkage is 'STATIC'
-- [kotek.core.enum]: linkage is 'STATIC'
-- [kotek.core.enum.core]: linkage is 'STATIC'
-- [kotek.core.enum.render]: linkage is 'STATIC'
-- [kotek.core.enum.render.dx]: linkage is 'STATIC'
-- [kotek.core.enum.render.gl]: linkage is 'STATIC'
-- [kotek.core.enum.render.vk]: linkage is 'STATIC'
-- [kotek.core.enum.render.bgfx]: linkage is 'STATIC'
-- [kotek.core.input]: linkage is 'STATIC'
-- [kotek.core.utility]: linkage is 'STATIC'
-- [kotek.game]: linkage is 'STATIC'
-- [kotek.ui]: linkage is 'STATIC'
-- [kotek.ui.imgui]: linkage is 'STATIC'
-- Found Freetype target Freetype::Freetype - Freetype font engine enabled
-- [kotek.ui.rmlui]: linkage is 'STATIC'
-- [kotek.ui.videoplayer]: linkage is 'STATIC'
-- [kotek.ui.videoplayer.avif]: linkage is 'STATIC'
-- [kotek.render]: linkage is 'STATIC'
-- [kotek.render.shared]: linkage is 'STATIC'
-- [kotek.render.shared.vk]: linkage is 'STATIC'
-- [kotek.render.shared.gl]: linkage is 'STATIC'
-- [kotek.render.shared.dx]: linkage is 'STATIC'
-- [kotek.render.shared.bgfx]: linkage is 'STATIC'
-- [kotek.render.vk]: linkage is 'STATIC'
-- [kotek.render.gl]: linkage is 'STATIC'
-- [kotek.render.software]: linkage is 'STATIC'
-- [kotek.render.bgfx]: linkage is 'STATIC'
[zircon]: KOTEK_UNICODE=ON
[zircon]: KOTEK_TESTS_RUNTIME=ON
[zircon]: KOTEK_TESTS=ON
[zircon]: KOTEK_CPU_PROFILER=OFF
[zircon]: KOTEK_GPU_PROFILER=OFF
[zircon]: math library is KOTEK_MATH_LIBRARY=GLM
-- [zircon.core]: linkage is 'SHARED'
-- Selecting Windows SDK version 10.0.26100.0 to target Windows 10.0.26200.
-- KOTEK_DEPS_FOLDER = vcpkg
-- KOTEK_NUGET_PLATFORM_NAME = Win11
-- KOTEK_NUGET_COMPILER_NAME = Msvc
-- KOTEK_NUGET_ARCH_BIT_NUMBER = x64
-- CMAKE_BINARY_DIR = D:/prj/cpp/zircon/build-m2/zircon_tools/$<CONFIG>
-- D:/prj/cpp/zircon/src/tools/cpp_generators/ecs_fields_generator
-- nuget_clang_folder = Kotek.Packages.Clang.Vcpkg.Runtimes.Win11.Msvc.x64.18.1.6
-- nuget_openssl_folder = Kotek.Packages.OpenSSL.Vcpkg.Runtimes.Win11.Msvc.x64.3.5.0
-- nuget_zlib_folder = Kotek.Packages.zlib.Vcpkg.Runtimes.Win11.Msvc.x64.1.3.1
-- nuget_zstd_folder = Kotek.Packages.Zstd.Vcpkg.Runtimes.Win11.Msvc.x64.1.5.7
[zircon_generator][nuget]: package clang exists!
[zircon_generator][nuget]: package openssl exists!
[zircon_generator][nuget]: package zlib exists!
[zircon_generator][nuget]: package zstd exists!
-- LLVM libraries: 
-- Found LLVM 
-- LLVM include path: 
-- LLVM library path: 
-- 
[zircon_generator]: zstd package included directory
[zircon_generator][Debug]: adding zstd.lib to Debug configuration
[zircon_generator][None-Debug]: adding zstd.lib to not Debug configurations
[zircon_generator]: zlib package included directory
[zircon_generator][Debug]: adding zlibd.lib to Debug configuration
[zircon_generator][None-Debug]: adding zlib.lib to not Debug configurations
[zircon_generator]: openssl package included directory
[zircon_generator][Debug]: adding libcrypto.lib to Debug configuration
[zircon_generator][None-Debug]: adding libcrypto.lib to not Debug configurations
[zircon_generator]: clang package included directory
[zircon_generator][Debug]: adding libclang.lib to Debug configuration
[zircon_generator][None-Debug]: adding libclang.lib to not Debug configuration
-- Configuring done (0.0s)
-- Generating done (0.1s)
-- Build files have been written to: D:/prj/cpp/zircon/build-m2/zircon_tools
-- Multi-config generator detected, using first configuration: Debug
-- building zircon_tools for current configuration: Debug
MSBuild-Version 18.8.2+ce25c0108 f├╝r .NET Framework

  zircon_generator.vcxproj -> D:\prj\cpp\zircon\build-m2\zircon_tools\Debug\zircon_generator.exe
  copying dlls after compilation of zircon_generator
argv=D:/prj/cpp/zircon/build-m2/zircon_tools/Debug/zircon_generator | strcmp=1
argv=--type | strcmp=0
Found type!
type = 0
what_to_generate: 0
Generating ecs fields!
--src = D:/prj/cpp/zircon/src/ecs
--kotek_src = D:/prj/cpp/zircon/src/ecs/../../kotek/src/kotek.core.defines_dependent.ecs/include/
--output = D:/prj/cpp/zircon/src/ecs/zircon_component_fields.h
File was generated successfully!
argv=D:/prj/cpp/zircon/build-m2/zircon_tools/Debug/zircon_generator | strcmp=1
argv=--type | strcmp=0
Found type!
type = 2
what_to_generate: 2
Generating renderer passes enums!
File was generated successfully!
-- [zircon.ecs]: linkage is 'SHARED'
-- [zircon.game]: linkage is 'SHARED'
-- [zircon.game.session]: linkage is 'SHARED'
-- [zircon.editor]: linkage is 'SHARED'
-- [zircon.editor.commands]: linkage is 'STATIC'
-- [zircon.editor.ui]: linkage is 'STATIC'
-- [zircon.editor.session]: linkage is 'STATIC'
[zircon]: SDK is 'OFF'
-- [zircon.render]: linkage is 'SHARED'
-- [zircon.world]: linkage is 'SHARED'
-- Configuring done (12.4s)
-- Generating done (10.4s)
-- Build files have been written to: D:/prj/cpp/zircon/build-m2
