MSBuild version 17.14.51+25f168cee for .NET Framework

  1>Checking Build System
  Building Custom Rule D:/a/zircon/zircon/kotek/src/kotek.core.defines.static.cpp/CMakeLists.txt
  Building Custom Rule D:/a/zircon/zircon/kotek/external/nri/CMakeLists.txt
  main_core_defines_static_cpp_dll.cpp
  Shared.cpp
  kotek.core.defines.static.cpp.vcxproj -> D:\a\zircon\zircon\build\lib\Release\kotek.core.defines.static.cpp.lib
  Building Custom Rule D:/a/zircon/zircon/kotek/src/kotek.core.containers.shared_ptr/CMakeLists.txt
  Building Custom Rule D:/a/zircon/zircon/kotek/src/kotek.core.defines.static.render.gl/CMakeLists.txt
  Building Custom Rule D:/a/zircon/zircon/kotek/src/kotek.core.defines.static.render.vk/CMakeLists.txt
  main_core_containers_shared_ptr_dll.cpp
  Building Custom Rule D:/a/zircon/zircon/kotek/src/kotek.core.constants.render/CMakeLists.txt
  Building Custom Rule D:/a/zircon/zircon/kotek/src/kotek.core.constants.window/CMakeLists.txt
  main_core_constants_window_dll.cpp
  main_core_defines_static_render_vk_dll.cpp
  main_core_defines_static_render_gl_dll.cpp
  main_core_constants_render_dll.cpp
  kotek.core.constants.window.vcxproj -> D:\a\zircon\zircon\build\lib\Release\kotek.core.constants.window.lib
  kotek.core.defines.static.render.vk.vcxproj -> D:\a\zircon\zircon\build\lib\Release\kotek.core.defines.static.render.vk.lib
  kotek.core.constants.render.vcxproj -> D:\a\zircon\zircon\build\lib\Release\kotek.core.constants.render.lib
  Building Custom Rule D:/a/zircon/zircon/kotek/src/kotek.core.types.numerics/CMakeLists.txt
  kotek.core.defines.static.render.gl.vcxproj -> D:\a\zircon\zircon\build\lib\Release\kotek.core.defines.static.render.gl.lib
  Building Custom Rule D:/a/zircon/zircon/kotek/src/kotek.core.containers.function/CMakeLists.txt
  kotek.core.containers.shared_ptr.vcxproj -> D:\a\zircon\zircon\build\lib\Release\kotek.core.containers.shared_ptr.lib
  Building Custom Rule D:/a/zircon/zircon/kotek/src/kotek.core.defines.static.render.dx/CMakeLists.txt
  main_core_numerics_dll.cpp
  Building Custom Rule D:/a/zircon/zircon/kotek/src/kotek.core.defines.static.render.bgfx/CMakeLists.txt
  main_core_containers_function_dll.cpp
  main_core_defines_static_render_dx_dll.cpp
  main_core_defines_static_render_bgfx_dll.cpp
  Building Custom Rule D:/a/zircon/zircon/kotek/src/kotek.core.containers.hash/CMakeLists.txt
  Building Custom Rule D:/a/zircon/zircon/kotek/src/kotek.core.containers.pair/CMakeLists.txt
  kotek.core.defines.static.render.bgfx.vcxproj -> D:\a\zircon\zircon\build\lib\Release\kotek.core.defines.static.render.bgfx.lib
  Building Custom Rule D:/a/zircon/zircon/kotek/src/kotek.core.defines.static.os.win32/CMakeLists.txt
  main_core_containers_hash_dll.cpp
  main_core_containers_pair_dll.cpp
  kotek.core.containers.function.vcxproj -> D:\a\zircon\zircon\build\lib\Release\kotek.core.containers.function.lib
  kotek.core.containers.hash.vcxproj -> D:\a\zircon\zircon\build\lib\Release\kotek.core.containers.hash.lib
  main_core_defines_static_os_win32_dll.cpp
  kotek.core.containers.pair.vcxproj -> D:\a\zircon\zircon\build\lib\Release\kotek.core.containers.pair.lib
  kotek.core.defines.static.render.dx.vcxproj -> D:\a\zircon\zircon\build\lib\Release\kotek.core.defines.static.render.dx.lib
  Building Custom Rule D:/a/zircon/zircon/kotek/src/kotek.core.containers.any/CMakeLists.txt
  Building Custom Rule D:/a/zircon/zircon/kotek/src/kotek.core.containers.multithreading.atomic/CMakeLists.txt
  kotek.core.defines.static.os.win32.vcxproj -> D:\a\zircon\zircon\build\lib\Release\kotek.core.defines.static.os.win32.lib
  Building Custom Rule D:/a/zircon/zircon/kotek/src/kotek.core.containers.multithreading.condition_variable/CMakeLists.txt
  main_core_containers_multithreading_atomic_dll.cpp
  Building Custom Rule D:/a/zircon/zircon/kotek/src/kotek.core.containers.multithreading.mutex/CMakeLists.txt
  main_core_containers_multithreading_condition_variable_dll.cpp
  main_core_containers_any_dll.cpp
  Building Custom Rule D:/a/zircon/zircon/kotek/src/kotek.core.defines.static.string/CMakeLists.txt
  kotek.core.containers.multithreading.atomic.vcxproj -> D:\a\zircon\zircon\build\lib\Release\kotek.core.containers.multithreading.atomic.lib
  NRI_Shared.vcxproj -> D:\a\zircon\zircon\build\lib\Release\NRI_Shared.lib
  main_core_containers_multithreading_mutex_dll.cpp
  Building Custom Rule D:/a/zircon/zircon/kotek/src/kotek.core.containers.multithreading.semaphore/CMakeLists.txt
  main_core_defines_static_string_dll.cpp
  kotek.core.types.numerics.vcxproj -> D:\a\zircon\zircon\build\lib\Release\kotek.core.types.numerics.lib
  main_core_containers_multithreading_semaphore_dll.cpp
  kotek.core.containers.any.vcxproj -> D:\a\zircon\zircon\build\lib\Release\kotek.core.containers.any.lib
  Building Custom Rule D:/a/zircon/zircon/kotek/src/kotek.core.containers.multithreading.shared_mutex/CMakeLists.txt
  Building Custom Rule D:/a/zircon/zircon/kotek/src/kotek.core.containers.array/CMakeLists.txt
  kotek.core.defines.static.string.vcxproj -> D:\a\zircon\zircon\build\lib\Release\kotek.core.defines.static.string.lib
  Building Custom Rule D:/a/zircon/zircon/kotek/src/kotek.core.defines.static.os/CMakeLists.txt
  main_core_containers_multithreading_shared_mutex_dll.cpp
  Building Custom Rule D:/a/zircon/zircon/kotek/src/kotek.core.containers.multithreading.tbb/CMakeLists.txt
  Building Custom Rule D:/a/zircon/zircon/kotek/src/kotek.core.enum.render.dx/CMakeLists.txt
  Building Custom Rule D:/a/zircon/zircon/kotek/src/kotek.core.containers.multithreading.thread/CMakeLists.txt
  kotek.core.containers.multithreading.condition_variable.vcxproj -> D:\a\zircon\zircon\build\lib\Release\kotek.core.containers.multithreading.condition_variable.lib
  Building Custom Rule D:/a/zircon/zircon/kotek/src/kotek.core.constants.math/CMakeLists.txt
  main_core_containers_multithreading_tbb_dll.cpp
  Building Custom Rule D:/a/zircon/zircon/kotek/src/kotek.core.containers.unique_ptr/CMakeLists.txt
  main_core_containers_multithreading_thread_dll.cpp
  kotek.core.containers.multithreading.semaphore.vcxproj -> D:\a\zircon\zircon\build\lib\Release\kotek.core.containers.multithreading.semaphore.lib
  main_core_containers_unique_ptr_dll.cpp
  main_core_constants_math_dll.cpp
  main_core_defines_static_os_dll.cpp
  main_core_containers_array_dll.cpp
  kotek.core.containers.multithreading.mutex.vcxproj -> D:\a\zircon\zircon\build\lib\Release\kotek.core.containers.multithreading.mutex.lib
  Building Custom Rule D:/a/zircon/zircon/kotek/src/kotek.core.containers.variant/CMakeLists.txt
  kotek.core.containers.multithreading.thread.vcxproj -> D:\a\zircon\zircon\build\lib\Release\kotek.core.containers.multithreading.thread.lib
  Building Custom Rule D:/a/zircon/zircon/kotek/src/kotek.core.constants.ecs/CMakeLists.txt
  kotek.core.containers.multithreading.shared_mutex.vcxproj -> D:\a\zircon\zircon\build\lib\Release\kotek.core.containers.multithreading.shared_mutex.lib
  kotek.core.containers.unique_ptr.vcxproj -> D:\a\zircon\zircon\build\lib\Release\kotek.core.containers.unique_ptr.lib
  kotek.core.defines.static.os.vcxproj -> D:\a\zircon\zircon\build\lib\Release\kotek.core.defines.static.os.lib
  main_core_containers_variant_dll.cpp
  main_core_constants_ecs_dll.cpp
  main_core_enum_render_dx_dll.cpp
  kotek.core.containers.variant.vcxproj -> D:\a\zircon\zircon\build\lib\Release\kotek.core.containers.variant.lib
  kotek.core.constants.math.vcxproj -> D:\a\zircon\zircon\build\lib\Release\kotek.core.constants.math.lib
  Building Custom Rule D:/a/zircon/zircon/kotek/src/kotek.core.defines.static.render/CMakeLists.txt
  kotek.core.constants.ecs.vcxproj -> D:\a\zircon\zircon\build\lib\Release\kotek.core.constants.ecs.lib
  Building Custom Rule D:/a/zircon/zircon/kotek/src/kotek.core.defines.static.git/CMakeLists.txt
  Building Custom Rule D:/a/zircon/zircon/kotek/src/kotek.core.defines.static.math/CMakeLists.txt
  kotek.core.containers.array.vcxproj -> D:\a\zircon\zircon\build\lib\Release\kotek.core.containers.array.lib
  Building Custom Rule D:/a/zircon/zircon/kotek/src/kotek.core.defines.static.profilers/CMakeLists.txt
  main_core_defines_static_math_dll.cpp
  main_core_defines_static_git_dll.cpp
  Building Custom Rule D:/a/zircon/zircon/kotek/src/kotek.core.enum.render.vk/CMakeLists.txt
  kotek.core.defines.static.math.vcxproj -> D:\a\zircon\zircon\build\lib\Release\kotek.core.defines.static.math.lib
  main_core_defines_static_profilers_dll.cpp
  main_core_enum_render_vk_dll.cpp
  kotek.core.defines.static.git.vcxproj -> D:\a\zircon\zircon\build\lib\Release\kotek.core.defines.static.git.lib
  kotek.core.containers.multithreading.tbb.vcxproj -> D:\a\zircon\zircon\build\lib\Release\kotek.core.containers.multithreading.tbb.lib
  Building Custom Rule D:/a/zircon/zircon/kotek/src/kotek.core.defines.static.sdk/CMakeLists.txt
  Building Custom Rule D:/a/zircon/zircon/kotek/src/kotek.core.defines_dependent.text/CMakeLists.txt
  Building Custom Rule D:/a/zircon/zircon/kotek/src/kotek.core.defines.static.tests/CMakeLists.txt
  main_core_defines_render_dll.cpp
  main_core_defines_static_sdk_dll.cpp
  main_core_defines_static_tests_dll.cpp
  kotek.core.defines.static.profilers.vcxproj -> D:\a\zircon\zircon\build\lib\Release\kotek.core.defines.static.profilers.lib
  Building Custom Rule D:/a/zircon/zircon/kotek/src/kotek.core.containers.microsoft.wrl.comptr/CMakeLists.txt
  kotek.core.defines.static.render.vcxproj -> D:\a\zircon\zircon\build\lib\Release\kotek.core.defines.static.render.lib
  kotek.core.enum.render.dx.vcxproj -> D:\a\zircon\zircon\build\lib\Release\kotek.core.enum.render.dx.lib
  kotek.core.defines.static.tests.vcxproj -> D:\a\zircon\zircon\build\lib\Release\kotek.core.defines.static.tests.lib
  Building Custom Rule D:/a/zircon/zircon/kotek/src/kotek.core.types.char/CMakeLists.txt
  main_core_containers_microsoft_wrl_comptr_dll.cpp
  kotek.core.defines.static.sdk.vcxproj -> D:\a\zircon\zircon\build\lib\Release\kotek.core.defines.static.sdk.lib
  Building Custom Rule D:/a/zircon/zircon/kotek/src/kotek.core/tests/kotek.core.tests.plugin/CMakeLists.txt
  main_core_types_char_dll.cpp
  Building Custom Rule D:/a/zircon/zircon/kotek/external/nri/CMakeLists.txt
  plugin_override_double.cpp
  Building Custom Rule D:/a/zircon/zircon/kotek/external/nri/CMakeLists.txt
  kotek.core.types.char.vcxproj -> D:\a\zircon\zircon\build\lib\Release\kotek.core.types.char.lib
  main_core_defines_dependent_text_dll.cpp
  Building Custom Rule D:/a/zircon/zircon/kotek/src/kotek.core.containers.io/CMakeLists.txt
  kotek.core.containers.microsoft.wrl.comptr.vcxproj -> D:\a\zircon\zircon\build\lib\Release\kotek.core.containers.microsoft.wrl.comptr.lib
     Creating library D:/a/zircon/zircon/build/lib/Release/kotek.core.tests.plugin.lib and object D:/a/zircon/zircon/build/lib/Release/kotek.core.tests.plugin.exp
  Building Custom Rule D:/a/zircon/zircon/kotek/src/kotek.core.containers.microsoft/CMakeLists.txt
  kotek.core.defines_dependent.text.vcxproj -> D:\a\zircon\zircon\build\lib\Release\kotek.core.defines_dependent.text.lib
  kotek.core.tests.plugin.vcxproj -> D:\a\zircon\zircon\build\bin\Release\kotek.core.tests.plugin.dll
  ImplD3D12.cpp
  main_core_containers_io_dll.cpp
  Building Custom Rule D:/a/zircon/zircon/kotek/src/kotek.core.defines.static.os.linux/CMakeLists.txt
  Building Custom Rule D:/a/zircon/zircon/kotek/src/kotek.core.constants.string/CMakeLists.txt
  main_core_defines_static_os_linux_dll.cpp
  kotek.core.enum.render.vk.vcxproj -> D:\a\zircon\zircon\build\lib\Release\kotek.core.enum.render.vk.lib
  main_core_constants_string_dll.cpp
  kotek.core.defines.static.os.linux.vcxproj -> D:\a\zircon\zircon\build\lib\Release\kotek.core.defines.static.os.linux.lib
  kotek.core.constants.string.vcxproj -> D:\a\zircon\zircon\build\lib\Release\kotek.core.constants.string.lib
  main_core_containers_microsoft_dll.cpp
  Building Custom Rule D:/a/zircon/zircon/kotek/src/kotek.core.constants/CMakeLists.txt
  ImplVal.cpp
  kotek.core.containers.io.vcxproj -> D:\a\zircon\zircon\build\lib\Release\kotek.core.containers.io.lib
  Building Custom Rule D:/a/zircon/zircon/kotek/src/kotek.core.defines.static/CMakeLists.txt
  main_core_defines_static_dll.cpp
  main_core_constants_dll.cpp
  Building Custom Rule D:/a/zircon/zircon/kotek/src/kotek.core.enum.render.bgfx/CMakeLists.txt
  kotek.core.defines.static.vcxproj -> D:\a\zircon\zircon\build\lib\Release\kotek.core.defines.static.lib
  kotek.core.containers.microsoft.vcxproj -> D:\a\zircon\zircon\build\lib\Release\kotek.core.containers.microsoft.lib
  main_core_enum_render_bgfx_dll.cpp
  kotek_translation.cpp
  kotek.core.constants.vcxproj -> D:\a\zircon\zircon\build\lib\Release\kotek.core.constants.lib
  NRI_Validation.vcxproj -> D:\a\zircon\zircon\build\lib\Release\NRI_Validation.lib
  kotek.core.enum.render.bgfx.vcxproj -> D:\a\zircon\zircon\build\lib\Release\kotek.core.enum.render.bgfx.lib
  Building Custom Rule D:/a/zircon/zircon/kotek/src/kotek.core.enum.render.gl/CMakeLists.txt
  main_core_enum_render_gl_dll.cpp
  kotek_translation.cpp
  NRI_D3D12.vcxproj -> D:\a\zircon\zircon\build\lib\Release\NRI_D3D12.lib
  Building Custom Rule D:/a/zircon/zircon/kotek/external/nri/CMakeLists.txt
  Creation.cpp
  NRI.vcxproj -> D:\a\zircon\zircon\build\bin\Release\NRI.lib
  kotek.core.enum.render.gl.vcxproj -> D:\a\zircon\zircon\build\lib\Release\kotek.core.enum.render.gl.lib
  Building Custom Rule D:/a/zircon/zircon/kotek/src/kotek.core.enum.render/CMakeLists.txt
  kotek_translation.cpp
  main_core_enum_render_dll.cpp
  kotek.core.enum.render.vcxproj -> D:\a\zircon\zircon\build\lib\Release\kotek.core.enum.render.lib
  Building Custom Rule D:/a/zircon/zircon/kotek/src/kotek.core.enum.core/CMakeLists.txt
  kotek_translation.cpp
  main_core_enum_core_dll.cpp
  kotek_core_enum_core_test_translation.cpp
  kotek.core.enum.core.vcxproj -> D:\a\zircon\zircon\build\lib\Release\kotek.core.enum.core.lib
  Building Custom Rule D:/a/zircon/zircon/kotek/src/kotek.core.enum/CMakeLists.txt
  main_core_enum_dll.cpp
  kotek.core.enum.vcxproj -> D:\a\zircon\zircon\build\lib\Release\kotek.core.enum.lib
  Building Custom Rule D:/a/zircon/zircon/kotek/src/kotek.core.ecs/CMakeLists.txt
  main_core_ecs_dll.cpp
  kotek.core.ecs.vcxproj -> D:\a\zircon\zircon\build\lib\Release\kotek.core.ecs.lib
  Building Custom Rule D:/a/zircon/zircon/kotek/src/kotek.core.main_manager/CMakeLists.txt
  kotek_main_manager.cpp
  kotek_plugin_invoke.cpp
  kotek_plugin_override.cpp
  main_core_main_manager_dll.cpp
  Generating Code...
  kotek.core.main_manager.vcxproj -> D:\a\zircon\zircon\build\lib\Release\kotek.core.main_manager.lib
  Building Custom Rule D:/a/zircon/zircon/kotek/src/kotek.core.engine_config/CMakeLists.txt
  kotek_std_config.cpp
  main_core_engine_config_dll.cpp
  Generating Code...
  kotek.core.engine_config.vcxproj -> D:\a\zircon\zircon\build\lib\Release\kotek.core.engine_config.lib
  Building Custom Rule D:/a/zircon/zircon/kotek/src/kotek.core.log/CMakeLists.txt
  main_core_log_dll.cpp
  kotek.core.log.vcxproj -> D:\a\zircon\zircon\build\lib\Release\kotek.core.log.lib
  Building Custom Rule D:/a/zircon/zircon/kotek/src/kotek.core.os.win32/CMakeLists.txt
  main_core_os_win32_dll.cpp
  kotek.core.os.win32.vcxproj -> D:\a\zircon\zircon\build\lib\Release\kotek.core.os.win32.lib
  Building Custom Rule D:/a/zircon/zircon/kotek/src/kotek.core.os/CMakeLists.txt
  main_core_os_dll.cpp
  kotek.core.os.vcxproj -> D:\a\zircon\zircon\build\lib\Release\kotek.core.os.lib
  Building Custom Rule D:/a/zircon/zircon/kotek/src/kotek.core.memory.cpu/CMakeLists.txt
  main_core_memory_cpu_dll.cpp
  kotek_std_memory.cpp
  offsetAllocator.cpp
  kotek.core.memory.cpu.vcxproj -> D:\a\zircon\zircon\build\lib\Release\kotek.core.memory.cpu.lib
  Building Custom Rule D:/a/zircon/zircon/kotek/src/kotek.core.format/CMakeLists.txt
  main_core_format_dll.cpp
  kotek.core.format.vcxproj -> D:\a\zircon\zircon\build\lib\Release\kotek.core.format.lib
  Building Custom Rule D:/a/zircon/zircon/kotek/src/kotek.core.containers.vector/CMakeLists.txt
  main_core_containers_vector_dll.cpp
  kotek.core.containers.vector.vcxproj -> D:\a\zircon\zircon\build\lib\Release\kotek.core.containers.vector.lib
  Building Custom Rule D:/a/zircon/zircon/kotek/src/kotek.core.containers.unordered_set/CMakeLists.txt
  main_core_containers_unordered_set_dll.cpp
  kotek.core.containers.unordered_set.vcxproj -> D:\a\zircon\zircon\build\lib\Release\kotek.core.containers.unordered_set.lib
  Building Custom Rule D:/a/zircon/zircon/kotek/src/kotek.core.containers.unordered_map/CMakeLists.txt
  main_core_containers_unordered_map_dll.cpp
  kotek.core.containers.unordered_map.vcxproj -> D:\a\zircon\zircon\build\lib\Release\kotek.core.containers.unordered_map.lib
  Building Custom Rule D:/a/zircon/zircon/kotek/src/kotek.core.containers.filesystem.path/CMakeLists.txt
  main_core_containers_filesystem_path_dll.cpp
  kotek.core.containers.filesystem.path.vcxproj -> D:\a\zircon\zircon\build\lib\Release\kotek.core.containers.filesystem.path.lib
  Building Custom Rule D:/a/zircon/zircon/kotek/src/kotek.core.containers.dll/CMakeLists.txt
  main_core_containers_dll_dll.cpp
  kotek.core.containers.dll.vcxproj -> D:\a\zircon\zircon\build\lib\Release\kotek.core.containers.dll.lib
  Building Custom Rule D:/a/zircon/zircon/kotek/src/kotek.core.containers.string/CMakeLists.txt
  kotek_core_test_string.cpp
  main_core_containers_string_dll.cpp
  kotek_std_alias_string.cpp
  Generating Code...
  kotek.core.containers.string.vcxproj -> D:\a\zircon\zircon\build\lib\Release\kotek.core.containers.string.lib
  Building Custom Rule D:/a/zircon/zircon/kotek/src/kotek.core.casting.string/CMakeLists.txt
  main_core_casting_string_dll.cpp
  kotek_std_alias_casting.cpp
  Generating Code...
  kotek.core.casting.string.vcxproj -> D:\a\zircon\zircon\build\lib\Release\kotek.core.casting.string.lib
  Building Custom Rule D:/a/zircon/zircon/kotek/src/kotek.core.casting.lexical/CMakeLists.txt
  main_core_casting_lexical_dll.cpp
  kotek.core.casting.lexical.vcxproj -> D:\a\zircon\zircon\build\lib\Release\kotek.core.casting.lexical.lib
  Building Custom Rule D:/a/zircon/zircon/kotek/src/kotek.core.types.string/CMakeLists.txt
  main_core_types_string_dll.cpp
  kotek.core.types.string.vcxproj -> D:\a\zircon\zircon\build\lib\Release\kotek.core.types.string.lib
  Building Custom Rule D:/a/zircon/zircon/kotek/src/kotek.core.api/CMakeLists.txt
  main_api_dll.cpp
  kotek.core.api.vcxproj -> D:\a\zircon\zircon\build\lib\Release\kotek.core.api.lib
  Building Custom Rule D:/a/zircon/zircon/kotek/src/kotek.core.defines_dependent.ecs/CMakeLists.txt
  main_core_defines_dependent_ecs_dll.cpp
  kotek.core.defines_dependent.ecs.vcxproj -> D:\a\zircon\zircon\build\lib\Release\kotek.core.defines_dependent.ecs.lib
  Building Custom Rule D:/a/zircon/zircon/kotek/src/kotek.core.defines_dependent.assert/CMakeLists.txt
  main_core_defines_dependent_assert_dll.cpp
  kotek.core.defines_dependent.assert.vcxproj -> D:\a\zircon\zircon\build\lib\Release\kotek.core.defines_dependent.assert.lib
  Building Custom Rule D:/a/zircon/zircon/kotek/src/kotek.core.defines_dependent.message/CMakeLists.txt
  main_core_defines_dependent_message_dll.cpp
  kotek.core.defines_dependent.message.vcxproj -> D:\a\zircon\zircon\build\lib\Release\kotek.core.defines_dependent.message.lib
  Building Custom Rule D:/a/zircon/zircon/kotek/src/kotek.core.profilers.gpu/CMakeLists.txt
  Building Custom Rule D:/a/zircon/zircon/kotek/src/kotek.core.defines_dependent/CMakeLists.txt
  Building Custom Rule D:/a/zircon/zircon/kotek/src/kotek.core.window.glfw/CMakeLists.txt
  Building Custom Rule D:/a/zircon/zircon/kotek/src/kotek.core.containers.json/CMakeLists.txt
  Building Custom Rule D:/a/zircon/zircon/kotek/src/kotek.core.casting/CMakeLists.txt
  main_core_defines_dependent_dll.cpp
  kotek_std_window.cpp
  kotek_std_json.cpp
  Building Custom Rule D:/a/zircon/zircon/kotek/src/kotek.ui.videoplayer.avif/CMakeLists.txt
  main_core_casting_dll.cpp
  main_ui_videoplayer_avif_dll.cpp
  kotek_ui_videoplayer.cpp
  main_core_profilers_gpu_dll.cpp
  kotek.core.profilers.gpu.vcxproj -> D:\a\zircon\zircon\build\lib\Release\kotek.core.profilers.gpu.lib
  kotek.core.casting.vcxproj -> D:\a\zircon\zircon\build\lib\Release\kotek.core.casting.lib
  Building Custom Rule D:/a/zircon/zircon/kotek/src/kotek.core.types/CMakeLists.txt
  kotek.core.defines_dependent.vcxproj -> D:\a\zircon\zircon\build\lib\Release\kotek.core.defines_dependent.lib
  Building Custom Rule D:/a/zircon/zircon/kotek/src/kotek.core.containers.map/CMakeLists.txt
  main_core_types_dll.cpp
  main_core_containers_map_dll.cpp
  main_core_containers_json_dll.cpp
  Building Custom Rule D:/a/zircon/zircon/kotek/src/kotek.core.defines/CMakeLists.txt
  kotek.core.types.vcxproj -> D:\a\zircon\zircon\build\lib\Release\kotek.core.types.lib
  Building Custom Rule D:/a/zircon/zircon/kotek/src/kotek.core.memory.gpu.vulkan/CMakeLists.txt
  kotek.core.containers.map.vcxproj -> D:\a\zircon\zircon\build\lib\Release\kotek.core.containers.map.lib
  main_core_defines_dll.cpp
  main_core_memory_gpu_vulkan_dll.cpp
  Building Custom Rule D:/a/zircon/zircon/kotek/src/kotek.core.containers.list/CMakeLists.txt
  Generating Code...
  Building Custom Rule D:/a/zircon/zircon/kotek/src/kotek.core.input/CMakeLists.txt
  main_core_window_glfw_dll.cpp
  main_core_containers_list_dll.cpp
  Generating Code...
  kotek_input.cpp
  kotek.core.containers.json.vcxproj -> D:\a\zircon\zircon\build\lib\Release\kotek.core.containers.json.lib
  kotek.core.defines.vcxproj -> D:\a\zircon\zircon\build\lib\Release\kotek.core.defines.lib
  Building Custom Rule D:/a/zircon/zircon/kotek/src/kotek.core.containers.filesystem/CMakeLists.txt
  kotek_std_alias_filesystem.cpp
  Building Custom Rule D:/a/zircon/zircon/kotek/src/kotek.core.filesystem.file_text/CMakeLists.txt
  kotek.core.containers.list.vcxproj -> D:\a\zircon\zircon\build\lib\Release\kotek.core.containers.list.lib
  kotek.ui.videoplayer.avif.vcxproj -> D:\a\zircon\zircon\build\lib\Release\kotek.ui.videoplayer.avif.lib
  kotek.core.memory.gpu.vulkan.vcxproj -> D:\a\zircon\zircon\build\lib\Release\kotek.core.memory.gpu.vulkan.lib
  kotek_file_text.cpp
  Building Custom Rule D:/a/zircon/zircon/kotek/src/kotek.core.containers.deque/CMakeLists.txt
  main_core_containers_deque_dll.cpp
  Building Custom Rule D:/a/zircon/zircon/kotek/src/kotek.core.memory.gpu/CMakeLists.txt
  main_core_filesystem_file_text_dll.cpp
  Generating Code...
  main_core_input_dll.cpp
  kotek.core.containers.deque.vcxproj -> D:\a\zircon\zircon\build\lib\Release\kotek.core.containers.deque.lib
  main_core_memory_gpu_dll.cpp
  main_core_containers_filesystem_dll.cpp
  kotek.core.window.glfw.vcxproj -> D:\a\zircon\zircon\build\lib\Release\kotek.core.window.glfw.lib
  Generating Code...
  Building Custom Rule D:/a/zircon/zircon/kotek/src/kotek.core.containers.queue/CMakeLists.txt
  kotek.core.filesystem.file_text.vcxproj -> D:\a\zircon\zircon\build\lib\Release\kotek.core.filesystem.file_text.lib
  main_core_containers_queue_dll.cpp
  Building Custom Rule D:/a/zircon/zircon/kotek/src/kotek.core.window/CMakeLists.txt
  Building Custom Rule D:/a/zircon/zircon/kotek/src/kotek.core.os.linux/CMakeLists.txt
  Building Custom Rule D:/a/zircon/zircon/kotek/src/kotek.ui.videoplayer/CMakeLists.txt
  kotek.core.memory.gpu.vcxproj -> D:\a\zircon\zircon\build\lib\Release\kotek.core.memory.gpu.lib
  main_ui_videoplayer_dll.cpp
  Building Custom Rule D:/a/zircon/zircon/kotek/src/kotek.core.memory/CMakeLists.txt
  main_core_os_linux_dll.cpp
  kotek.ui.videoplayer.vcxproj -> D:\a\zircon\zircon\build\lib\Release\kotek.ui.videoplayer.lib
  main_core_memory_dll.cpp
  kotek.core.os.linux.vcxproj -> D:\a\zircon\zircon\build\lib\Release\kotek.core.os.linux.lib
  kotek_window_console.cpp
  kotek.core.containers.queue.vcxproj -> D:\a\zircon\zircon\build\lib\Release\kotek.core.containers.queue.lib
  Generating Code...
  Building Custom Rule D:/a/zircon/zircon/kotek/src/kotek.core.utility/CMakeLists.txt
  kotek_core_test_input.cpp
  kotek.core.containers.filesystem.vcxproj -> D:\a\zircon\zircon\build\lib\Release\kotek.core.containers.filesystem.lib
  Building Custom Rule D:/a/zircon/zircon/kotek/src/kotek.core.containers.multithreading.queue/CMakeLists.txt
  kotek_std_utility.cpp
  main_core_containers_multithreading_queue_dll.cpp
  Building Custom Rule D:/a/zircon/zircon/kotek/src/kotek.core.filesystem/CMakeLists.txt
  Building Custom Rule D:/a/zircon/zircon/kotek/src/kotek.core.console/CMakeLists.txt
  kotek.core.containers.multithreading.queue.vcxproj -> D:\a\zircon\zircon\build\lib\Release\kotek.core.containers.multithreading.queue.lib
  kotek.core.memory.vcxproj -> D:\a\zircon\zircon\build\lib\Release\kotek.core.memory.lib
  kotek_console.cpp
  kotek_filesystem.cpp
  Building Custom Rule D:/a/zircon/zircon/kotek/src/kotek.core.containers.multithreading/CMakeLists.txt
  main_core_window_dll.cpp
  kotek_std_utility_tests.cpp
  kotek_core_test_input_winapi.cpp
  Building Custom Rule D:/a/zircon/zircon/kotek/src/kotek.core.profilers.cpu/CMakeLists.txt
  main_core_console_dll.cpp
  kotek_filesystem_native.cpp
  Generating Code...
  main_core_profilers_cpu_dll.cpp
  main_core_utility_dll.cpp
  kotek.core.window.vcxproj -> D:\a\zircon\zircon\build\lib\Release\kotek.core.window.lib
  Generating Code...
  Building Custom Rule D:/a/zircon/zircon/kotek/src/kotek.ui.rmlui/CMakeLists.txt
  Building Custom Rule D:/a/zircon/zircon/kotek/src/kotek.core.window_manager/CMakeLists.txt
  kotek.core.profilers.cpu.vcxproj -> D:\a\zircon\zircon\build\lib\Release\kotek.core.profilers.cpu.lib
  kotek.core.input.vcxproj -> D:\a\zircon\zircon\build\lib\Release\kotek.core.input.lib
  kotek_ui_game_ui_manager.cpp
  kotek_window_manager.cpp
  Building Custom Rule D:/a/zircon/zircon/kotek/src/kotek.core.profilers/CMakeLists.txt
  Generating Code...
  kotek_filesystem_zlib.cpp
  kotek.core.console.vcxproj -> D:\a\zircon\zircon\build\lib\Release\kotek.core.console.lib
  kotek_profiler.cpp
  Generating Code...
  main_core_containers_multithreading_dll.cpp
  kotek.core.utility.vcxproj -> D:\a\zircon\zircon\build\lib\Release\kotek.core.utility.lib
  main_core_window_manager_dll.cpp
  main_ui_rmlui_dll.cpp
  Building Custom Rule D:/a/zircon/zircon/kotek/src/kotek.core.math/CMakeLists.txt
  kotek.core.containers.multithreading.vcxproj -> D:\a\zircon\zircon\build\lib\Release\kotek.core.containers.multithreading.lib
  kotek_core_test_math.cpp
  kotek_virtualfilemapper.cpp
  main_core_profilers_dll.cpp
  Building Custom Rule D:/a/zircon/zircon/kotek/src/kotek.core.containers/CMakeLists.txt
  Generating Code...
  Generating Code...
  kotek.core.window_manager.vcxproj -> D:\a\zircon\zircon\build\lib\Release\kotek.core.window_manager.lib
  kotek.ui.rmlui.vcxproj -> D:\a\zircon\zircon\build\lib\Release\kotek.ui.rmlui.lib
  main_core_containers_dll.cpp
  kotek_std_math_vector1f.cpp
  main_core_filesystem_dll.cpp
  Generating Code...
  kotek.core.profilers.vcxproj -> D:\a\zircon\zircon\build\lib\Release\kotek.core.profilers.lib
  kotek_std_math_vector2f.cpp
  kotek.core.containers.vcxproj -> D:\a\zircon\zircon\build\lib\Release\kotek.core.containers.lib
  kotek_std_math_vector3f.cpp
  Generating Code...
  kotek_std_math_vector4f.cpp
  kotek.core.filesystem.vcxproj -> D:\a\zircon\zircon\build\lib\Release\kotek.core.filesystem.lib
  kotek_std_math_matrix2x2_f.cpp
  kotek_std_math_matrix3x3_f.cpp
  kotek_std_math_matrix4x4_f.cpp
  kotek_std_math_vectornf_view.cpp
  kotek_std_math_matrixnf_view.cpp
  main_core_math_dll.cpp
  Generating Code...
  kotek.core.math.vcxproj -> D:\a\zircon\zircon\build\lib\Release\kotek.core.math.lib
  Building Custom Rule D:/a/zircon/zircon/kotek/src/kotek.ui.imgui/CMakeLists.txt
  kotek_ui_imgui_context_manager.cpp
  Building Custom Rule D:/a/zircon/zircon/kotek/src/kotek.core/CMakeLists.txt
  main_core_dll.cpp
  kotek_core_test_filesystem.cpp
  kotek_core_test_json.cpp
  kotek_core_test_json_own.cpp
  imgui_impl_dx9.cpp
  imgui_impl_dx10.cpp
  imgui_impl_dx11.cpp
  imgui_impl_dx12.cpp
  kotek_core_test_string.cpp
  kotek_core_test_container_deque.cpp
  imgui_impl_opengl2.cpp
  kotek_core_test_container_vector.cpp
  imgui_impl_opengl3.cpp
  kotek_core_test_container_unordered_set.cpp
  imgui_impl_vulkan.cpp
  imgui_impl_win32.cpp
  kotek_core_test_container_unordered_map.cpp
  kotek_core_test_container_set.cpp
  kotek_core_test_container_queue.cpp
  imgui.cpp
  kotek_core_test_container_map.cpp
  kotek_core_test_container_list.cpp
  kotek_core_test_plugin_override.cpp
  imgui_demo.cpp
  imgui_draw.cpp
  imgui_tables.cpp
  imgui_widgets.cpp
  kotek_ui_imgui_wrapper.cpp
  kotek_core_test_math_backends.cpp
  kotek_core_test_containers_hybrid.cpp
  kotek_core_test_render_nri.cpp
  main_ui_imgui_dll.cpp
  imgui_impl_glfw.cpp
  Generating Code...
  kotek.core.vcxproj -> D:\a\zircon\zircon\build\lib\Release\kotek.core.lib
  Generating zircon_editor_enums.h using zircon_generator
  Building Custom Rule D:/a/zircon/zircon/kotek/src/kotek.render.bgfx/CMakeLists.txt
  Building Custom Rule D:/a/zircon/zircon/kotek/src/kotek.render.shared.bgfx/CMakeLists.txt
  -- Selecting Windows SDK version 10.0.26100.0 to target Windows 10.0.20348.
  -- KOTEK_DEPS_FOLDER = vcpkg
  -- KOTEK_NUGET_PLATFORM_NAME = Win11
  -- KOTEK_NUGET_COMPILER_NAME = Msvc
  -- KOTEK_NUGET_ARCH_BIT_NUMBER = x64
  -- CMAKE_BINARY_DIR = D:/a/zircon/zircon/build/zircon_tools/$<CONFIG>
  -- D:/a/zircon/zircon/src/tools/cpp_generators/ecs_fields_generator
  -- nuget_clang_folder = Kotek.Packages.Clang.Vcpkg.Runtimes.Win11.Msvc.x64.18.1.6
  -- nuget_openssl_folder = Kotek.Packages.OpenSSL.Vcpkg.Runtimes.Win11.Msvc.x64.3.5.0
  -- nuget_zlib_folder = Kotek.Packages.zlib.Vcpkg.Runtimes.Win11.Msvc.x64.1.3.1
  -- nuget_zstd_folder = Kotek.Packages.Zstd.Vcpkg.Runtimes.Win11.Msvc.x64.1.5.7
  [zircon_generator][nuget]: package clang exists!
  [zircon_generator][nuget]: package openssl exists!
  [zircon_generator][nuget]: package zlib exists!
  [zircon_generator][nuget]: package zstd exists!
  -- LLVM libraries: 
  -- Found LLVM 
  -- LLVM include path: 
  -- LLVM library path: 
  -- 
  [zircon_generator]: zstd package included directory
  [zircon_generator][Debug]: adding zstd.lib to Debug configuration
  [zircon_generator][None-Debug]: adding zstd.lib to not Debug configurations
  [zircon_generator]: zlib package included directory
  [zircon_generator][Debug]: adding zlibd.lib to Debug configuration
  [zircon_generator][None-Debug]: adding zlib.lib to not Debug configurations
  [zircon_generator]: openssl package included directory
  [zircon_generator][Debug]: adding libcrypto.lib to Debug configuration
  [zircon_generator][None-Debug]: adding libcrypto.lib to not Debug configurations
  [zircon_generator]: clang package included directory
  [zircon_generator][Debug]: adding libclang.lib to Debug configuration
  [zircon_generator][None-Debug]: adding libclang.lib to not Debug configuration
  -- Configuring done (0.0s)
  -- Generating done (0.0s)
  -- Build files have been written to: D:/a/zircon/zircon/build/zircon_tools
  Building Custom Rule D:/a/zircon/zircon/kotek/src/kotek.render.nri/CMakeLists.txt
  cmake_pch.cxx
  MSBuild version 17.14.51+25f168cee for .NET Framework
  
  cmake_pch.cxx
    1>Checking Build System
    Building Custom Rule D:/a/zircon/zircon/src/tools/cpp_generators/ecs_fields_generator/CMakeLists.txt
  cmake_pch.cxx
    generate_zircon.cpp
  kotek.ui.imgui.vcxproj -> D:\a\zircon\zircon\build\lib\Release\kotek.ui.imgui.lib
  Building Custom Rule D:/a/zircon/zircon/kotek/src/kotek.ui/CMakeLists.txt
  main_ui_dll.cpp
    zircon_generator.vcxproj -> D:\a\zircon\zircon\build\zircon_tools\Release\zircon_generator.exe
    copying dlls after compilation of zircon_generator
  kotek_render_shader_manager.cpp
  kotek_render_texture_manager.cpp
  kotek_render_resource_manager.cpp
  kotek_render_buffer.cpp
  kotek_render_geometry_manager.cpp
  kotek_render_device.cpp
  kotek_render_swapchain.cpp
  main_render_bgfx_dll.cpp
  kotek_render_static_buffer_pool.cpp
  kotek_render_static_buffer_pool_with_linear_allocator.cpp
  kotek_render_allocator_ring_with_tabs.cpp
  kotek_render_allocator_ring.cpp
  kotek_render_device.cpp
  kotek_render_swapchain.cpp
  kotek_render_resource_manager.cpp
  main_render_nri_dll.cpp
  kotek.render.bgfx.vcxproj -> D:\a\zircon\zircon\build\lib\Release\kotek.render.bgfx.lib
  kotek_render_graph_simplified.cpp
  kotek_render_graph_simplified_render_pass.cpp
  kotek_render_data_types.cpp
  main_render_shared_bgfx_dll.cpp
    Building Custom Rule D:/a/zircon/zircon/src/tools/cpp_generators/ecs_fields_generator/CMakeLists.txt
  kotek.render.nri.vcxproj -> D:\a\zircon\zircon\build\lib\Release\kotek.render.nri.lib
  argv=..\..\zircon_tools\Release\zircon_generator | strcmp=1
  argv=--type | strcmp=0
  Found type!
  type = 1
  what_to_generate: 1
  Generating sdk fields!
  sdk_src_dir = D:/a/zircon/zircon/src/editor/ui
  output_file = D:/a/zircon/zircon/src/core/zircon_editor_enums.h
  SDK window enum file generated: D:/a/zircon/zircon/src/core/zircon_editor_enums.h
  File was generated successfully!
  kotek.ui.vcxproj -> D:\a\zircon\zircon\build\lib\Release\kotek.ui.lib
  Building Custom Rule D:/a/zircon/zircon/src/core/CMakeLists.txt
  kotek.render.shared.bgfx.vcxproj -> D:\a\zircon\zircon\build\lib\Release\kotek.render.shared.bgfx.lib
  Building Custom Rule D:/a/zircon/zircon/kotek/src/kotek.render.shared/CMakeLists.txt
  cmake_pch.cxx
  cmake_pch.cxx
  main_core_dll.cpp
  zircon_config.cpp
  zircon_editor_ui_state_interface.cpp
  zircon_session.cpp
  kotek_render_data_types.cpp
  main_render_shared_dll.cpp
  kotek.render.shared.vcxproj -> D:\a\zircon\zircon\build\lib\Release\kotek.render.shared.lib
  Building Custom Rule D:/a/zircon/zircon/kotek/src/kotek.render/CMakeLists.txt
  cmake_pch.cxx
  zircon.core.vcxproj -> D:\a\zircon\zircon\build\lib\Release\zircon.core.lib
  Building zircon_generator
  -- Selecting Windows SDK version 10.0.26100.0 to target Windows 10.0.20348.
  -- KOTEK_DEPS_FOLDER = vcpkg
  -- KOTEK_NUGET_PLATFORM_NAME = Win11
  -- KOTEK_NUGET_COMPILER_NAME = Msvc
  -- KOTEK_NUGET_ARCH_BIT_NUMBER = x64
  -- CMAKE_BINARY_DIR = D:/a/zircon/zircon/build/zircon_tools/$<CONFIG>
  -- D:/a/zircon/zircon/src/tools/cpp_generators/ecs_fields_generator
  -- nuget_clang_folder = Kotek.Packages.Clang.Vcpkg.Runtimes.Win11.Msvc.x64.18.1.6
  -- nuget_openssl_folder = Kotek.Packages.OpenSSL.Vcpkg.Runtimes.Win11.Msvc.x64.3.5.0
  -- nuget_zlib_folder = Kotek.Packages.zlib.Vcpkg.Runtimes.Win11.Msvc.x64.1.3.1
  -- nuget_zstd_folder = Kotek.Packages.Zstd.Vcpkg.Runtimes.Win11.Msvc.x64.1.5.7
  [zircon_generator][nuget]: package clang exists!
  [zircon_generator][nuget]: package openssl exists!
  [zircon_generator][nuget]: package zlib exists!
  [zircon_generator][nuget]: package zstd exists!
  -- LLVM libraries: 
  -- Found LLVM 
  -- LLVM include path: 
  -- LLVM library path: 
  -- 
  [zircon_generator]: zstd package included directory
  [zircon_generator][Debug]: adding zstd.lib to Debug configuration
  [zircon_generator][None-Debug]: adding zstd.lib to not Debug configurations
  [zircon_generator]: zlib package included directory
  [zircon_generator][Debug]: adding zlibd.lib to Debug configuration
  [zircon_generator][None-Debug]: adding zlib.lib to not Debug configurations
  [zircon_generator]: openssl package included directory
  [zircon_generator][Debug]: adding libcrypto.lib to Debug configuration
  [zircon_generator][None-Debug]: adding libcrypto.lib to not Debug configurations
  [zircon_generator]: clang package included directory
  [zircon_generator][Debug]: adding libclang.lib to Debug configuration
  [zircon_generator][None-Debug]: adding libclang.lib to not Debug configuration
  -- Configuring done (0.0s)
  -- Generating done (0.0s)
  -- Build files have been written to: D:/a/zircon/zircon/build/zircon_tools
  MSBuild version 17.14.51+25f168cee for .NET Framework
  
    zircon_generator.vcxproj -> D:\a\zircon\zircon\build\zircon_tools\Release\zircon_generator.exe
    copying dlls after compilation of zircon_generator
  argv=..\..\zircon_tools\Release\zircon_generator | strcmp=1
  argv=--type | strcmp=0
  Found type!
  type = 0
  what_to_generate: 0
  Generating ecs fields!
  --src = D:/a/zircon/zircon/src/ecs
  --kotek_src = D:/a/zircon/zircon/src/ecs/../../kotek/src/kotek.core.defines_dependent.ecs/include/
  --output = D:/a/zircon/zircon/src/ecs/zircon_component_fields.h
  File was generated successfully!
  Building Custom Rule D:/a/zircon/zircon/src/ecs/CMakeLists.txt
  cmake_pch.cxx
  main_render_dll.cpp
  kotek.render.vcxproj -> D:\a\zircon\zircon\build\lib\Release\kotek.render.lib
  zircon_component_sdk_scene_name.cpp
  zircon_component_sdk_camera.cpp
  zircon_component_sdk_input.cpp
  zircon_component_camera.cpp
D:\a\zircon\zircon\src\ecs\zircon_component_input.h(80,39): error C2065: 'p_storage_memory': undeclared identifier [D:\a\zircon\zircon\build\src\ecs\zircon.ecs.vcxproj]
  zircon_component_input.cpp
  (compiling source file '../../../src/ecs/zircon_component_sdk_input.cpp')
  
D:\a\zircon\zircon\src\ecs\zircon_component_camera.h(81,44): error C2065: 'p_storage_memory': undeclared identifier [D:\a\zircon\zircon\build\src\ecs\zircon.ecs.vcxproj]
  (compiling source file '../../../src/ecs/zircon_component_sdk_camera.cpp')
  
D:\a\zircon\zircon\src\ecs\zircon_component_camera.h(81,44): error C2065: 'p_storage_memory': undeclared identifier [D:\a\zircon\zircon\build\src\ecs\zircon.ecs.vcxproj]
  (compiling source file '../../../src/ecs/zircon_component_camera.cpp')
  
D:\a\zircon\zircon\src\ecs\zircon_component_geometry.h(97,39): error C2065: 'p_storage_memory': undeclared identifier [D:\a\zircon\zircon\build\src\ecs\zircon.ecs.vcxproj]
  (compiling source file '../../../src/ecs/zircon_component_camera.cpp')
  
  zircon_component_transform.cpp
D:\a\zircon\zircon\src\ecs\zircon_component_input.h(80,39): error C2065: 'p_storage_memory': undeclared identifier [D:\a\zircon\zircon\build\src\ecs\zircon.ecs.vcxproj]
  (compiling source file '../../../src/ecs/zircon_component_input.cpp')
  
  zircon_component_geometry.cpp
  zircon_component_actor.cpp
  zircon_component_terrain_cbt.cpp
D:\a\zircon\zircon\src\ecs\zircon_component_geometry.h(97,39): error C2065: 'p_storage_memory': undeclared identifier [D:\a\zircon\zircon\build\src\ecs\zircon.ecs.vcxproj]
  (compiling source file '../../../src/ecs/zircon_component_geometry.cpp')
  
  zircon_component_terrain_static.cpp
  zircon_component_terrain_gcm.cpp
D:\a\zircon\zircon\src\editor\commands\zircon_command_definitions.h(82,1): error C1189: #error:  provide optimized variant for release [D:\a\zircon\zircon\build\src\ecs\zircon.ecs.vcxproj]
  (compiling source file '../../../src/ecs/zircon_component_geometry.cpp')
  
  zircon_component_frustum.cpp
  zircon_component_bounding_sphere.cpp
  zircon_component_ui_surface.cpp
D:\a\zircon\zircon\src\ecs\zircon_component_frustum.h(41,39): error C2065: 'p_storage_memory': undeclared identifier [D:\a\zircon\zircon\build\src\ecs\zircon.ecs.vcxproj]
  (compiling source file '../../../src/ecs/zircon_component_frustum.cpp')
  
D:\a\zircon\zircon\src\ecs\zircon_component_bounding_sphere.h(50,39): error C2065: 'p_storage_memory': undeclared identifier [D:\a\zircon\zircon\build\src\ecs\zircon.ecs.vcxproj]
  (compiling source file '../../../src/ecs/zircon_component_bounding_sphere.cpp')
  
D:\a\zircon\zircon\src\ecs\zircon_component_ui_surface.h(39,39): error C2065: 'p_storage_memory': undeclared identifier [D:\a\zircon\zircon\build\src\ecs\zircon.ecs.vcxproj]
  (compiling source file '../../../src/ecs/zircon_component_ui_surface.cpp')
  
  zircon_component_ui_camera.cpp
  zircon_component_animation.cpp
D:\a\zircon\zircon\src\ecs\zircon_component_animation.h(38,39): error C2065: 'p_storage_memory': undeclared identifier [D:\a\zircon\zircon\build\src\ecs\zircon.ecs.vcxproj]
  (compiling source file '../../../src/ecs/zircon_component_animation.cpp')
  
  main_ecs_dll.cpp
  zircon_factory.cpp
D:\a\zircon\zircon\src\ecs\zircon_component_ui_camera.h(50,39): error C2065: 'p_storage_memory': undeclared identifier [D:\a\zircon\zircon\build\src\ecs\zircon.ecs.vcxproj]
  (compiling source file '../../../src/ecs/zircon_component_ui_camera.cpp')
  
  zircon_component_interface.cpp
D:\a\zircon\zircon\src\ecs\zircon_component_camera.h(81,44): error C2065: 'p_storage_memory': undeclared identifier [D:\a\zircon\zircon\build\src\ecs\zircon.ecs.vcxproj]
  (compiling source file '../../../src/ecs/zircon_factory.cpp')
  
D:\a\zircon\zircon\src\ecs\zircon_component_geometry.h(97,39): error C2065: 'p_storage_memory': undeclared identifier [D:\a\zircon\zircon\build\src\ecs\zircon.ecs.vcxproj]
  (compiling source file '../../../src/ecs/zircon_factory.cpp')
  
D:\a\zircon\zircon\src\ecs\zircon_component_input.h(80,39): error C2065: 'p_storage_memory': undeclared identifier [D:\a\zircon\zircon\build\src\ecs\zircon.ecs.vcxproj]
  (compiling source file '../../../src/ecs/zircon_factory.cpp')
  
D:\a\zircon\zircon\src\ecs\zircon_component_frustum.h(41,39): error C2065: 'p_storage_memory': undeclared identifier [D:\a\zircon\zircon\build\src\ecs\zircon.ecs.vcxproj]
  (compiling source file '../../../src/ecs/zircon_factory.cpp')
  
D:\a\zircon\zircon\src\ecs\zircon_component_animation.h(38,39): error C2065: 'p_storage_memory': undeclared identifier [D:\a\zircon\zircon\build\src\ecs\zircon.ecs.vcxproj]
  (compiling source file '../../../src/ecs/zircon_factory.cpp')
  
D:\a\zircon\zircon\src\ecs\zircon_component_bounding_sphere.h(50,39): error C2065: 'p_storage_memory': undeclared identifier [D:\a\zircon\zircon\build\src\ecs\zircon.ecs.vcxproj]
  (compiling source file '../../../src/ecs/zircon_factory.cpp')
  
D:\a\zircon\zircon\src\ecs\zircon_component_ui_camera.h(50,39): error C2065: 'p_storage_memory': undeclared identifier [D:\a\zircon\zircon\build\src\ecs\zircon.ecs.vcxproj]
  (compiling source file '../../../src/ecs/zircon_factory.cpp')
  
D:\a\zircon\zircon\src\ecs\zircon_component_ui_surface.h(39,39): error C2065: 'p_storage_memory': undeclared identifier [D:\a\zircon\zircon\build\src\ecs\zircon.ecs.vcxproj]
  (compiling source file '../../../src/ecs/zircon_factory.cpp')
  
