-- Selecting Windows SDK version 10.0.26100.0 to target Windows 10.0.20348.
-- applying D:/a/zircon/zircon/kotek/cmake/windows/compiler_globals.cmake
-- [kotek]: C++ standard is C++20 (KOTEK_WINDOWS_XP=OFF)
-- D:/a/zircon/zircon/kotek/cmake/windows/compiler_globals.cmake is applied!
[zircon]: build type is 'Release'
[zircon]: CMAKE_SYSTEM_VERSION='10.0.20348'
[zircon]: your dependency folder is 'vcpkg'
[zircon]: output dir is 'D:/a/zircon/zircon/build'
-- applying D:/a/zircon/zircon/kotek/cmake/windows/compiler_globals.cmake
[kotek.engine]: CMAKE_SOURCE_DIR=D:/a/zircon/zircon
[kotek.engine]: CMAKE_CURRENT_SOURCE_DIR=D:/a/zircon/zircon/kotek
[kotek.engine]: vcpkg triplet is 'x64-windows-static'
-- applying D:/a/zircon/zircon/kotek/cmake/library.cmake
-- [kotek]: linkage scenario is 'SHARED' (force static: '', force shared: '')
-- D:/a/zircon/zircon/kotek/cmake/library.cmake is applied!
[kotek.engine]: Your overriden kotek.exe [kotek]
[kotek.engine]: build type is 'Release'
[kotek.engine]: filename for generating preprocessors: 'D:/a/zircon/zircon/build/generated/kotek_std_preprocessors.h'
[kotek.engine]: your dependency folder is 'vcpkg'
-- Found Freetype target Freetype::Freetype - Freetype font engine enabled
[kotek.core.defines.static.tests]: TESTS is 'ON'
[kotek.core.defines.static.tests]: TESTS use in runtime is 'ON'
-- [kotek.core.defines.static.tests]: linkage is 'SHARED'
[kotek.core.defines.static.cpp]: KOTEK_STD_LIBRARY=STD
[kotek.core.defines.static.cpp]: standard library is Standard library
[kotek.core.defines.static.cpp]: string configuration is 'OPTIMIZED'
[kotek.core.defines.static.cpp]: development is for EMB environment
[kotek.core.defines.static.cpp]: log backend is 
[kotek.core.defines.static.cpp]: json backend is 
-- [kotek.core.defines.static.cpp]: using filesystem feature: KOTEK_FILESYSTEM_FEATURE_VFM=
-- [kotek.core.defines.static.cpp]: using filesystem type: KOTEK_FILESYSTEM_TYPE_NATIVE=
-- [kotek.core.defines.static.cpp]: using filesystem type: KOTEK_FILESYSTEM_TYPE_ZLIB=
-- [kotek.core.defines.static.cpp]: linkage is 'SHARED'
-- [kotek.core.defines.static.git]: linkage is 'SHARED'
-- [kotek.core.defines.static.render]: linkage is 'SHARED'
[kotek.core.defines.static.render.dx]: DirectX is 'ON'
-- [kotek.core.defines.static.render.dx]: linkage is 'SHARED'
-- [kotek.core.defines.static.render.gl]: linkage is 'SHARED'
[kotek.core.defines.static.render.vk]: Vulkan is 'ON'
-- [kotek.core.defines.static.render.vk]: linkage is 'SHARED'
[kotek.core.defines.static.render.bgfx]: BGFX is 'ON'
-- [kotek.core.defines.static.render.bgfx]: linkage is 'SHARED'
[kotek.core.defines.static.math]: math library is 'GLM'
-- [kotek.core.defines.static.math]: linkage is 'SHARED'
-- [kotek.core.defines.static.os]: linkage is 'SHARED'
[kotek.core.defines.static.os.win32]: window library is [GLFW]
[kotek.core.defines.static.os.win32]: platform 'Windows NT'
-- [kotek.core.defines.static.os.win32]: linkage is 'SHARED'
[kotek.core.defines.static.os.linux]: window library is [GLFW]
-- [kotek.core.defines.static.os.linux]: linkage is 'SHARED'
[kotek.core.defines.static.profilers]: CPU Profiler is 'ON'
[kotek.core.defines.static.profilers]: GPU Profiler is 'ON'
-- [kotek.core.defines.static.profilers]: linkage is 'SHARED'
-- [kotek.core.defines.static.sdk]: linkage is 'SHARED'
[kotek.core.defines.static.string]: UNICODE is 'ON'
-- [kotek.core.defines.static.string]: linkage is 'SHARED'
-- [kotek.core.defines.static]: linkage is 'SHARED'
-- [kotek.core.defines_dependent.text]: linkage is 'SHARED'
-- [kotek.core.defines_dependent.message]: linkage is 'SHARED'
-- [kotek.core.defines_dependent.assert]: linkage is 'SHARED'
-- [kotek.core.defines_dependent.ecs] selected ecs backend: PICO
-- [kotek.core.defines_dependent.ecs]: linkage is 'SHARED'
-- [kotek.core.defines_dependent]: linkage is 'SHARED'
-- [kotek.core.defines]: linkage is 'SHARED'
[kotek.core]: adding tests for runtime in project kotek.core
[kotek.core]: files to attach (KOTEK_TESTS): tests/kotek_core_test_filesystem.cpp;tests/kotek_core_test_json.cpp;tests/kotek_core_test_json_own.cpp;tests/kotek_core_test_string.cpp;tests/kotek_core_test_container_deque.cpp;tests/kotek_core_test_container_vector.cpp;tests/kotek_core_test_container_unordered_set.cpp;tests/kotek_core_test_container_unordered_map.cpp;tests/kotek_core_test_container_set.cpp;tests/kotek_core_test_container_queue.cpp;tests/kotek_core_test_container_map.cpp;tests/kotek_core_test_container_list.cpp;tests/kotek_core_test_plugin_override.cpp;tests/kotek_core_test_math_backends.cpp;tests/kotek_core_test_containers_hybrid.cpp;tests/kotek_core_test_render_nri.cpp
-- [kotek.core]: linkage is 'SHARED'
-- [kotek.core.api]: linkage is 'SHARED'
-- [kotek.core.types]: linkage is 'SHARED'
-- [kotek.core.types.char]: linkage is 'SHARED'
-- [kotek.core.types.numerics]: linkage is 'SHARED'
-- [kotek.core.types.string]: linkage is 'SHARED'
-- [kotek.core.casting]: linkage is 'SHARED'
-- [kotek.core.casting.lexical]: linkage is 'SHARED'
-- [kotek.core.casting.string]: linkage is 'SHARED'
-- [kotek.core.constants]: linkage is 'SHARED'
-- [kotek.core.constants.math]: linkage is 'SHARED'
-- [kotek.core.constants.ecs]: linkage is 'SHARED'
-- [kotek.core.constants.string]: linkage is 'SHARED'
-- [kotek.core.constants.window]: linkage is 'SHARED'
-- [kotek.core.constants.render]: linkage is 'SHARED'
-- [kotek.core.containers]: linkage is 'SHARED'
-- [kotek.core.containers.any]: linkage is 'SHARED'
-- [kotek.core.containers.array]: linkage is 'SHARED'
-- [kotek.core.containers.string]: linkage is 'SHARED'
-- [kotek.core.containers.hash]: linkage is 'SHARED'
-- [kotek.core.containers.deque]: linkage is 'SHARED'
-- [kotek.core.containers.dll]: linkage is 'SHARED'
-- [kotek.core.containers.filesystem]: linkage is 'SHARED'
-- [kotek.core.containers.filesystem.path]: linkage is 'SHARED'
-- [kotek.core.containers.function]: linkage is 'SHARED'
-- [kotek.core.containers.io]: linkage is 'SHARED'
-- [kotek.core.containers.json]: linkage is 'SHARED'
-- [kotek.core.containers.map]: linkage is 'SHARED'
-- [kotek.core.containers.microsoft]: linkage is 'SHARED'
-- [kotek.core.containers.microsoft.wrl.comptr]: linkage is 'SHARED'
-- [kotek.core.containers.multithreading]: linkage is 'SHARED'
-- [kotek.core.containers.multithreading.tbb]: linkage is 'SHARED'
-- [kotek.core.containers.multithreading.atomic]: linkage is 'SHARED'
-- [kotek.core.containers.multithreading.mutex]: linkage is 'SHARED'
-- [kotek.core.containers.multithreading.shared_mutex]: linkage is 'SHARED'
-- [kotek.core.containers.multithreading.thread]: linkage is 'SHARED'
-- [kotek.core.containers.multithreading.semaphore]: linkage is 'SHARED'
-- [kotek.core.containers.multithreading.queue]: linkage is 'SHARED'
-- [kotek.core.containers.multithreading.condition_variable]: linkage is 'SHARED'
-- [kotek.core.containers.pair]: linkage is 'SHARED'
-- [kotek.core.containers.queue]: linkage is 'SHARED'
-- [kotek.core.containers.shared_ptr]: linkage is 'SHARED'
-- [kotek.core.containers.unique_ptr]: linkage is 'SHARED'
-- [kotek.core.containers.unordered_map]: linkage is 'SHARED'
-- [kotek.core.containers.unordered_set]: linkage is 'SHARED'
-- [kotek.core.containers.variant]: linkage is 'SHARED'
-- [kotek.core.containers.vector]: linkage is 'SHARED'
-- [kotek.core.containers.list]: linkage is 'SHARED'
-- [kotek.core.filesystem]: linkage is 'SHARED'
-- [kotek.core.filesystem.file_text]: linkage is 'SHARED'
-- [kotek.core.format]: linkage is 'SHARED'
-- [kotek.core.memory]: linkage is 'SHARED'
[kotek.core.memory.cpu]: memory allocator for CPU = MIMALLOC
-- [kotek.core.memory.cpu]: linkage is 'SHARED'
-- [kotek.core.memory.gpu]: linkage is 'SHARED'
-- [kotek.core.memory.gpu.vulkan]: linkage is 'SHARED'
[kotek.core.math]: math library is 'GLM'
-- [kotek.core.math]: linkage is 'SHARED'
-- [kotek.core.profilers]: linkage is 'SHARED'
-- [kotek.core.profilers.cpu]: linkage is 'SHARED'
-- [kotek.core.profilers.gpu]: linkage is 'SHARED'
-- [kotek.core.os]: linkage is 'SHARED'
-- [kotek.core.os.win32]: linkage is 'SHARED'
-- [kotek.core.os.linux]: linkage is 'SHARED'
-- [kotek.core.window]: linkage is 'SHARED'
-- [kotek.core.window.glfw]: linkage is 'SHARED'
-- [kotek.core.window_manager]: linkage is 'SHARED'
-- [kotek.core.log]: linkage is 'SHARED'
-- [kotek.core.console]: linkage is 'SHARED'
-- [kotek.core.engine_config]: linkage is 'SHARED'
-- [kotek.core.main_manager]: linkage is 'SHARED'
[kotek.core.ecs]: KOTEK_ECS_BACKEND=PICO
-- [kotek.core.ecs]: linkage is 'SHARED'
-- [kotek.core.enum]: linkage is 'SHARED'
-- [kotek.core.enum.core]: linkage is 'SHARED'
-- [kotek.core.enum.render]: linkage is 'SHARED'
-- [kotek.core.enum.render.dx]: linkage is 'SHARED'
-- [kotek.core.enum.render.gl]: linkage is 'SHARED'
-- [kotek.core.enum.render.vk]: linkage is 'SHARED'
-- [kotek.core.enum.render.bgfx]: linkage is 'SHARED'
-- [kotek.core.input]: linkage is 'SHARED'
-- [kotek.core.utility]: linkage is 'SHARED'
-- [kotek.game]: linkage is 'SHARED'
-- [kotek.ui]: linkage is 'SHARED'
-- [kotek.ui.imgui]: linkage is 'SHARED'
-- Found Freetype target Freetype::Freetype - Freetype font engine enabled
-- [kotek.ui.rmlui]: linkage is 'SHARED'
-- [kotek.ui.videoplayer]: linkage is 'SHARED'
-- [kotek.ui.videoplayer.avif]: linkage is 'SHARED'
-- [kotek.render]: linkage is 'SHARED'
NRI: v180:
-- NRI_STATIC_LIBRARY
-- NRI_ENABLE_NVTX_SUPPORT
-- NRI_ENABLE_DEBUG_NAMES_AND_ANNOTATIONS
-- NRI_ENABLE_VALIDATION_SUPPORT
-- NRI_ENABLE_D3D12_SUPPORT
-- NRI_ENABLE_NVAPI
-- NRI_ENABLE_AMDAGS
-- NRI_ENABLE_AGILITY_SDK_SUPPORT
-- NRI_STREAMER_THREAD_SAFE
NRI: downloading dependencies:
-- agilitysdk;nvtx;d3d12ma;amdags;nvapi ...
NRI: using Windows SDK 10.0.26100.0
NRI: using AgilitySDK v1.619.3
NRI: output path 'D:/a/zircon/zircon/build/bin'
-- [kotek.render.nri]: linkage is 'SHARED'
-- [kotek.render.shared]: linkage is 'SHARED'
-- [kotek.render.shared.bgfx]: linkage is 'SHARED'
-- [kotek.render.bgfx]: linkage is 'SHARED'
-- [kotek]: module entry manifest has 0 plugin dlls -> D:/a/zircon/zircon/build/generated/kotek_plugin_manifest.h
-- [kotek]: module registry has 113 modules -> D:/a/zircon/zircon/build/generated/kotek_plugin_registry.h
[zircon]: ZIRCON_GRAPHICS_DEVELOPMENT=OFF
[zircon]: KOTEK_UNICODE=ON
[zircon]: KOTEK_TESTS_RUNTIME=ON
[zircon]: KOTEK_TESTS=ON
[zircon]: KOTEK_CPU_PROFILER=ON
[zircon]: KOTEK_GPU_PROFILER=ON
[zircon]: math library is KOTEK_MATH_LIBRARY=GLM
-- [zircon.core]: linkage is 'SHARED'
-- Selecting Windows SDK version 10.0.26100.0 to target Windows 10.0.20348.
-- KOTEK_DEPS_FOLDER = vcpkg
-- KOTEK_NUGET_PLATFORM_NAME = Win11
-- KOTEK_NUGET_COMPILER_NAME = Msvc
-- KOTEK_NUGET_ARCH_BIT_NUMBER = x64
-- CMAKE_BINARY_DIR = D:/a/zircon/zircon/build/zircon_tools/$<CONFIG>
-- D:/a/zircon/zircon/src/tools/cpp_generators/ecs_fields_generator
-- nuget_clang_folder = Kotek.Packages.Clang.Vcpkg.Runtimes.Win11.Msvc.x64.18.1.6
-- nuget_openssl_folder = Kotek.Packages.OpenSSL.Vcpkg.Runtimes.Win11.Msvc.x64.3.5.0
-- nuget_zlib_folder = Kotek.Packages.zlib.Vcpkg.Runtimes.Win11.Msvc.x64.1.3.1
-- nuget_zstd_folder = Kotek.Packages.Zstd.Vcpkg.Runtimes.Win11.Msvc.x64.1.5.7
[zircon_generator][nuget]: package clang exists!
[zircon_generator][nuget]: package openssl exists!
[zircon_generator][nuget]: package zlib exists!
[zircon_generator][nuget]: package zstd exists!
-- LLVM libraries: 
-- Found LLVM 
-- LLVM include path: 
-- LLVM library path: 
-- 
[zircon_generator]: zstd package included directory
[zircon_generator][Debug]: adding zstd.lib to Debug configuration
[zircon_generator][None-Debug]: adding zstd.lib to not Debug configurations
[zircon_generator]: zlib package included directory
[zircon_generator][Debug]: adding zlibd.lib to Debug configuration
[zircon_generator][None-Debug]: adding zlib.lib to not Debug configurations
[zircon_generator]: openssl package included directory
[zircon_generator][Debug]: adding libcrypto.lib to Debug configuration
-- Configuring done (0.0s)
[zircon_generator][None-Debug]: adding libcrypto.lib to not Debug configurations
[zircon_generator]: clang package included directory
[zircon_generator][Debug]: adding libclang.lib to Debug configuration
[zircon_generator][None-Debug]: adding libclang.lib to not Debug configuration
-- Generating done (0.0s)
-- Build files have been written to: D:/a/zircon/zircon/build/zircon_tools
-- Multi-config generator detected, using first configuration: Debug
-- building zircon_tools for current configuration: Debug
MSBuild version 17.14.51+25f168cee for .NET Framework

  zircon_generator.vcxproj -> D:\a\zircon\zircon\build\zircon_tools\Debug\zircon_generator.exe
  copying dlls after compilation of zircon_generator
argv=D:/a/zircon/zircon/build/zircon_tools/Debug/zircon_generator | strcmp=1
argv=--type | strcmp=0
Found type!
type = 0
what_to_generate: 0
Generating ecs fields!
--src = D:/a/zircon/zircon/src/ecs
--kotek_src = D:/a/zircon/zircon/src/ecs/../../kotek/src/kotek.core.defines_dependent.ecs/include/
--output = D:/a/zircon/zircon/src/ecs/zircon_component_fields.h
File was generated successfully!
argv=D:/a/zircon/zircon/build/zircon_tools/Debug/zircon_generator | strcmp=1
argv=--type | strcmp=0
Found type!
type = 2
what_to_generate: 2
Generating renderer passes enums!
File was generated successfully!
-- [zircon.ecs]: linkage is 'SHARED'
-- [zircon.game]: linkage is 'SHARED'
-- [zircon.game.session]: linkage is 'SHARED'
-- [zircon.editor]: linkage is 'SHARED'
-- [zircon.editor.commands]: linkage is 'SHARED'
-- [zircon.editor.ui]: linkage is 'SHARED'
-- [zircon.editor.session]: linkage is 'SHARED'
[zircon]: SDK is 'OFF'
-- [zircon.render]: linkage is 'SHARED'
-- [zircon.render.passes.bgfx]: linkage is 'SHARED'
-- [zircon.render.passes.nri]: linkage is 'SHARED'
-- [zircon]: bgfx d3d11 shader route uses fxc: C:/Program Files (x86)/Windows Kits/10/bin/10.0.26100.0/x64/fxc.exe
-- [zircon.world]: linkage is 'SHARED'
-- Configuring done (9.6s)
CMake Error: The inter-target dependency graph contains the following strongly connected component (cycle):
  "kotek.core.defines_dependent.message" of type SHARED_LIBRARY
    depends on "kotek.core.log" (weak)
    depends on "kotek.core.api" (weak)
    depends on "kotek.core.enum" (weak)
    depends on "kotek.core.enum.core" (weak)
    depends on "kotek.core.containers.string" (weak)
    depends on "kotek.core.types.string" (weak)
    depends on "kotek.core.memory.cpu" (weak)
    depends on "kotek.core.main_manager" (weak)
    depends on "kotek.core.engine_config" (weak)
    depends on "kotek.core.defines_dependent.assert" (weak)
    depends on "kotek.core.containers.dll" (weak)
    depends on "kotek.core.os" (weak)
    depends on "kotek.core.os.win32" (weak)
    depends on "kotek.core.containers.unordered_set" (weak)
    depends on "kotek.core.casting.lexical" (weak)
    depends on "kotek.core.casting.string" (weak)
    depends on "kotek.core.format" (weak)
    depends on "kotek.core.containers.filesystem.path" (weak)
    depends on "kotek.core.enum.render" (weak)
    depends on "kotek.core.enum.render.gl" (weak)
    depends on "kotek.core.enum.render.bgfx" (weak)
    depends on "kotek.core.ecs" (weak)
    depends on "kotek.core.containers.vector" (weak)
    depends on "kotek.core.containers.unordered_map" (weak)
    depends on "kotek.core.defines_dependent.ecs" (weak)
  "kotek.core.defines_dependent.assert" of type SHARED_LIBRARY
    depends on "kotek.core.defines_dependent.message" (weak)
    depends on "kotek.core.log" (weak)
    depends on "kotek.core.api" (weak)
    depends on "kotek.core.enum" (weak)
    depends on "kotek.core.enum.core" (weak)
    depends on "kotek.core.containers.string" (weak)
    depends on "kotek.core.types.string" (weak)
    depends on "kotek.core.memory.cpu" (weak)
    depends on "kotek.core.main_manager" (weak)
    depends on "kotek.core.engine_config" (weak)
    depends on "kotek.core.containers.dll" (weak)
    depends on "kotek.core.os" (weak)
    depends on "kotek.core.os.win32" (weak)
    depends on "kotek.core.containers.unordered_set" (weak)
    depends on "kotek.core.casting.lexical" (weak)
    depends on "kotek.core.casting.string" (weak)
    depends on "kotek.core.format" (weak)
    depends on "kotek.core.containers.filesystem.path" (weak)
    depends on "kotek.core.enum.render" (weak)
    depends on "kotek.core.enum.render.gl" (weak)
    depends on "kotek.core.enum.render.bgfx" (weak)
    depends on "kotek.core.ecs" (weak)
    depends on "kotek.core.containers.vector" (weak)
    depends on "kotek.core.containers.unordered_map" (weak)
    depends on "kotek.core.defines_dependent.ecs" (weak)
  "kotek.core.defines_dependent.ecs" of type SHARED_LIBRARY
    depends on "kotek.core.containers.string" (weak)
    depends on "kotek.core.types.string" (weak)
    depends on "kotek.core.memory.cpu" (weak)
    depends on "kotek.core.main_manager" (weak)
    depends on "kotek.core.engine_config" (weak)
    depends on "kotek.core.api" (weak)
    depends on "kotek.core.enum" (weak)
    depends on "kotek.core.enum.core" (weak)
    depends on "kotek.core.enum.render" (weak)
    depends on "kotek.core.enum.render.gl" (weak)
    depends on "kotek.core.enum.render.bgfx" (weak)
    depends on "kotek.core.containers.filesystem.path" (weak)
    depends on "kotek.core.os" (weak)
    depends on "kotek.core.os.win32" (weak)
    depends on "kotek.core.casting.lexical" (weak)
    depends on "kotek.core.ecs" (weak)
    depends on "kotek.core.containers.vector" (weak)
    depends on "kotek.core.defines_dependent.assert" (weak)
    depends on "kotek.core.defines_dependent.message" (weak)
    depends on "kotek.core.log" (weak)
    depends on "kotek.core.format" (weak)
    depends on "kotek.core.containers.unordered_map" (weak)
    depends on "kotek.core.containers.dll" (weak)
    depends on "kotek.core.containers.unordered_set" (weak)
    depends on "kotek.core.casting.string" (weak)
  "kotek.core.api" of type SHARED_LIBRARY
    depends on "kotek.core.enum" (weak)
    depends on "kotek.core.enum.core" (weak)
    depends on "kotek.core.containers.string" (weak)
    depends on "kotek.core.types.string" (weak)
    depends on "kotek.core.memory.cpu" (weak)
    depends on "kotek.core.main_manager" (weak)
    depends on "kotek.core.engine_config" (weak)
    depends on "kotek.core.defines_dependent.assert" (weak)
    depends on "kotek.core.defines_dependent.message" (weak)
    depends on "kotek.core.log" (weak)
    depends on "kotek.core.format" (weak)
    depends on "kotek.core.containers.filesystem.path" (weak)
    depends on "kotek.core.os" (weak)
    depends on "kotek.core.os.win32" (weak)
    depends on "kotek.core.casting.lexical" (weak)
    depends on "kotek.core.containers.dll" (weak)
    depends on "kotek.core.containers.unordered_set" (weak)
    depends on "kotek.core.casting.string" (weak)
    depends on "kotek.core.enum.render" (weak)
    depends on "kotek.core.enum.render.gl" (weak)
    depends on "kotek.core.enum.render.bgfx" (weak)
    depends on "kotek.core.ecs" (weak)
    depends on "kotek.core.containers.vector" (weak)
    depends on "kotek.core.containers.unordered_map" (weak)
    depends on "kotek.core.defines_dependent.ecs" (weak)
  "kotek.core.types.string" of type SHARED_LIBRARY
    depends on "kotek.core.memory.cpu" (weak)
    depends on "kotek.core.main_manager" (weak)
    depends on "kotek.core.engine_config" (weak)
    depends on "kotek.core.api" (weak)
    depends on "kotek.core.enum" (weak)
    depends on "kotek.core.enum.core" (weak)
    depends on "kotek.core.containers.string" (weak)
    depends on "kotek.core.casting.lexical" (weak)
    depends on "kotek.core.casting.string" (weak)
    depends on "kotek.core.log" (weak)
    depends on "kotek.core.defines_dependent.assert" (weak)
    depends on "kotek.core.defines_dependent.message" (weak)
    depends on "kotek.core.format" (weak)
    depends on "kotek.core.containers.filesystem.path" (weak)
    depends on "kotek.core.os" (weak)
    depends on "kotek.core.os.win32" (weak)
    depends on "kotek.core.enum.render" (weak)
    depends on "kotek.core.enum.render.gl" (weak)
    depends on "kotek.core.enum.render.bgfx" (weak)
    depends on "kotek.core.ecs" (weak)
    depends on "kotek.core.containers.vector" (weak)
    depends on "kotek.core.containers.unordered_map" (weak)
    depends on "kotek.core.defines_dependent.ecs" (weak)
    depends on "kotek.core.containers.dll" (weak)
    depends on "kotek.core.containers.unordered_set" (weak)
  "kotek.core.casting.lexical" of type SHARED_LIBRARY
    depends on "kotek.core.types.string" (weak)
    depends on "kotek.core.memory.cpu" (weak)
    depends on "kotek.core.main_manager" (weak)
    depends on "kotek.core.engine_config" (weak)
    depends on "kotek.core.api" (weak)
    depends on "kotek.core.enum" (weak)
    depends on "kotek.core.enum.core" (weak)
    depends on "kotek.core.containers.string" (weak)
    depends on "kotek.core.casting.string" (weak)
    depends on "kotek.core.log" (weak)
    depends on "kotek.core.defines_dependent.assert" (weak)
    depends on "kotek.core.defines_dependent.message" (weak)
    depends on "kotek.core.format" (weak)
    depends on "kotek.core.containers.filesystem.path" (weak)
    depends on "kotek.core.os" (weak)
    depends on "kotek.core.os.win32" (weak)
    depends on "kotek.core.enum.render" (weak)
    depends on "kotek.core.enum.render.gl" (weak)
    depends on "kotek.core.enum.render.bgfx" (weak)
    depends on "kotek.core.ecs" (weak)
    depends on "kotek.core.containers.vector" (weak)
    depends on "kotek.core.containers.unordered_map" (weak)
    depends on "kotek.core.defines_dependent.ecs" (weak)
    depends on "kotek.core.containers.dll" (weak)
    depends on "kotek.core.containers.unordered_set" (weak)
  "kotek.core.casting.string" of type SHARED_LIBRARY
    depends on "kotek.core.types.string" (weak)
    depends on "kotek.core.memory.cpu" (weak)
    depends on "kotek.core.main_manager" (weak)
    depends on "kotek.core.engine_config" (weak)
    depends on "kotek.core.api" (weak)
    depends on "kotek.core.enum" (weak)
    depends on "kotek.core.enum.core" (weak)
    depends on "kotek.core.containers.string" (weak)
    depends on "kotek.core.casting.lexical" (weak)
    depends on "kotek.core.format" (weak)
    depends on "kotek.core.containers.filesystem.path" (weak)
    depends on "kotek.core.os" (weak)
    depends on "kotek.core.os.win32" (weak)
    depends on "kotek.core.enum.render" (weak)
    depends on "kotek.core.enum.render.gl" (weak)
    depends on "kotek.core.enum.render.bgfx" (weak)
    depends on "kotek.core.ecs" (weak)
    depends on "kotek.core.containers.vector" (weak)
    depends on "kotek.core.defines_dependent.assert" (weak)
    depends on "kotek.core.defines_dependent.message" (weak)
    depends on "kotek.core.log" (weak)
    depends on "kotek.core.containers.unordered_map" (weak)
    depends on "kotek.core.defines_dependent.ecs" (weak)
    depends on "kotek.core.containers.dll" (weak)
    depends on "kotek.core.containers.unordered_set" (weak)
  "kotek.core.containers.string" of type SHARED_LIBRARY
    depends on "kotek.core.types.string" (weak)
    depends on "kotek.core.memory.cpu" (weak)
    depends on "kotek.core.main_manager" (weak)
    depends on "kotek.core.engine_config" (weak)
    depends on "kotek.core.api" (weak)
    depends on "kotek.core.enum" (weak)
    depends on "kotek.core.enum.core" (weak)
    depends on "kotek.core.enum.render" (weak)
    depends on "kotek.core.enum.render.gl" (weak)
    depends on "kotek.core.enum.render.bgfx" (weak)
    depends on "kotek.core.containers.filesystem.path" (weak)
    depends on "kotek.core.os" (weak)
    depends on "kotek.core.os.win32" (weak)
    depends on "kotek.core.casting.lexical" (weak)
    depends on "kotek.core.ecs" (weak)
    depends on "kotek.core.containers.vector" (weak)
    depends on "kotek.core.defines_dependent.assert" (weak)
    depends on "kotek.core.defines_dependent.message" (weak)
    depends on "kotek.core.log" (weak)
    depends on "kotek.core.format" (weak)
    depends on "kotek.core.containers.unordered_map" (weak)
    depends on "kotek.core.defines_dependent.ecs" (weak)
    depends on "kotek.core.containers.dll" (weak)
    depends on "kotek.core.containers.unordered_set" (weak)
    depends on "kotek.core.casting.string" (weak)
  "kotek.core.containers.dll" of type SHARED_LIBRARY
    depends on "kotek.core.os" (weak)
    depends on "kotek.core.os.win32" (weak)
    depends on "kotek.core.main_manager" (weak)
    depends on "kotek.core.engine_config" (weak)
    depends on "kotek.core.api" (weak)
    depends on "kotek.core.enum" (weak)
    depends on "kotek.core.enum.core" (weak)
    depends on "kotek.core.containers.string" (weak)
    depends on "kotek.core.types.string" (weak)
    depends on "kotek.core.memory.cpu" (weak)
    depends on "kotek.core.casting.lexical" (weak)
    depends on "kotek.core.casting.string" (weak)
    depends on "kotek.core.log" (weak)
    depends on "kotek.core.defines_dependent.assert" (weak)
    depends on "kotek.core.defines_dependent.message" (weak)
    depends on "kotek.core.format" (weak)
    depends on "kotek.core.containers.filesystem.path" (weak)
    depends on "kotek.core.enum.render" (weak)
    depends on "kotek.core.enum.render.gl" (weak)
    depends on "kotek.core.enum.render.bgfx" (weak)
    depends on "kotek.core.ecs" (weak)
    depends on "kotek.core.containers.vector" (weak)
    depends on "kotek.core.containers.unordered_map" (weak)
    depends on "kotek.core.defines_dependent.ecs" (weak)
    depends on "kotek.core.containers.unordered_set" (weak)
  "kotek.core.containers.filesystem.path" of type SHARED_LIBRARY
    depends on "kotek.core.os" (weak)
    depends on "kotek.core.os.win32" (weak)
    depends on "kotek.core.main_manager" (weak)
    depends on "kotek.core.engine_config" (weak)
    depends on "kotek.core.api" (weak)
    depends on "kotek.core.enum" (weak)
    depends on "kotek.core.enum.core" (weak)
    depends on "kotek.core.containers.string" (weak)
    depends on "kotek.core.types.string" (weak)
    depends on "kotek.core.memory.cpu" (weak)
    depends on "kotek.core.casting.lexical" (weak)
    depends on "kotek.core.casting.string" (weak)
    depends on "kotek.core.log" (weak)
    depends on "kotek.core.defines_dependent.assert" (weak)
    depends on "kotek.core.defines_dependent.message" (weak)
    depends on "kotek.core.format" (weak)
    depends on "kotek.core.enum.render" (weak)
    depends on "kotek.core.enum.render.gl" (weak)
    depends on "kotek.core.enum.render.bgfx" (weak)
    depends on "kotek.core.ecs" (weak)
    depends on "kotek.core.containers.vector" (weak)
    depends on "kotek.core.containers.unordered_map" (weak)
    depends on "kotek.core.defines_dependent.ecs" (weak)
    depends on "kotek.core.containers.dll" (weak)
    depends on "kotek.core.containers.unordered_set" (weak)
  "kotek.core.containers.unordered_map" of type SHARED_LIBRARY
    depends on "kotek.core.memory.cpu" (weak)
    depends on "kotek.core.main_manager" (weak)
    depends on "kotek.core.engine_config" (weak)
    depends on "kotek.core.api" (weak)
    depends on "kotek.core.enum" (weak)
    depends on "kotek.core.enum.core" (weak)
    depends on "kotek.core.containers.string" (weak)
    depends on "kotek.core.types.string" (weak)
    depends on "kotek.core.casting.lexical" (weak)
    depends on "kotek.core.casting.string" (weak)
    depends on "kotek.core.log" (weak)
    depends on "kotek.core.defines_dependent.assert" (weak)
    depends on "kotek.core.defines_dependent.message" (weak)
    depends on "kotek.core.format" (weak)
    depends on "kotek.core.containers.filesystem.path" (weak)
    depends on "kotek.core.os" (weak)
    depends on "kotek.core.os.win32" (weak)
    depends on "kotek.core.enum.render" (weak)
    depends on "kotek.core.enum.render.gl" (weak)
    depends on "kotek.core.enum.render.bgfx" (weak)
    depends on "kotek.core.ecs" (weak)
    depends on "kotek.core.containers.vector" (weak)
    depends on "kotek.core.defines_dependent.ecs" (weak)
    depends on "kotek.core.containers.dll" (weak)
    depends on "kotek.core.containers.unordered_set" (weak)
  "kotek.core.containers.unordered_set" of type SHARED_LIBRARY
    depends on "kotek.core.memory.cpu" (weak)
    depends on "kotek.core.main_manager" (weak)
    depends on "kotek.core.engine_config" (weak)
    depends on "kotek.core.api" (weak)
    depends on "kotek.core.enum" (weak)
    depends on "kotek.core.enum.core" (weak)
    depends on "kotek.core.containers.string" (weak)
    depends on "kotek.core.types.string" (weak)
    depends on "kotek.core.casting.lexical" (weak)
    depends on "kotek.core.casting.string" (weak)
    depends on "kotek.core.log" (weak)
    depends on "kotek.core.defines_dependent.assert" (weak)
    depends on "kotek.core.defines_dependent.message" (weak)
    depends on "kotek.core.format" (weak)
    depends on "kotek.core.containers.filesystem.path" (weak)
    depends on "kotek.core.os" (weak)
    depends on "kotek.core.os.win32" (weak)
    depends on "kotek.core.enum.render" (weak)
    depends on "kotek.core.enum.render.gl" (weak)
    depends on "kotek.core.enum.render.bgfx" (weak)
    depends on "kotek.core.ecs" (weak)
    depends on "kotek.core.containers.vector" (weak)
    depends on "kotek.core.containers.unordered_map" (weak)
    depends on "kotek.core.defines_dependent.ecs" (weak)
    depends on "kotek.core.containers.dll" (weak)
  "kotek.core.containers.vector" of type SHARED_LIBRARY
    depends on "kotek.core.memory.cpu" (weak)
    depends on "kotek.core.main_manager" (weak)
    depends on "kotek.core.engine_config" (weak)
    depends on "kotek.core.api" (weak)
    depends on "kotek.core.enum" (weak)
    depends on "kotek.core.enum.core" (weak)
    depends on "kotek.core.containers.string" (weak)
    depends on "kotek.core.types.string" (weak)
    depends on "kotek.core.casting.lexical" (weak)
    depends on "kotek.core.casting.string" (weak)
    depends on "kotek.core.log" (weak)
    depends on "kotek.core.defines_dependent.assert" (weak)
    depends on "kotek.core.defines_dependent.message" (weak)
    depends on "kotek.core.format" (weak)
    depends on "kotek.core.containers.filesystem.path" (weak)
    depends on "kotek.core.os" (weak)
    depends on "kotek.core.os.win32" (weak)
    depends on "kotek.core.enum.render" (weak)
    depends on "kotek.core.enum.render.gl" (weak)
    depends on "kotek.core.enum.render.bgfx" (weak)
    depends on "kotek.core.ecs" (weak)
    depends on "kotek.core.containers.unordered_map" (weak)
    depends on "kotek.core.defines_dependent.ecs" (weak)
    depends on "kotek.core.containers.dll" (weak)
    depends on "kotek.core.containers.unordered_set" (weak)
  "kotek.core.format" of type SHARED_LIBRARY
    depends on "kotek.core.containers.string" (weak)
    depends on "kotek.core.types.string" (weak)
    depends on "kotek.core.memory.cpu" (weak)
    depends on "kotek.core.main_manager" (weak)
    depends on "kotek.core.engine_config" (weak)
    depends on "kotek.core.api" (weak)
    depends on "kotek.core.enum" (weak)
    depends on "kotek.core.enum.core" (weak)
    depends on "kotek.core.enum.render" (weak)
    depends on "kotek.core.enum.render.gl" (weak)
    depends on "kotek.core.enum.render.bgfx" (weak)
    depends on "kotek.core.containers.filesystem.path" (weak)
    depends on "kotek.core.os" (weak)
    depends on "kotek.core.os.win32" (weak)
    depends on "kotek.core.casting.lexical" (weak)
    depends on "kotek.core.ecs" (weak)
    depends on "kotek.core.containers.vector" (weak)
    depends on "kotek.core.defines_dependent.assert" (weak)
    depends on "kotek.core.defines_dependent.message" (weak)
    depends on "kotek.core.log" (weak)
    depends on "kotek.core.containers.unordered_map" (weak)
    depends on "kotek.core.defines_dependent.ecs" (weak)
    depends on "kotek.core.containers.dll" (weak)
    depends on "kotek.core.containers.unordered_set" (weak)
    depends on "kotek.core.casting.string" (weak)
  "kotek.core.memory.cpu" of type SHARED_LIBRARY
    depends on "kotek.core.main_manager" (weak)
    depends on "kotek.core.engine_config" (weak)
    depends on "kotek.core.api" (weak)
    depends on "kotek.core.enum" (weak)
    depends on "kotek.core.enum.core" (weak)
    depends on "kotek.core.containers.string" (weak)
    depends on "kotek.core.types.string" (weak)
    depends on "kotek.core.casting.lexical" (weak)
    depends on "kotek.core.casting.string" (weak)
    depends on "kotek.core.log" (weak)
    depends on "kotek.core.defines_dependent.assert" (weak)
    depends on "kotek.core.defines_dependent.message" (weak)
    depends on "kotek.core.format" (weak)
    depends on "kotek.core.containers.filesystem.path" (weak)
    depends on "kotek.core.os" (weak)
    depends on "kotek.core.os.win32" (weak)
    depends on "kotek.core.enum.render" (weak)
    depends on "kotek.core.enum.render.gl" (weak)
    depends on "kotek.core.enum.render.bgfx" (weak)
    depends on "kotek.core.ecs" (weak)
    depends on "kotek.core.containers.vector" (weak)
    depends on "kotek.core.containers.unordered_map" (weak)
    depends on "kotek.core.defines_dependent.ecs" (weak)
    depends on "kotek.core.containers.dll" (weak)
    depends on "kotek.core.containers.unordered_set" (weak)
  "kotek.core.os" of type SHARED_LIBRARY
    depends on "kotek.core.os.win32" (weak)
    depends on "kotek.core.main_manager" (weak)
    depends on "kotek.core.engine_config" (weak)
    depends on "kotek.core.api" (weak)
    depends on "kotek.core.enum" (weak)
    depends on "kotek.core.enum.core" (weak)
    depends on "kotek.core.containers.string" (weak)
    depends on "kotek.core.types.string" (weak)
    depends on "kotek.core.memory.cpu" (weak)
    depends on "kotek.core.casting.lexical" (weak)
    depends on "kotek.core.casting.string" (weak)
    depends on "kotek.core.log" (weak)
    depends on "kotek.core.defines_dependent.assert" (weak)
    depends on "kotek.core.defines_dependent.message" (weak)
    depends on "kotek.core.format" (weak)
    depends on "kotek.core.containers.filesystem.path" (weak)
    depends on "kotek.core.enum.render" (weak)
    depends on "kotek.core.enum.render.gl" (weak)
    depends on "kotek.core.enum.render.bgfx" (weak)
    depends on "kotek.core.ecs" (weak)
    depends on "kotek.core.containers.vector" (weak)
    depends on "kotek.core.containers.unordered_map" (weak)
    depends on "kotek.core.defines_dependent.ecs" (weak)
    depends on "kotek.core.containers.dll" (weak)
    depends on "kotek.core.containers.unordered_set" (weak)
  "kotek.core.os.win32" of type SHARED_LIBRARY
    depends on "kotek.core.main_manager" (weak)
    depends on "kotek.core.engine_config" (weak)
    depends on "kotek.core.api" (weak)
    depends on "kotek.core.enum" (weak)
    depends on "kotek.core.enum.core" (weak)
    depends on "kotek.core.containers.string" (weak)
    depends on "kotek.core.types.string" (weak)
    depends on "kotek.core.memory.cpu" (weak)
    depends on "kotek.core.casting.lexical" (weak)
    depends on "kotek.core.casting.string" (weak)
    depends on "kotek.core.log" (weak)
    depends on "kotek.core.defines_dependent.assert" (weak)
    depends on "kotek.core.defines_dependent.message" (weak)
    depends on "kotek.core.format" (weak)
    depends on "kotek.core.containers.filesystem.path" (weak)
    depends on "kotek.core.os" (weak)
    depends on "kotek.core.enum.render" (weak)
    depends on "kotek.core.enum.render.gl" (weak)
    depends on "kotek.core.enum.render.bgfx" (weak)
    depends on "kotek.core.ecs" (weak)
    depends on "kotek.core.containers.vector" (weak)
    depends on "kotek.core.containers.unordered_map" (weak)
    depends on "kotek.core.defines_dependent.ecs" (weak)
    depends on "kotek.core.containers.dll" (weak)
    depends on "kotek.core.containers.unordered_set" (weak)
  "kotek.core.log" of type SHARED_LIBRARY
    depends on "kotek.core.api" (weak)
    depends on "kotek.core.enum" (weak)
    depends on "kotek.core.enum.core" (weak)
    depends on "kotek.core.containers.string" (weak)
    depends on "kotek.core.types.string" (weak)
    depends on "kotek.core.memory.cpu" (weak)
    depends on "kotek.core.main_manager" (weak)
    depends on "kotek.core.engine_config" (weak)
    depends on "kotek.core.defines_dependent.assert" (weak)
    depends on "kotek.core.defines_dependent.message" (weak)
    depends on "kotek.core.format" (weak)
    depends on "kotek.core.containers.filesystem.path" (weak)
    depends on "kotek.core.os" (weak)
    depends on "kotek.core.os.win32" (weak)
    depends on "kotek.core.casting.lexical" (weak)
    depends on "kotek.core.containers.dll" (weak)
    depends on "kotek.core.containers.unordered_set" (weak)
    depends on "kotek.core.casting.string" (weak)
    depends on "kotek.core.enum.render" (weak)
    depends on "kotek.core.enum.render.gl" (weak)
    depends on "kotek.core.enum.render.bgfx" (weak)
    depends on "kotek.core.ecs" (weak)
    depends on "kotek.core.containers.vector" (weak)
    depends on "kotek.core.containers.unordered_map" (weak)
    depends on "kotek.core.defines_dependent.ecs" (weak)
  "kotek.core.engine_config" of type SHARED_LIBRARY
    depends on "kotek.core.api" (weak)
    depends on "kotek.core.enum" (weak)
    depends on "kotek.core.enum.core" (weak)
    depends on "kotek.core.containers.string" (weak)
    depends on "kotek.core.types.string" (weak)
    depends on "kotek.core.memory.cpu" (weak)
    depends on "kotek.core.main_manager" (weak)
    depends on "kotek.core.casting.lexical" (weak)
    depends on "kotek.core.casting.string" (weak)
    depends on "kotek.core.log" (weak)
    depends on "kotek.core.defines_dependent.assert" (weak)
    depends on "kotek.core.defines_dependent.message" (weak)
    depends on "kotek.core.format" (weak)
    depends on "kotek.core.containers.filesystem.path" (weak)
    depends on "kotek.core.os" (weak)
    depends on "kotek.core.os.win32" (weak)
    depends on "kotek.core.enum.render" (weak)
    depends on "kotek.core.enum.render.gl" (weak)
    depends on "kotek.core.enum.render.bgfx" (weak)
    depends on "kotek.core.ecs" (weak)
    depends on "kotek.core.containers.vector" (weak)
    depends on "kotek.core.containers.unordered_map" (weak)
    depends on "kotek.core.defines_dependent.ecs" (weak)
    depends on "kotek.core.containers.dll" (weak)
    depends on "kotek.core.containers.unordered_set" (weak)
  "kotek.core.main_manager" of type SHARED_LIBRARY
    depends on "kotek.core.engine_config" (weak)
    depends on "kotek.core.api" (weak)
    depends on "kotek.core.enum" (weak)
    depends on "kotek.core.enum.core" (weak)
    depends on "kotek.core.containers.string" (weak)
    depends on "kotek.core.types.string" (weak)
    depends on "kotek.core.memory.cpu" (weak)
    depends on "kotek.core.casting.lexical" (weak)
    depends on "kotek.core.casting.string" (weak)
    depends on "kotek.core.log" (weak)
    depends on "kotek.core.defines_dependent.assert" (weak)
    depends on "kotek.core.defines_dependent.message" (weak)
    depends on "kotek.core.format" (weak)
    depends on "kotek.core.containers.filesystem.path" (weak)
    depends on "kotek.core.os" (weak)
    depends on "kotek.core.os.win32" (weak)
    depends on "kotek.core.enum.render" (weak)
    depends on "kotek.core.enum.render.gl" (weak)
    depends on "kotek.core.enum.render.bgfx" (weak)
    depends on "kotek.core.ecs" (weak)
    depends on "kotek.core.containers.vector" (weak)
    depends on "kotek.core.containers.unordered_map" (weak)
    depends on "kotek.core.defines_dependent.ecs" (weak)
    depends on "kotek.core.containers.dll" (weak)
    depends on "kotek.core.containers.unordered_set" (weak)
  "kotek.core.ecs" of type SHARED_LIBRARY
    depends on "kotek.core.api" (weak)
    depends on "kotek.core.enum" (weak)
    depends on "kotek.core.enum.core" (weak)
    depends on "kotek.core.containers.string" (weak)
    depends on "kotek.core.types.string" (weak)
    depends on "kotek.core.memory.cpu" (weak)
    depends on "kotek.core.main_manager" (weak)
    depends on "kotek.core.engine_config" (weak)
    depends on "kotek.core.defines_dependent.assert" (weak)
    depends on "kotek.core.defines_dependent.message" (weak)
    depends on "kotek.core.log" (weak)
    depends on "kotek.core.format" (weak)
    depends on "kotek.core.containers.filesystem.path" (weak)
    depends on "kotek.core.os" (weak)
    depends on "kotek.core.os.win32" (weak)
    depends on "kotek.core.casting.lexical" (weak)
    depends on "kotek.core.containers.dll" (weak)
    depends on "kotek.core.containers.unordered_set" (weak)
    depends on "kotek.core.casting.string" (weak)
    depends on "kotek.core.enum.render" (weak)
    depends on "kotek.core.enum.render.gl" (weak)
    depends on "kotek.core.enum.render.bgfx" (weak)
    depends on "kotek.core.containers.vector" (weak)
    depends on "kotek.core.containers.unordered_map" (weak)
    depends on "kotek.core.defines_dependent.ecs" (weak)
  "kotek.core.enum" of type SHARED_LIBRARY
    depends on "kotek.core.enum.core" (weak)
    depends on "kotek.core.containers.string" (weak)
    depends on "kotek.core.types.string" (weak)
    depends on "kotek.core.memory.cpu" (weak)
    depends on "kotek.core.main_manager" (weak)
    depends on "kotek.core.engine_config" (weak)
    depends on "kotek.core.api" (weak)
    depends on "kotek.core.containers.filesystem.path" (weak)
    depends on "kotek.core.os" (weak)
    depends on "kotek.core.os.win32" (weak)
    depends on "kotek.core.casting.lexical" (weak)
    depends on "kotek.core.ecs" (weak)
    depends on "kotek.core.containers.vector" (weak)
    depends on "kotek.core.defines_dependent.assert" (weak)
    depends on "kotek.core.defines_dependent.message" (weak)
    depends on "kotek.core.log" (weak)
    depends on "kotek.core.format" (weak)
    depends on "kotek.core.containers.unordered_map" (weak)
    depends on "kotek.core.defines_dependent.ecs" (weak)
    depends on "kotek.core.containers.dll" (weak)
    depends on "kotek.core.containers.unordered_set" (weak)
    depends on "kotek.core.casting.string" (weak)
    depends on "kotek.core.enum.render" (weak)
    depends on "kotek.core.enum.render.gl" (weak)
    depends on "kotek.core.enum.render.bgfx" (weak)
  "kotek.core.enum.core" of type SHARED_LIBRARY
    depends on "kotek.core.containers.string" (weak)
    depends on "kotek.core.types.string" (weak)
    depends on "kotek.core.memory.cpu" (weak)
    depends on "kotek.core.main_manager" (weak)
    depends on "kotek.core.engine_config" (weak)
    depends on "kotek.core.api" (weak)
    depends on "kotek.core.enum" (weak)
    depends on "kotek.core.enum.render" (weak)
    depends on "kotek.core.enum.render.gl" (weak)
    depends on "kotek.core.enum.render.bgfx" (weak)
    depends on "kotek.core.containers.filesystem.path" (weak)
    depends on "kotek.core.os" (weak)
    depends on "kotek.core.os.win32" (weak)
    depends on "kotek.core.casting.lexical" (weak)
    depends on "kotek.core.ecs" (weak)
    depends on "kotek.core.containers.vector" (weak)
    depends on "kotek.core.defines_dependent.assert" (weak)
    depends on "kotek.core.defines_dependent.message" (weak)
    depends on "kotek.core.log" (weak)
    depends on "kotek.core.format" (weak)
    depends on "kotek.core.containers.unordered_map" (weak)
    depends on "kotek.core.defines_dependent.ecs" (weak)
    depends on "kotek.core.containers.dll" (weak)
    depends on "kotek.core.containers.unordered_set" (weak)
    depends on "kotek.core.casting.string" (weak)
  "kotek.core.enum.render" of type SHARED_LIBRARY
    depends on "kotek.core.enum.render.gl" (weak)
    depends on "kotek.core.containers.string" (weak)
    depends on "kotek.core.types.string" (weak)
    depends on "kotek.core.memory.cpu" (weak)
    depends on "kotek.core.main_manager" (weak)
    depends on "kotek.core.engine_config" (weak)
    depends on "kotek.core.api" (weak)
    depends on "kotek.core.enum" (weak)
    depends on "kotek.core.enum.core" (weak)
    depends on "kotek.core.containers.filesystem.path" (weak)
    depends on "kotek.core.os" (weak)
    depends on "kotek.core.os.win32" (weak)
    depends on "kotek.core.casting.lexical" (weak)
    depends on "kotek.core.ecs" (weak)
    depends on "kotek.core.containers.vector" (weak)
    depends on "kotek.core.defines_dependent.assert" (weak)
    depends on "kotek.core.defines_dependent.message" (weak)
    depends on "kotek.core.log" (weak)
    depends on "kotek.core.format" (weak)
    depends on "kotek.core.containers.unordered_map" (weak)
    depends on "kotek.core.defines_dependent.ecs" (weak)
    depends on "kotek.core.containers.dll" (weak)
    depends on "kotek.core.containers.unordered_set" (weak)
    depends on "kotek.core.casting.string" (weak)
    depends on "kotek.core.enum.render.bgfx" (weak)
  "kotek.core.enum.render.gl" of type SHARED_LIBRARY
    depends on "kotek.core.containers.string" (weak)
    depends on "kotek.core.types.string" (weak)
    depends on "kotek.core.memory.cpu" (weak)
    depends on "kotek.core.main_manager" (weak)
    depends on "kotek.core.engine_config" (weak)
    depends on "kotek.core.api" (weak)
    depends on "kotek.core.enum" (weak)
    depends on "kotek.core.enum.core" (weak)
    depends on "kotek.core.enum.render" (weak)
    depends on "kotek.core.enum.render.bgfx" (weak)
    depends on "kotek.core.containers.filesystem.path" (weak)
    depends on "kotek.core.os" (weak)
    depends on "kotek.core.os.win32" (weak)
    depends on "kotek.core.casting.lexical" (weak)
    depends on "kotek.core.ecs" (weak)
    depends on "kotek.core.containers.vector" (weak)
    depends on "kotek.core.defines_dependent.assert" (weak)
    depends on "kotek.core.defines_dependent.message" (weak)
    depends on "kotek.core.log" (weak)
    depends on "kotek.core.format" (weak)
    depends on "kotek.core.containers.unordered_map" (weak)
    depends on "kotek.core.defines_dependent.ecs" (weak)
    depends on "kotek.core.containers.dll" (weak)
    depends on "kotek.core.containers.unordered_set" (weak)
    depends on "kotek.core.casting.string" (weak)
  "kotek.core.enum.render.bgfx" of type SHARED_LIBRARY
    depends on "kotek.core.containers.string" (weak)
    depends on "kotek.core.types.string" (weak)
    depends on "kotek.core.memory.cpu" (weak)
    depends on "kotek.core.main_manager" (weak)
    depends on "kotek.core.engine_config" (weak)
    depends on "kotek.core.api" (weak)
    depends on "kotek.core.enum" (weak)
    depends on "kotek.core.enum.core" (weak)
    depends on "kotek.core.enum.render" (weak)
    depends on "kotek.core.enum.render.gl" (weak)
    depends on "kotek.core.containers.filesystem.path" (weak)
    depends on "kotek.core.os" (weak)
    depends on "kotek.core.os.win32" (weak)
    depends on "kotek.core.casting.lexical" (weak)
    depends on "kotek.core.ecs" (weak)
    depends on "kotek.core.containers.vector" (weak)
    depends on "kotek.core.defines_dependent.assert" (weak)
    depends on "kotek.core.defines_dependent.message" (weak)
    depends on "kotek.core.log" (weak)
    depends on "kotek.core.format" (weak)
    depends on "kotek.core.containers.unordered_map" (weak)
    depends on "kotek.core.defines_dependent.ecs" (weak)
    depends on "kotek.core.containers.dll" (weak)
    depends on "kotek.core.containers.unordered_set" (weak)
    depends on "kotek.core.casting.string" (weak)
At least one of these targets is not a STATIC_LIBRARY.  Cyclic dependencies are allowed only among static libraries.
CMake Generate step failed.  Build files cannot be regenerated correctly.
